Microchip MPLAB XC8 Compiler V2.05 ()

Linker command line:

-W-3 --edf=C:\Program Files (x86)\Microchip\xc8\v2.05\pic\dat\en_msgs.txt \
  -cs -h+dist/default/production\SQ_04.X.production.sym \
  --cmf=dist/default/production\SQ_04.X.production.cmf -z -Q16LF1559 \
  -oC:\Users\ngodi\AppData\Local\Temp\s6ho.2 --defsym=__MPLAB_BUILD=1 \
  -Mdist/default/production/SQ_04.X.production.map -E1 -ver=XC8 \
  --acfsm=1493 -ASTACK=02190h-021EFh -pstack=STACK -ACODE=00h-07FFhx4 \
  -ASTRCODE=00h-01FFFh -ASTRING=00h-0FFhx32 -ACONST=00h-0FFhx32 \
  -AENTRY=00h-0FFhx32 -ACOMMON=070h-07Fh -ABANK0=020h-06Fh \
  -ABANK1=0A0h-0EFh -ABANK2=0120h-016Fh -ABANK3=01A0h-01EFh \
  -ABANK4=0220h-026Fh -ABANK5=02A0h-02EFh -ABANK6=0320h-032Fh \
  -ABIGRAM=02000h-021EFh \
  -ARAM=020h-06Fh,0A0h-0EFh,0120h-016Fh,01A0h-01EFh,0220h-026Fh,02A0h-02EFh,0320h-032Fh \
  -AABS1=020h-07Fh,0A0h-0EFh,0120h-016Fh,01A0h-01EFh,0220h-026Fh,02A0h-02EFh,0320h-032Fh \
  -ASFR0=00h-01Fh -ASFR1=080h-09Fh -ASFR2=0100h-011Fh -ASFR3=0180h-019Fh \
  -ASFR4=0200h-021Fh -ASFR5=0280h-029Fh -ASFR6=0300h-031Fh \
  -ASFR7=0380h-03EFh -ASFR8=0400h-046Fh -ASFR9=0480h-04EFh \
  -ASFR10=0500h-056Fh -ASFR11=0580h-05EFh -ASFR12=0600h-066Fh \
  -ASFR13=0680h-06EFh -ASFR14=0700h-076Fh -ASFR15=0780h-07EFh \
  -ASFR16=0800h-086Fh -ASFR17=0880h-08EFh -ASFR18=0900h-096Fh \
  -ASFR19=0980h-09EFh -ASFR20=0A00h-0A6Fh -ASFR21=0A80h-0AEFh \
  -ASFR22=0B00h-0B6Fh -ASFR23=0B80h-0BEFh -ASFR24=0C00h-0C6Fh \
  -ASFR25=0C80h-0CEFh -ASFR26=0D00h-0D6Fh -ASFR27=0D80h-0DEFh \
  -ASFR28=0E00h-0E6Fh -ASFR29=0E80h-0EEFh -ASFR30=0F00h-0F6Fh \
  -ASFR31=0F80h-0FEFh -preset_vec=00h,intentry=04h,init,end_init \
  -ppowerup=CODE -pcinit=CODE -pfunctab=ENTRY -ACONFIG=08007h-08008h \
  -pconfig=CONFIG -DCONFIG=2 -AIDLOC=08000h-08003h -pidloc=IDLOC -DIDLOC=2 \
  -DCODE=2 -DSTRCODE=2 -DSTRING=2 -DCONST=2 -DENTRY=2 -k \
  C:\Users\ngodi\AppData\Local\Temp\s6ho.o \
  dist/default/production\SQ_04.X.production.o 

Object code version is 3.11

Machine type is 16LF1559



                Name                               Link     Load   Length Selector   Space Scale
C:\Users\ngodi\AppData\Local\Temp\s6ho.o
                end_init                             26       26        2        8       0
                reset_vec                             0        0        2        0       0
                config                             8007     8007        2    1000E       0
dist/default/production\SQ_04.X.production.o
                cinit                                28       28       35        8       0
                intentry                              4        4       22        8       0
                text123                            1CAC     1CAC       19     3958       0
                text122                            19DD     19DD        3     33BA       0
                text121                            19DA     19DA        1     33B4       0
                text120                            19EF     19EF        4     33DE       0
                text119                            119B     119B       3A     2336       0
                text118                            19DB     19DB        1     33B6       0
                text117                            1A21     1A21        8     3442       0
                text116                            19F7     19F7        5     33EE       0
                text115                            10C3     10C3       35     2186       0
                text114                            1DF5     1DF5       26     3BEA       0
                text113                            1C34     1C34       18     3868       0
                text112                            1260     1260       50     24C0       0
                text111                            1FA0     1FA0       30     3F40       0
                text110                             BF6      BF6       F3     17EC       0
                text109                             95B      95B       DC     12B6       0
                text108                            1BEF     1BEF       17     37DE       0
                text107                             5FD      5FD      151        8       0
                text106                             DE0      DE0      110     1BC0       0
                text105                            1F42     1F42       2F     3E84       0
                text104                            1B54     1B54       11     36A8       0
                text103                            1CC5     1CC5       19     398A       0
                text102                            1C06     1C06       17     380C       0
                text101                            19DC     19DC        1     33B8       0
                text100                            1ABC     1ABC        D     3578       0
                text99                             1AD7     1AD7        F     35AE       0
                text98                             1FD0     1FD0       30     3FA0       0
                text96                             1213     1213       4D     2426       0
                text95                             1D7D     1D7D       1D     3AFA       0
                text94                             1A9D     1A9D        A     353A       0
                text93                             19FC     19FC        6     33F8       0
                text92                             112D     112D       37     225A       0
                text91                             1E1B     1E1B       26     3C36       0
                text90                             1CDE     1CDE       19     39BC       0
                text89                             12B0     12B0       50     2560       0
                text88                             102C     102C       30     2058       0
                text87                              CE9      CE9       F7     19D2       0
                text86                              A37      A37       DF     146E       0
                text85                             1CF7     1CF7       19     39EE       0
                text84                              4AC      4AC      151        8       0
                text83                              EF0      EF0      110     1DE0       0
                text82                             108F     108F       34     211E       0
                text81                             1BAF     1BAF       15     375E       0
                text80                             14CA     14CA       6B     2994       0
                text79                              B16      B16       E0     162C       0
                text78                             1E92     1E92       2B     3D24       0
                text77                             19E0     19E0        3     33C0       0
                text76                             19E3     19E3        3     33C6       0
                text75                             1A31     1A31        9     3462       0
                text74                             1A3A     1A3A        9     3474       0
                text73                             15B9     15B9       87     2B72       0
                text72                             1B65     1B65       12     36CA       0
                text71                             1D10     1D10       1A     3A20       0
                text70                             1300     1300       50     2600       0
                text69                             1AC9     1AC9        E     3592       0
                text68                             1F71     1F71       2F     3EE2       0
                text67                             1640     1640       90     2C80       0
                text66                             1B89     1B89       13     3712       0
                text65                             1164     1164       37     22C8       0
                text64                             1D45     1D45       1C     3A8A       0
                text63                             1EBD     1EBD       2B     3D7A       0
                text62                              800      800        1        8       0
                text61                             1535     1535       84     2A6A       0
                text60                             1464     1464       66     28C8       0
                text59                             1402     1402       62     2804       0
                text58                              802      802       A3     1004       0
                text57                             1C1D     1C1D       17     383A       0
                text56                             1B04     1B04       10     3608       0
                text55                             1350     1350       56     26A0       0
                text54                             1B14     1B14       10     3628       0
                text53                             1B24     1B24       10     3648       0
                text52                             1F14     1F14       2E     3E28       0
                text51                             1AA7     1AA7        A     354E       0
                text50                             1B34     1B34       10     3668       0
                text49                             1AE6     1AE6        F     35CC       0
                text48                             1767     1767       99     2ECE       0
                text47                             1AF5     1AF5        F     35EA       0
                text46                             1B77     1B77       12     36EE       0
                text45                             1AB1     1AB1        B     3562       0
                text44                              8A5      8A5       B6     114A       0
                text43                             1A02     1A02        6     3404       0
                text42                             19E6     19E6        3     33CC       0
                text41                             19E9     19E9        3     33D2       0
                text40                              2C8      2C8      1E4        8       0
                text39                              74E      74E       A6        8       0
                text38                             1A43     1A43        9     3486       0
                text37                             1A4C     1A4C        9     3498       0
                text36                             11D5     11D5       3E     23AA       0
                text35                             13A6     13A6       5C     274C       0
                text34                              801      801        1     1002       0
                text33                             1EE8     1EE8       2C     3DD0       0
                text32                             1A55     1A55        9     34AA       0
                text31                             16D0     16D0       97     2DA0       0
                text30                             1BD9     1BD9       16     37B2       0
                text29                             1A5E     1A5E        9     34BC       0
                text28                             1BC4     1BC4       15     3788       0
                text27                             1E41     1E41       28     3C82       0
                text26                             1C4C     1C4C       18     3898       0
                text25                             19EC     19EC        3     33D8       0
                text24                                2        2        2        0       0
                text23                             1D61     1D61       1C     3AC2       0
                text22                             1A67     1A67        9     34CE       0
                text21                             1A70     1A70        9     34E0       0
                text20                             1A79     1A79        9     34F2       0
                text19                             1A82     1A82        9     3504       0
                text18                             10F8     10F8       35     21F0       0
                text17                             1000     1000       2C     1DE0       0
                text16                             1D9A     1D9A       1D     3B34       0
                text15                             1B9C     1B9C       13     3738       0
                text14                             1C64     1C64       18     38C8       0
                text13                             1B44     1B44       10     3688       0
                text12                              7F4      7F4        C        8       0
                text11                             1A08     1A08        6     3410       0
                text10                             1DB7     1DB7       1D     3B6E       0
                text9                              1A8B     1A8B        9     3516       0
                text8                              1C7C     1C7C       18     38F8       0
                text7                              1A94     1A94        9     3528       0
                text6                              1D2A     1D2A       1B     3A54       0
                text5                              1A29     1A29        8     3452       0
                text4                              19F3     19F3        4     33E6       0
                text3                              1C94     1C94       18     3928       0
                text2                              105C     105C       33     20B8       0
                text1                              1E69     1E69       29     3CD2       0
                maintext                             5D       5D      26B        8       0
                cstackBANK0                          20       20       4E       20       1
                cstackCOMMON                         70       70        E       70       1
                cstackBANK1                          A0       A0       4F       A0       1
                cstackBANK2                         140      140       1D      120       1
                cstackBANK3                         1D7      1D7        4      1A0       1
                clrtext                            1A0E     1A0E        6     341C       0
                inittext                           1A14     1A14        6     3428       0
                bssBANK4                            220      220       50      220       1
                dataBANK3                           1A0      1A0       21      1A0       1
                bssBANK3                            1C1      1C1       10      1A0       1
                dataBANK2                           166      166        7      120       1
                bssBANK2                            120      120       20      120       1
                bssBANK0                             6E       6E        2       20       1
                stringtext7                        1856     1856        3     3000       0
                stringtext6                        1847     1847        6     3000       0
                stringtext5                        183E     183E        9     3000       0
                stringtext4                        1830     1830        E     3000       0
                nvBANK3                             1D1      1D1        6      1A0       1
                nvBANK2                             15D      15D        9      120       1
                stringtext3                        1800     1800       30     3000       0
                stringtext2                        1852     1852        4     3000       0
                stringtext1                        184D     184D        5     3000       0
                idataBANK3                         1DD4     1DD4       21     3BA8       0
                idataBANK2                         1A1A     1A1A        7     3434       0

TOTAL           Name                               Link     Load   Length     Space
        CLASS   STACK          

        CLASS   CODE           
                end_init                             26       26        2         0
                cinit                                28       28       35         0
                intentry                              4        4       22         0
                reset_vec                             0        0        2         0
                text123                            1CAC     1CAC       19         0
                text122                            19DD     19DD        3         0
                text121                            19DA     19DA        1         0
                text120                            19EF     19EF        4         0
                text119                            119B     119B       3A         0
                text118                            19DB     19DB        1         0
                text117                            1A21     1A21        8         0
                text116                            19F7     19F7        5         0
                text115                            10C3     10C3       35         0
                text114                            1DF5     1DF5       26         0
                text113                            1C34     1C34       18         0
                text112                            1260     1260       50         0
                text111                            1FA0     1FA0       30         0
                text110                             BF6      BF6       F3         0
                text109                             95B      95B       DC         0
                text108                            1BEF     1BEF       17         0
                text107                             5FD      5FD      151         0
                text106                             DE0      DE0      110         0
                text105                            1F42     1F42       2F         0
                text104                            1B54     1B54       11         0
                text103                            1CC5     1CC5       19         0
                text102                            1C06     1C06       17         0
                text101                            19DC     19DC        1         0
                text100                            1ABC     1ABC        D         0
                text99                             1AD7     1AD7        F         0
                text98                             1FD0     1FD0       30         0
                text96                             1213     1213       4D         0
                text95                             1D7D     1D7D       1D         0
                text94                             1A9D     1A9D        A         0
                text93                             19FC     19FC        6         0
                text92                             112D     112D       37         0
                text91                             1E1B     1E1B       26         0
                text90                             1CDE     1CDE       19         0
                text89                             12B0     12B0       50         0
                text88                             102C     102C       30         0
                text87                              CE9      CE9       F7         0
                text86                              A37      A37       DF         0
                text85                             1CF7     1CF7       19         0
                text84                              4AC      4AC      151         0
                text83                              EF0      EF0      110         0
                text82                             108F     108F       34         0
                text81                             1BAF     1BAF       15         0
                text80                             14CA     14CA       6B         0
                text79                              B16      B16       E0         0
                text78                             1E92     1E92       2B         0
                text77                             19E0     19E0        3         0
                text76                             19E3     19E3        3         0
                text75                             1A31     1A31        9         0
                text74                             1A3A     1A3A        9         0
                text73                             15B9     15B9       87         0
                text72                             1B65     1B65       12         0
                text71                             1D10     1D10       1A         0
                text70                             1300     1300       50         0
                text69                             1AC9     1AC9        E         0
                text68                             1F71     1F71       2F         0
                text67                             1640     1640       90         0
                text66                             1B89     1B89       13         0
                text65                             1164     1164       37         0
                text64                             1D45     1D45       1C         0
                text63                             1EBD     1EBD       2B         0
                text62                              800      800        1         0
                text61                             1535     1535       84         0
                text60                             1464     1464       66         0
                text59                             1402     1402       62         0
                text58                              802      802       A3         0
                text57                             1C1D     1C1D       17         0
                text56                             1B04     1B04       10         0
                text55                             1350     1350       56         0
                text54                             1B14     1B14       10         0
                text53                             1B24     1B24       10         0
                text52                             1F14     1F14       2E         0
                text51                             1AA7     1AA7        A         0
                text50                             1B34     1B34       10         0
                text49                             1AE6     1AE6        F         0
                text48                             1767     1767       99         0
                text47                             1AF5     1AF5        F         0
                text46                             1B77     1B77       12         0
                text45                             1AB1     1AB1        B         0
                text44                              8A5      8A5       B6         0
                text43                             1A02     1A02        6         0
                text42                             19E6     19E6        3         0
                text41                             19E9     19E9        3         0
                text40                              2C8      2C8      1E4         0
                text39                              74E      74E       A6         0
                text38                             1A43     1A43        9         0
                text37                             1A4C     1A4C        9         0
                text36                             11D5     11D5       3E         0
                text35                             13A6     13A6       5C         0
                text34                              801      801        1         0
                text33                             1EE8     1EE8       2C         0
                text32                             1A55     1A55        9         0
                text31                             16D0     16D0       97         0
                text30                             1BD9     1BD9       16         0
                text29                             1A5E     1A5E        9         0
                text28                             1BC4     1BC4       15         0
                text27                             1E41     1E41       28         0
                text26                             1C4C     1C4C       18         0
                text25                             19EC     19EC        3         0
                text24                                2        2        2         0
                text23                             1D61     1D61       1C         0
                text22                             1A67     1A67        9         0
                text21                             1A70     1A70        9         0
                text20                             1A79     1A79        9         0
                text19                             1A82     1A82        9         0
                text18                             10F8     10F8       35         0
                text17                             1000     1000       2C         0
                text16                             1D9A     1D9A       1D         0
                text15                             1B9C     1B9C       13         0
                text14                             1C64     1C64       18         0
                text13                             1B44     1B44       10         0
                text12                              7F4      7F4        C         0
                text11                             1A08     1A08        6         0
                text10                             1DB7     1DB7       1D         0
                text9                              1A8B     1A8B        9         0
                text8                              1C7C     1C7C       18         0
                text7                              1A94     1A94        9         0
                text6                              1D2A     1D2A       1B         0
                text5                              1A29     1A29        8         0
                text4                              19F3     19F3        4         0
                text3                              1C94     1C94       18         0
                text2                              105C     105C       33         0
                text1                              1E69     1E69       29         0
                maintext                             5D       5D      26B         0
                clrtext                            1A0E     1A0E        6         0
                inittext                           1A14     1A14        6         0
                idataBANK3                         1DD4     1DD4       21         0
                idataBANK2                         1A1A     1A1A        7         0

        CLASS   STRCODE        
                stringtext7                        1856     1856        3         0
                stringtext6                        1847     1847        6         0
                stringtext5                        183E     183E        9         0
                stringtext4                        1830     1830        E         0
                stringtext3                        1800     1800       30         0
                stringtext2                        1852     1852        4         0
                stringtext1                        184D     184D        5         0

        CLASS   STRING         

        CLASS   CONST          

        CLASS   ENTRY          

        CLASS   COMMON         
                cstackCOMMON                         70       70        E         1

        CLASS   BANK0          
                cstackBANK0                          20       20       4E         1
                bssBANK0                             6E       6E        2         1

        CLASS   BANK1          
                cstackBANK1                          A0       A0       4F         1

        CLASS   BANK2          
                cstackBANK2                         140      140       1D         1
                dataBANK2                           166      166        7         1
                bssBANK2                            120      120       20         1
                nvBANK2                             15D      15D        9         1

        CLASS   BANK3          
                cstackBANK3                         1D7      1D7        4         1
                dataBANK3                           1A0      1A0       21         1
                bssBANK3                            1C1      1C1       10         1
                nvBANK3                             1D1      1D1        6         1

        CLASS   BANK4          
                bssBANK4                            220      220       50         1

        CLASS   BANK5          

        CLASS   BANK6          

        CLASS   BIGRAM         

        CLASS   RAM            

        CLASS   ABS1           
                abs_s1                               7E       7E        2         1

        CLASS   SFR0           

        CLASS   SFR1           

        CLASS   SFR2           

        CLASS   SFR3           

        CLASS   SFR4           

        CLASS   SFR5           

        CLASS   SFR6           

        CLASS   SFR7           

        CLASS   SFR8           

        CLASS   SFR9           

        CLASS   SFR10          

        CLASS   SFR11          

        CLASS   SFR12          

        CLASS   SFR13          

        CLASS   SFR14          

        CLASS   SFR15          

        CLASS   SFR16          

        CLASS   SFR17          

        CLASS   SFR18          

        CLASS   SFR19          

        CLASS   SFR20          

        CLASS   SFR21          

        CLASS   SFR22          

        CLASS   SFR23          

        CLASS   SFR24          

        CLASS   SFR25          

        CLASS   SFR26          

        CLASS   SFR27          

        CLASS   SFR28          

        CLASS   SFR29          

        CLASS   SFR30          

        CLASS   SFR31          

        CLASS   CONFIG         
                config                             8007     8007        2         0

        CLASS   IDLOC          

        CLASS   BANK31         

        CLASS   BANK30         

        CLASS   BANK29         

        CLASS   BANK28         

        CLASS   BANK27         

        CLASS   BANK26         

        CLASS   BANK25         

        CLASS   BANK24         

        CLASS   BANK23         

        CLASS   BANK22         

        CLASS   BANK21         

        CLASS   BANK20         

        CLASS   BANK19         

        CLASS   BANK18         

        CLASS   BANK17         

        CLASS   BANK16         

        CLASS   BANK15         

        CLASS   BANK14         

        CLASS   BANK13         

        CLASS   BANK12         

        CLASS   BANK11         

        CLASS   BANK10         

        CLASS   BANK9          

        CLASS   BANK8          

        CLASS   BANK7          

        CLASS   EEDATA         



SEGMENTS        Name                           Load    Length   Top    Selector   Space  Class     Delta

                reset_vec                      000000  000004  000004         0       0  CODE        2
                intentry                       000004  0007FD  000801         8       0  CODE        2
                cstackBANK0                    000020  000050  000070        20       1  BANK0       1
                cstackCOMMON                   000070  00000E  00007E        70       1  COMMON      1
                cstackBANK1                    0000A0  00004F  0000EF        A0       1  BANK1       1
                bssBANK2                       000120  00004D  00016D       120       1  BANK2       1
                dataBANK3                      0001A0  00003B  0001DB       1A0       1  BANK3       1
                bssBANK4                       000220  000050  000270       220       1  BANK4       1
                text34                         000801  000001  000802      1002       0  CODE        2
                text58                         000802  0000A3  0008A5      1004       0  CODE        2
                text44                         0008A5  0000B6  00095B      114A       0  CODE        2
                text109                        00095B  0000DC  000A37      12B6       0  CODE        2
                text86                         000A37  0000DF  000B16      146E       0  CODE        2
                text79                         000B16  0000E0  000BF6      162C       0  CODE        2
                text110                        000BF6  0000F3  000CE9      17EC       0  CODE        2
                text87                         000CE9  0000F7  000DE0      19D2       0  CODE        2
                text106                        000DE0  000110  000EF0      1BC0       0  CODE        2
                text83                         000EF0  00013C  00102C      1DE0       0  CODE        2
                text88                         00102C  000030  00105C      2058       0  CODE        2
                text2                          00105C  000033  00108F      20B8       0  CODE        2
                text82                         00108F  000034  0010C3      211E       0  CODE        2
                text115                        0010C3  000035  0010F8      2186       0  CODE        2
                text18                         0010F8  000035  00112D      21F0       0  CODE        2
                text92                         00112D  000037  001164      225A       0  CODE        2
                text65                         001164  000037  00119B      22C8       0  CODE        2
                text119                        00119B  00003A  0011D5      2336       0  CODE        2
                text36                         0011D5  00003E  001213      23AA       0  CODE        2
                text96                         001213  00004D  001260      2426       0  CODE        2
                text112                        001260  000050  0012B0      24C0       0  CODE        2
                text89                         0012B0  000050  001300      2560       0  CODE        2
                text70                         001300  000050  001350      2600       0  CODE        2
                text55                         001350  000056  0013A6      26A0       0  CODE        2
                text35                         0013A6  00005C  001402      274C       0  CODE        2
                text59                         001402  000062  001464      2804       0  CODE        2
                text60                         001464  000066  0014CA      28C8       0  CODE        2
                text80                         0014CA  00006B  001535      2994       0  CODE        2
                text61                         001535  000084  0015B9      2A6A       0  CODE        2
                text73                         0015B9  000087  001640      2B72       0  CODE        2
                text67                         001640  000090  0016D0      2C80       0  CODE        2
                text31                         0016D0  000097  001767      2DA0       0  CODE        2
                text48                         001767  000099  001800      2ECE       0  CODE        2
                stringtext3                    001800  000059  001859      3000       0  STRCODE     2
                text121                        0019DA  000001  0019DB      33B4       0  CODE        2
                text118                        0019DB  000001  0019DC      33B6       0  CODE        2
                text101                        0019DC  000001  0019DD      33B8       0  CODE        2
                text122                        0019DD  000003  0019E0      33BA       0  CODE        2
                text77                         0019E0  000003  0019E3      33C0       0  CODE        2
                text76                         0019E3  000003  0019E6      33C6       0  CODE        2
                text42                         0019E6  000003  0019E9      33CC       0  CODE        2
                text41                         0019E9  000003  0019EC      33D2       0  CODE        2
                text25                         0019EC  000003  0019EF      33D8       0  CODE        2
                text120                        0019EF  000004  0019F3      33DE       0  CODE        2
                text4                          0019F3  000004  0019F7      33E6       0  CODE        2
                text116                        0019F7  000005  0019FC      33EE       0  CODE        2
                text93                         0019FC  000006  001A02      33F8       0  CODE        2
                text43                         001A02  000006  001A08      3404       0  CODE        2
                text11                         001A08  000006  001A0E      3410       0  CODE        2
                clrtext                        001A0E  000006  001A14      341C       0  CODE        2
                inittext                       001A14  000006  001A1A      3428       0  CODE        2
                idataBANK2                     001A1A  000007  001A21      3434       0  CODE        2
                text117                        001A21  000008  001A29      3442       0  CODE        2
                text5                          001A29  000008  001A31      3452       0  CODE        2
                text75                         001A31  000009  001A3A      3462       0  CODE        2
                text74                         001A3A  000009  001A43      3474       0  CODE        2
                text38                         001A43  000009  001A4C      3486       0  CODE        2
                text37                         001A4C  000009  001A55      3498       0  CODE        2
                text32                         001A55  000009  001A5E      34AA       0  CODE        2
                text29                         001A5E  000009  001A67      34BC       0  CODE        2
                text22                         001A67  000009  001A70      34CE       0  CODE        2
                text21                         001A70  000009  001A79      34E0       0  CODE        2
                text20                         001A79  000009  001A82      34F2       0  CODE        2
                text19                         001A82  000009  001A8B      3504       0  CODE        2
                text9                          001A8B  000009  001A94      3516       0  CODE        2
                text7                          001A94  000009  001A9D      3528       0  CODE        2
                text94                         001A9D  00000A  001AA7      353A       0  CODE        2
                text51                         001AA7  00000A  001AB1      354E       0  CODE        2
                text45                         001AB1  00000B  001ABC      3562       0  CODE        2
                text100                        001ABC  00000D  001AC9      3578       0  CODE        2
                text69                         001AC9  00000E  001AD7      3592       0  CODE        2
                text99                         001AD7  00000F  001AE6      35AE       0  CODE        2
                text49                         001AE6  00000F  001AF5      35CC       0  CODE        2
                text47                         001AF5  00000F  001B04      35EA       0  CODE        2
                text56                         001B04  000010  001B14      3608       0  CODE        2
                text54                         001B14  000010  001B24      3628       0  CODE        2
                text53                         001B24  000010  001B34      3648       0  CODE        2
                text50                         001B34  000010  001B44      3668       0  CODE        2
                text13                         001B44  000010  001B54      3688       0  CODE        2
                text104                        001B54  000011  001B65      36A8       0  CODE        2
                text72                         001B65  000012  001B77      36CA       0  CODE        2
                text46                         001B77  000012  001B89      36EE       0  CODE        2
                text66                         001B89  000013  001B9C      3712       0  CODE        2
                text15                         001B9C  000013  001BAF      3738       0  CODE        2
                text81                         001BAF  000015  001BC4      375E       0  CODE        2
                text28                         001BC4  000015  001BD9      3788       0  CODE        2
                text30                         001BD9  000016  001BEF      37B2       0  CODE        2
                text108                        001BEF  000017  001C06      37DE       0  CODE        2
                text102                        001C06  000017  001C1D      380C       0  CODE        2
                text57                         001C1D  000017  001C34      383A       0  CODE        2
                text113                        001C34  000018  001C4C      3868       0  CODE        2
                text26                         001C4C  000018  001C64      3898       0  CODE        2
                text14                         001C64  000018  001C7C      38C8       0  CODE        2
                text8                          001C7C  000018  001C94      38F8       0  CODE        2
                text3                          001C94  000018  001CAC      3928       0  CODE        2
                text123                        001CAC  000019  001CC5      3958       0  CODE        2
                text103                        001CC5  000019  001CDE      398A       0  CODE        2
                text90                         001CDE  000019  001CF7      39BC       0  CODE        2
                text85                         001CF7  000019  001D10      39EE       0  CODE        2
                text71                         001D10  00001A  001D2A      3A20       0  CODE        2
                text6                          001D2A  00001B  001D45      3A54       0  CODE        2
                text64                         001D45  00001C  001D61      3A8A       0  CODE        2
                text23                         001D61  00001C  001D7D      3AC2       0  CODE        2
                text95                         001D7D  00001D  001D9A      3AFA       0  CODE        2
                text16                         001D9A  00001D  001DB7      3B34       0  CODE        2
                text10                         001DB7  00001D  001DD4      3B6E       0  CODE        2
                idataBANK3                     001DD4  000021  001DF5      3BA8       0  CODE        2
                text114                        001DF5  000026  001E1B      3BEA       0  CODE        2
                text91                         001E1B  000026  001E41      3C36       0  CODE        2
                text27                         001E41  000028  001E69      3C82       0  CODE        2
                text1                          001E69  000029  001E92      3CD2       0  CODE        2
                text78                         001E92  00002B  001EBD      3D24       0  CODE        2
                text63                         001EBD  00002B  001EE8      3D7A       0  CODE        2
                text33                         001EE8  00002C  001F14      3DD0       0  CODE        2
                text52                         001F14  00002E  001F42      3E28       0  CODE        2
                text105                        001F42  00002F  001F71      3E84       0  CODE        2
                text68                         001F71  00002F  001FA0      3EE2       0  CODE        2
                text111                        001FA0  000030  001FD0      3F40       0  CODE        2
                text98                         001FD0  000030  002000      3FA0       0  CODE        2
                config                         008007  000002  008009     1000E       0  CONFIG      2


UNUSED ADDRESS RANGES

        Name                Unused          Largest block    Delta
        BANK1            000EF-000EF               1           1
        BANK2            0016D-0016F               3           1
        BANK3            001DB-001EF              15           1
        BANK5            002A0-002EF              50           1
        BANK6            00320-0032F              10           1
        BIGRAM           02000-021EF             1F0           1
        CODE             01859-019D9             181           2
        CONST            01859-019D9              A7           2
        ENTRY            01859-019D9              A7           2
        IDLOC            08000-08003               4           2
        RAM              000EF-000EF               1           1
                         0016D-0016F               3
                         001DB-001EF              15
                         002A0-002EF              50
                         00320-0032F              10
        SFR0             00000-0001F              20           1
        SFR1             00080-0009F              20           1
        SFR10            00500-0056F              70           1
        SFR11            00580-005EF              70           1
        SFR12            00600-0066F              70           1
        SFR13            00680-006EF              70           1
        SFR14            00700-0076F              70           1
        SFR15            00780-007EF              70           1
        SFR16            00800-0086F              70           1
        SFR17            00880-008EF              70           1
        SFR18            00900-0096F              70           1
        SFR19            00980-009EF              70           1
        SFR2             00100-0011F              20           1
        SFR20            00A00-00A6F              70           1
        SFR21            00A80-00AEF              70           1
        SFR22            00B00-00B6F              70           1
        SFR23            00B80-00BEF              70           1
        SFR24            00C00-00C6F              70           1
        SFR25            00C80-00CEF              70           1
        SFR26            00D00-00D6F              70           1
        SFR27            00D80-00DEF              70           1
        SFR28            00E00-00E6F              70           1
        SFR29            00E80-00EEF              70           1
        SFR3             00180-0019F              20           1
        SFR30            00F00-00F6F              70           1
        SFR31            00F80-00FEF              70           1
        SFR4             00200-0021F              20           1
        SFR5             00280-0029F              20           1
        SFR6             00300-0031F              20           1
        SFR7             00380-003EF              70           1
        SFR8             00400-0046F              70           1
        SFR9             00480-004EF              70           1
        STACK            02190-021EF              60           1
        STRCODE          01859-019D9             181           2
        STRING           01859-019D9              A7           2

                                  Symbol Table

?_MTOUCH_Sensor_RawSample_Get                         cstackBANK1  000A5
?___aodiv                                             cstackBANK1  000A1
?___aomod                                             cstackBANK1  000A1
?_abs                                                 cstackBANK1  000B4
?_ctoa                                                cstackBANK1  000BC
?_dtoa                                                cstackBANK1  000BC
?_pad                                                 cstackBANK1  000B3
?_printf                                              cstackBANK2  00145
?_strlen                                              cstackBANK1  000A1
?_vfpfcnvrt                                           cstackBANK1  000DA
?_vfprintf                                            cstackBANK1  000EB
?i1___aodiv                                           cstackBANK0  00020
?i1___aomod                                           cstackBANK0  00020
?i1_abs                                               cstackCOMMON 00073
?i1_ctoa                                              cstackBANK0  0002D
?i1_dtoa                                              cstackBANK0  00030
?i1_pad                                               cstackBANK0  00024
?i1_printf                                            cstackBANK0  00069
?i1_strlen                                            cstackCOMMON 00070
?i1_vfpfcnvrt                                         cstackBANK0  0004E
?i1_vfprintf                                          cstackBANK0  00061
Button_Baseline_Initialize@button                     cstackBANK1  000AD
Button_Baseline_Update@button                         cstackBANK1  000A7
Button_Deviation_Update@button                        cstackBANK1  000AB
Button_Deviation_Update@deviation                     cstackBANK1  000AC
Button_Reading_Update@button                          cstackBANK1  000AC
Button_Reading_Update_Helper@button                   cstackBANK1  000AB
Button_Service@button                                 cstackBANK2  00157
Button_Service@name                                   cstackBANK2  00156
Button_State_Initializing@button                      cstackBANK2  0014F
Button_State_NotPressed@button                        cstackBANK2  0014F
Button_State_Pressed@button                           cstackBANK2  0014F
Button_Tick_helper@button                             cstackBANK1  000A3
DATA_PROCESS@x                                        cstackBANK2  0014E
EUSART_Read@readValue                                 cstackBANK1  000A2
EUSART_SetErrorHandler@interruptHandler               cstackBANK1  000A1
EUSART_SetFramingErrorHandler@interruptHandler        cstackBANK1  000A1
EUSART_SetOverrunErrorHandler@interruptHandler        cstackBANK1  000A1
EUSART_SetRxInterruptHandler@interruptHandler         cstackBANK1  000A1
EUSART_Write@txData                                   cstackBANK1  000A1
LED_PROCESS@blue                                      cstackBANK1  000A1
LED_PROCESS@led_name                                  cstackBANK1  000A5
LED_PROCESS@red                                       cstackBANK1  000A2
MTOUCH_Button_Initialize@button                       cstackBANK1  000AA
MTOUCH_Button_Initialize@name                         cstackBANK1  000A9
MTOUCH_Button_InitializeAll@button                    cstackBANK1  000AC
MTOUCH_Button_ServiceAll@button                       cstackBANK2  00159
MTOUCH_Button_SetNotPressedCallback@callback          cstackBANK1  000A1
MTOUCH_Button_SetPressedCallback@callback             cstackBANK1  000A1
MTOUCH_Button_Tick@i                                  cstackBANK1  000A5
MTOUCH_Button_isPressed@name                          cstackBANK1  000A2
MTOUCH_Sensor_Calibrate@sensor                        cstackBANK1  000A6
MTOUCH_Sensor_Enable@sensor                           cstackBANK1  000A6
MTOUCH_Sensor_Initialize@sensor                       cstackBANK1  000A8
MTOUCH_Sensor_InitializeAll@sensor                    cstackBANK1  000AA
MTOUCH_Sensor_RawSample_Get@name                      cstackBANK1  000A8
MTOUCH_Sensor_SampleAll@group                         cstackBANK1  000E6
MTOUCH_Sensor_Sampled_ResetAll@sensor                 cstackBANK1  000A3
MTOUCH_Sensor_isCalibrated@sensor                     cstackBANK1  000A6
MTOUCH_Sensor_wasSampled@sensor                       cstackBANK1  000A6
PROCESS_RELAY@relay_1                                 cstackBANK1  000A3
PROCESS_RELAY@relay_2                                 cstackBANK1  000A1
PROCESS_RELAY@relay_3                                 cstackBANK1  000A2
Sensor_Acq_ExecutePacket@AD1CON2_temp                 cstackBANK1  000C1
Sensor_Acq_ExecutePacket@AD2CON2_temp                 cstackBANK1  000C2
Sensor_Acq_ExecutePacket@ADCOMCON_temp                cstackBANK1  000C0
Sensor_Acq_ExecutePacket@ADxIF_flag                   cstackBANK1  000C5
Sensor_Acq_ExecutePacket@activeSensor                 cstackBANK1  000C6
Sensor_Acq_ExecutePacket@last_a                       cstackBANK1  000C7
Sensor_Acq_ExecutePacket@last_b                       cstackBANK1  000C9
Sensor_Acq_ExecutePacket@packet_counter               cstackBANK1  000CB
Sensor_Acq_ExecutePacket@sensor1ForceEnabled          cstackBANK1  000C3
Sensor_Acq_ExecutePacket@sensor2ForceEnabled          cstackBANK1  000C4
Sensor_Acq_ExecutePacket@sensor_adc1                  cstackBANK1  000CC
Sensor_Acq_ExecutePacket@sensor_adc2                  cstackBANK1  000BE
Sensor_Acquisition@retry                              cstackBANK1  000DC
Sensor_Acquisition@sensor_adc1                        cstackBANK1  000DD
Sensor_Acquisition@sensor_adc2                        cstackBANK1  000DA
Sensor_DefaultCallback@sensor                         cstackBANK1  000A1
Sensor_RawSample_Update@adcIndex                      cstackBANK1  000A6
Sensor_RawSample_Update@sensor                        cstackBANK1  000A7
Sensor_Sampled_Reset@sensor                           cstackBANK1  000A1
Sensor_Scanfrequency_Evaluation@best_packet_sample    cstackBANK1  000D5
Sensor_Scanfrequency_Evaluation@best_sample_period    cstackBANK1  000D3
Sensor_Scanfrequency_Evaluation@frequency_hop         stringtext1  0184D
Sensor_Scanfrequency_Evaluation@i                     cstackBANK1  000D9
Sensor_Scanfrequency_Evaluation@packet_noise_Max      cstackBANK1  000D1
Sensor_Scanfrequency_Evaluation@retry                 cstackBANK1  000D4
Sensor_Scanfrequency_Evaluation@sensor_adc1           cstackBANK1  000D0
Sensor_Scanfrequency_Evaluation@sensor_adc2           cstackBANK1  000CD
Sensor_Service@error                                  cstackBANK1  000E2
Sensor_Service@scanGroup                              cstackBANK1  000E1
Sensor_Service@sensor_adc1                            cstackBANK1  000E3
Sensor_Service@sensor_adc2                            cstackBANK1  000E4
Sensor_autoCalibration@adcIndex                       cstackBANK1  000BC
Sensor_autoCalibration@sensor                         cstackBANK1  000BD
Sensor_getScanGroupIndex@sensor                       cstackBANK1  000A3
Sensor_getScanGroupIndex@sensorGroup                  cstackBANK1  000A4
Sensor_isActive@sensor                                cstackBANK1  000A1
Sensor_isCalibrated@sensor                            cstackBANK1  000A1
Sensor_isCalibratingAcqTime@sensor                    cstackBANK1  000A1
Sensor_isEnabled@sensor                               cstackBANK1  000A2
Sensor_loadADCSettings@adc_index                      cstackBANK1  000A2
Sensor_loadADCSettings@addressOffset                  cstackBANK1  000A8
Sensor_loadADCSettings@sensor                         cstackBANK1  000A9
Sensor_postAcquisitionProcess@adcIndex                cstackBANK1  000B9
Sensor_postAcquisitionProcess@deviation               cstackBANK1  000BA
Sensor_postAcquisitionProcess@sensor                  cstackBANK1  000BC
Sensor_setActive@sensor                               cstackBANK1  000A1
Sensor_setCalibratAcqTime@sensor                      cstackBANK1  000A1
Sensor_setCalibrated@sensor                           cstackBANK1  000A1
Sensor_setInactive@sensor                             cstackBANK1  000A1
Sensor_setSampled@sensor                              cstackBANK1  000A1
TMR0_ISR@CountCallBack                                bssBANK2     00132
TMR0_SetInterruptHandler@InterruptHandler             cstackBANK1  000A1
TMR1_ISR@CountCallBack                                bssBANK2     00130
TMR1_SetInterruptHandler@InterruptHandler             cstackBANK1  000A1
TMR1_WriteTimer@timerVal                              cstackCOMMON 00070
TMR2_LoadPeriodRegister@periodVal                     cstackBANK1  000A1
_AAD1CAP                                              (abs)        00719
_AAD1CON2                                             (abs)        00713
_AAD1CON3                                             (abs)        00714
_AAD1GRD                                              (abs)        00718
_AAD1RES0                                             (abs)        0071A
_AAD2CON3                                             (abs)        00794
_AAD2GRD                                              (abs)        00798
_AAD2RES0                                             (abs)        0079A
_AD1ACQCON                                            (abs)        00717
_AD1CON0                                              (abs)        00711
_AD1CON0bits                                          (abs)        00711
_AD1CON2                                              (abs)        00713
_AD1CON3                                              (abs)        00714
_AD1PRECON                                            (abs)        00716
_AD2ACQCON                                            (abs)        00797
_AD2CON0                                              (abs)        00791
_AD2CON0bits                                          (abs)        00791
_AD2CON2                                              (abs)        00793
_AD2CON3                                              (abs)        00794
_AD2PRECON                                            (abs)        00796
_ADCOMCON                                             (abs)        00712
_ANSELA                                               (abs)        0018C
_ANSELB                                               (abs)        0018D
_ANSELC                                               (abs)        0018E
_APFCON                                               (abs)        0011D
_APFCONbits                                           (abs)        0011D
_BAUDCON                                              (abs)        0019F
_BORCON                                               (abs)        00116
_Button_Baseline_Initialize                           text68       01F71
_Button_Baseline_Update                               text67       01640
_Button_DefaultCallback                               text62       00800
_Button_Deviation_Update                              text73       015B9
_Button_Reading_Update                                text69       01AC9
_Button_Reading_Update_Helper                         text70       01300
_Button_Service                                       text55       01350
_Button_StateMachine                                  dataBANK3    001A0
_Button_State_Initializing                            text59       01402
_Button_State_NotPressed                              text58       00802
_Button_State_Pressed                                 text60       01464
_Button_Tick_helper                                   text27       01E41
_DATA_PROCESS                                         text79       00B16
_EUSART_DefaultErrorHandler                           text122      019DD
_EUSART_DefaultFramingErrorHandler                    text121      019DA
_EUSART_DefaultOverrunErrorHandler                    text120      019EF
_EUSART_ErrorHandler                                  nvBANK3      001D1
_EUSART_FramingErrorHandler                           nvBANK3      001D5
_EUSART_Initialize                                    text18       010F8
_EUSART_OverrunErrorHandler                           nvBANK3      001D3
_EUSART_Read                                          text78       01E92
_EUSART_Receive_ISR                                   text119      0119B
_EUSART_RxDataHandler                                 text123      01CAC
_EUSART_RxDefaultInterruptHandler                     nvBANK2      00163
_EUSART_SetErrorHandler                               text22       01A67
_EUSART_SetFramingErrorHandler                        text21       01A70
_EUSART_SetOverrunErrorHandler                        text20       01A79
_EUSART_SetRxInterruptHandler                         text19       01A82
_EUSART_Write                                         text94       01A9D
_EUSART_is_rx_ready                                   text77       019E0
_GIE                                                  (abs)        0005F
_INTCONbits                                           (abs)        0000B
_INTERRUPT_InterruptManager                           intentry     00004
_LATA                                                 (abs)        0010C
_LATAbits                                             (abs)        0010C
_LATB                                                 (abs)        0010D
_LATBbits                                             (abs)        0010D
_LATC                                                 (abs)        0010E
_LATCbits                                             (abs)        0010E
_LED_EN                                               text76       019E3
_LED_PROCESS                                          text96       01213
_MTOUCH_Button_Initialize                             text65       01164
_MTOUCH_Button_InitializeAll                          text16       01D9A
_MTOUCH_Button_ServiceAll                             text54       01B14
_MTOUCH_Button_SetNotPressedCallback                  text75       01A31
_MTOUCH_Button_SetPressedCallback                     text74       01A3A
_MTOUCH_Button_Tick                                   text26       01C4C
_MTOUCH_Button_isPressed                              text64       01D45
_MTOUCH_Initialize                                    text12       007F4
_MTOUCH_Sensor_Calibrate                              text66       01B89
_MTOUCH_Sensor_Enable                                 text15       01B9C
_MTOUCH_Sensor_Initialize                             text14       01C64
_MTOUCH_Sensor_InitializeAll                          text13       01B44
_MTOUCH_Sensor_RawSample_Get                          text71       01D10
_MTOUCH_Sensor_SampleAll                              text30       01BD9
_MTOUCH_Sensor_Sampled_ResetAll                       text28       01BC4
_MTOUCH_Sensor_Scan_Initialize                        text53       01B24
_MTOUCH_Sensor_isCalibrated                           text57       01C1D
_MTOUCH_Sensor_wasSampled                             text56       01B04
_MTOUCH_Service_Mainloop                              text23       01D61
_MTOUCH_Tick                                          text25       019EC
_MTOUCH_needReburst                                   text24       00002
_OPTION_REG                                           (abs)        00095
_OPTION_REGbits                                       (abs)        00095
_OSCCON                                               (abs)        00099
_OSCILLATOR_Initialize                                text11       01A08
_PIE1bits                                             (abs)        00091
_PIN_MANAGER_Initialize                               text10       01DB7
_PIR1bits                                             (abs)        00011
_PIR2bits                                             (abs)        00012
_PR2                                                  (abs)        0001B
_PROCESS_RELAY                                        text95       01D7D
_RCREG                                                (abs)        00199
_RCSTA                                                (abs)        0019D
_RCSTAbits                                            (abs)        0019D
_SPBRGH                                               (abs)        0019C
_SPBRGL                                               (abs)        0019B
_SYSTEM_Initialize                                    text3        01C94
_Sensor_Acq_ExecutePacket                             text40       002C8
_Sensor_Acquisition                                   text35       013A6
_Sensor_DefaultCallback                               text34       00801
_Sensor_RawSample_Update                              text33       01EE8
_Sensor_Sampled_Reset                                 text29       01A5E
_Sensor_Scanfrequency_Evaluation                      text39       0074E
_Sensor_Service                                       text31       016D0
_Sensor_autoCalibration                               text48       01767
_Sensor_getScanGroupIndex                             text52       01F14
_Sensor_isActive                                      text47       01AF5
_Sensor_isCalibrated                                  text45       01AB1
_Sensor_isCalibratingAcqTime                          text51       01AA7
_Sensor_isEnabled                                     text46       01B77
_Sensor_loadADCSettings                               text44       008A5
_Sensor_loadADCSettings$544                           cstackBANK1  000A6
_Sensor_postAcquisitionProcess                        text36       011D5
_Sensor_setActive                                     text38       01A43
_Sensor_setCalibratAcqTime                            text50       01B34
_Sensor_setCalibrated                                 text49       01AE6
_Sensor_setInactive                                   text37       01A4C
_Sensor_setSampled                                    text32       01A55
_T1CON                                                (abs)        00018
_T1CONbits                                            (abs)        00018
_T1GCON                                               (abs)        00019
_T1GCONbits                                           (abs)        00019
_T2CON                                                (abs)        0001C
_T2CONbits                                            (abs)        0001C
_TMR0                                                 (abs)        00015
_TMR0_CallBack                                        text103      01CC5
_TMR0_DefaultInterruptHandler                         text118      019DB
_TMR0_ISR                                             text102      01C06
_TMR0_Initialize                                      text8        01C7C
_TMR0_InterruptHandler                                nvBANK2      00161
_TMR0_SetInterruptHandler                             text9        01A8B
_TMR1H                                                (abs)        00017
_TMR1L                                                (abs)        00016
_TMR1_CallBack                                        text100      01ABC
_TMR1_DefaultInterruptHandler                         text101      019DC
_TMR1_ISR                                             text98       01FD0
_TMR1_Initialize                                      text6        01D2A
_TMR1_InterruptHandler                                nvBANK2      0015D
_TMR1_SetInterruptHandler                             text7        01A94
_TMR1_WriteTimer                                      text99       01AD7
_TMR2                                                 (abs)        0001A
_TMR2_Initialize                                      text5        01A29
_TMR2_LoadPeriodRegister                              text43       01A02
_TMR2_StartTimer                                      text42       019E6
_TMR2_StopTimer                                       text41       019E9
_TRISA                                                (abs)        0008C
_TRISB                                                (abs)        0008D
_TRISC                                                (abs)        0008E
_TXREG                                                (abs)        0019A
_TXSTA                                                (abs)        0019E
_TXSTAbits                                            (abs)        0019E
_WDTCON                                               (abs)        00097
_WDT_Initialize                                       text4        019F3
_WPUA                                                 (abs)        0020C
_WPUB                                                 (abs)        0020D
__CFG_BOREN$NSLEEP                                    (abs)        00000
__CFG_BORV$LO                                         (abs)        00000
__CFG_CLKOUTEN$OFF                                    (abs)        00000
__CFG_CP$OFF                                          (abs)        00000
__CFG_FOSC$INTOSC                                     (abs)        00000
__CFG_LPBOR$OFF                                       (abs)        00000
__CFG_LVP$ON                                          (abs)        00000
__CFG_MCLRE$ON                                        (abs)        00000
__CFG_PWRTE$OFF                                       (abs)        00000
__CFG_STVREN$ON                                       (abs)        00000
__CFG_WDTE$OFF                                        (abs)        00000
__CFG_WRT$OFF                                         (abs)        00000
__Habs1                                               abs1         00000
__Hbank0                                              bank0        00000
__Hbank1                                              bank1        00000
__Hbank10                                             bank10       00000
__Hbank11                                             bank11       00000
__Hbank12                                             bank12       00000
__Hbank13                                             bank13       00000
__Hbank14                                             bank14       00000
__Hbank15                                             bank15       00000
__Hbank16                                             bank16       00000
__Hbank17                                             bank17       00000
__Hbank18                                             bank18       00000
__Hbank19                                             bank19       00000
__Hbank2                                              bank2        00000
__Hbank20                                             bank20       00000
__Hbank21                                             bank21       00000
__Hbank22                                             bank22       00000
__Hbank23                                             bank23       00000
__Hbank24                                             bank24       00000
__Hbank25                                             bank25       00000
__Hbank26                                             bank26       00000
__Hbank27                                             bank27       00000
__Hbank28                                             bank28       00000
__Hbank29                                             bank29       00000
__Hbank3                                              bank3        00000
__Hbank30                                             bank30       00000
__Hbank31                                             bank31       00000
__Hbank4                                              bank4        00000
__Hbank5                                              bank5        00000
__Hbank6                                              bank6        00000
__Hbank7                                              bank7        00000
__Hbank8                                              bank8        00000
__Hbank9                                              bank9        00000
__Hbigram                                             bigram       00000
__HbssBANK0                                           bssBANK0     00000
__HbssBANK2                                           bssBANK2     00000
__HbssBANK3                                           bssBANK3     00000
__HbssBANK4                                           bssBANK4     00000
__Hcinit                                              cinit        0005D
__Hclrtext                                            clrtext      00000
__Hcode                                               code         00000
__Hcommon                                             common       00000
__Hconfig                                             config       08009
__HcstackBANK0                                        cstackBANK0  00000
__HcstackBANK1                                        cstackBANK1  00000
__HcstackBANK2                                        cstackBANK2  00000
__HcstackBANK3                                        cstackBANK3  00000
__HcstackCOMMON                                       cstackCOMMON 00000
__HdataBANK2                                          dataBANK2    00000
__HdataBANK3                                          dataBANK3    00000
__Heeprom_data                                        eeprom_data  00000
__Hend_init                                           end_init     00028
__Hfunctab                                            functab      00000
__HidataBANK2                                         idataBANK2   00000
__HidataBANK3                                         idataBANK3   00000
__Hidloc                                              idloc        00000
__Hinit                                               init         00026
__Hinittext                                           inittext     00000
__Hintentry                                           intentry     00026
__Hmaintext                                           maintext     00000
__HnvBANK2                                            nvBANK2      00000
__HnvBANK3                                            nvBANK3      00000
__Hpowerup                                            powerup      00000
__Hram                                                ram          00000
__Hreset_vec                                          reset_vec    00002
__Hsfr0                                               sfr0         00000
__Hsfr1                                               sfr1         00000
__Hsfr10                                              sfr10        00000
__Hsfr11                                              sfr11        00000
__Hsfr12                                              sfr12        00000
__Hsfr13                                              sfr13        00000
__Hsfr14                                              sfr14        00000
__Hsfr15                                              sfr15        00000
__Hsfr16                                              sfr16        00000
__Hsfr17                                              sfr17        00000
__Hsfr18                                              sfr18        00000
__Hsfr19                                              sfr19        00000
__Hsfr2                                               sfr2         00000
__Hsfr20                                              sfr20        00000
__Hsfr21                                              sfr21        00000
__Hsfr22                                              sfr22        00000
__Hsfr23                                              sfr23        00000
__Hsfr24                                              sfr24        00000
__Hsfr25                                              sfr25        00000
__Hsfr26                                              sfr26        00000
__Hsfr27                                              sfr27        00000
__Hsfr28                                              sfr28        00000
__Hsfr29                                              sfr29        00000
__Hsfr3                                               sfr3         00000
__Hsfr30                                              sfr30        00000
__Hsfr31                                              sfr31        00000
__Hsfr4                                               sfr4         00000
__Hsfr5                                               sfr5         00000
__Hsfr6                                               sfr6         00000
__Hsfr7                                               sfr7         00000
__Hsfr8                                               sfr8         00000
__Hsfr9                                               sfr9         00000
__Hspace_0                                            (abs)        08009
__Hspace_1                                            (abs)        00270
__Hspace_2                                            (abs)        00000
__Hspace_3                                            (abs)        00000
__Hstack                                              stack        00000
__Hstrings                                            strings      00000
__Hstringtext1                                        stringtext1  00000
__Hstringtext2                                        stringtext2  00000
__Hstringtext3                                        stringtext3  00000
__Hstringtext4                                        stringtext4  00000
__Hstringtext5                                        stringtext5  00000
__Hstringtext6                                        stringtext6  00000
__Hstringtext7                                        stringtext7  00000
__Hstringtext8                                        stringtext8  00000
__Htext                                               text         00000
__Labs1                                               abs1         00000
__Lbank0                                              bank0        00000
__Lbank1                                              bank1        00000
__Lbank10                                             bank10       00000
__Lbank11                                             bank11       00000
__Lbank12                                             bank12       00000
__Lbank13                                             bank13       00000
__Lbank14                                             bank14       00000
__Lbank15                                             bank15       00000
__Lbank16                                             bank16       00000
__Lbank17                                             bank17       00000
__Lbank18                                             bank18       00000
__Lbank19                                             bank19       00000
__Lbank2                                              bank2        00000
[...]
 This function uses a non-reentrant model


 *************** function i1_fputc *****************
 Defined at:
		line 8 in file "C:\Program Files (x86)\Microchip\xc8\v2.05\pic\sources\c99\common\nf_fputc.c"
 Parameters:    Size  Location     Type
  c               2    2[COMMON] int 
  fp              1    4[COMMON] PTR struct _IO_FILE
		 -> NULL(0), 
 Auto vars:     Size  Location     Type
		None
 Return value:  Size  Location     Type
                  2    2[COMMON] int 
 Registers used:
		wreg, fsr1l, fsr1h, status,2, status,0, pclath, cstack
 Tracked objects:
		On entry : 
		On exit  : 
		Unchanged: 
 Data sizes:     COMMON   BANK0   BANK1   BANK2   BANK3   BANK4   BANK5   BANK6
      Params:         3       0       0       0       0       0       0       0
      Locals:         0       0       0       0       0       0       0       0
      Temps:          5       0       0       0       0       0       0       0
      Totals:         8       0       0       0       0       0       0       0
Total ram usage:        8 bytes
 Hardware stack levels used:    1
 Hardware stack levels required when called:    2
 This function calls:
		i1_putch
 This function is called by:
		i1_pad
		i1_vfpfcnvrt
		i1_fputs
 This function uses a non-reentrant model


 *************** function i1_putch *****************
 Defined at:
		line 174 in file "mcc_generated_files/eusart.c"
 Parameters:    Size  Location     Type
  txData          1    wreg     unsigned char 
 Auto vars:     Size  Location     Type
  txData          1    1[COMMON] unsigned char 
 Return value:  Size  Location     Type
                  1    wreg      void 
 Registers used:
		wreg, status,2, status,0, pclath, cstack
 Tracked objects:
		On entry : 
		On exit  : 
		Unchanged: 
 Data sizes:     COMMON   BANK0   BANK1   BANK2   BANK3   BANK4   BANK5   BANK6
      Params:         0       0       0       0       0       0       0       0
      Locals:         1       0       0       0       0       0       0       0
      Temps:          0       0       0       0       0       0       0       0
      Totals:         1       0       0       0       0       0       0       0
Total ram usage:        1 bytes
 Hardware stack levels used:    1
 Hardware stack levels required when called:    1
 This function calls:
		i1_EUSART_Write
 This function is called by:
		i1_fputc
 This function uses a non-reentrant model


 *************** function i1_EUSART_Write *****************
 Defined at:
		line 160 in file "mcc_generated_files/eusart.c"
 Parameters:    Size  Location     Type
  txData          1    wreg     unsigned char 
 Auto vars:     Size  Location     Type
  txData          1    0[COMMON] unsigned char 
 Return value:  Size  Location     Type
                  1    wreg      void 
 Registers used:
		wreg
 Tracked objects:
		On entry : 
		On exit  : 
		Unchanged: 
 Data sizes:     COMMON   BANK0   BANK1   BANK2   BANK3   BANK4   BANK5   BANK6
      Params:         0       0       0       0       0       0       0       0
      Locals:         1       0       0       0       0       0       0       0
      Temps:          0       0       0       0       0       0       0       0
      Totals:         1       0       0       0       0       0       0       0
Total ram usage:        1 bytes
 Hardware stack levels used:    1
 This function calls:
		Nothing
 This function is called by:
		i1_putch
 This function uses a non-reentrant model


 *************** function _TMR0_DefaultInterruptHandler *****************
 Defined at:
		line 148 in file "mcc_generated_files/tmr0.c"
 Parameters:    Size  Location     Type
		None
 Auto vars:     Size  Location     Type
		None
 Return value:  Size  Location     Type
                  1    wreg      void 
 Registers used:
		None
 Tracked objects:
		On entry : 
		On exit  : 
		Unchanged: 
 Data sizes:     COMMON   BANK0   BANK1   BANK2   BANK3   BANK4   BANK5   BANK6
      Params:         0       0       0       0       0       0       0       0
      Locals:         0       0       0       0       0       0       0       0
      Temps:          0       0       0       0       0       0       0       0
      Totals:         0       0       0       0       0       0       0       0
Total ram usage:        0 bytes
 Hardware stack levels used:    1
 This function calls:
		Nothing
 This function is called by:
		_TMR0_Initialize
		_TMR0_CallBack
 This function uses a non-reentrant model


 *************** function _EUSART_Receive_ISR *****************
 Defined at:
		line 180 in file "mcc_generated_files/eusart.c"
 Parameters:    Size  Location     Type
		None
 Auto vars:     Size  Location     Type
		None
 Return value:  Size  Location     Type
                  1    wreg      void 
 Registers used:
		wreg, fsr1l, fsr1h, status,2, status,0, pclath, cstack
 Tracked objects:
		On entry : 
		On exit  : 
		Unchanged: 
 Data sizes:     COMMON   BANK0   BANK1   BANK2   BANK3   BANK4   BANK5   BANK6
      Params:         0       0       0       0       0       0       0       0
      Locals:         0       0       0       0       0       0       0       0
      Temps:          0       0       0       0       0       0       0       0
      Totals:         0       0       0       0       0       0       0       0
Total ram usage:        0 bytes
 Hardware stack levels used:    1
 Hardware stack levels required when called:    2
 This function calls:
		Absolute function
		_EUSART_DefaultErrorHandler
		_EUSART_DefaultFramingErrorHandler
		_EUSART_DefaultOverrunErrorHandler
		_EUSART_RxDataHandler
 This function is called by:
		_EUSART_Initialize
		_INTERRUPT_InterruptManager
 This function uses a non-reentrant model


 *************** function _EUSART_DefaultOverrunErrorHandler *****************
 Defined at:
		line 216 in file "mcc_generated_files/eusart.c"
 Parameters:    Size  Location     Type
		None
 Auto vars:     Size  Location     Type
		None
 Return value:  Size  Location     Type
                  1    wreg      void 
 Registers used:
		None
 Tracked objects:
		On entry : 
		On exit  : 
		Unchanged: 
 Data sizes:     COMMON   BANK0   BANK1   BANK2   BANK3   BANK4   BANK5   BANK6
      Params:         0       0       0       0       0       0       0       0
      Locals:         0       0       0       0       0       0       0       0
      Temps:          0       0       0       0       0       0       0       0
      Totals:         0       0       0       0       0       0       0       0
Total ram usage:        0 bytes
 Hardware stack levels used:    1
 This function calls:
		Nothing
 This function is called by:
		_EUSART_Initialize
		_EUSART_Receive_ISR
 This function uses a non-reentrant model


 *************** function _EUSART_DefaultFramingErrorHandler *****************
 Defined at:
		line 214 in file "mcc_generated_files/eusart.c"
 Parameters:    Size  Location     Type
		None
 Auto vars:     Size  Location     Type
		None
 Return value:  Size  Location     Type
                  1    wreg      void 
 Registers used:
		None
 Tracked objects:
		On entry : 
		On exit  : 
		Unchanged: 
 Data sizes:     COMMON   BANK0   BANK1   BANK2   BANK3   BANK4   BANK5   BANK6
      Params:         0       0       0       0       0       0       0       0
      Locals:         0       0       0       0       0       0       0       0
      Temps:          0       0       0       0       0       0       0       0
      Totals:         0       0       0       0       0       0       0       0
Total ram usage:        0 bytes
 Hardware stack levels used:    1
 This function calls:
		Nothing
 This function is called by:
		_EUSART_Initialize
		_EUSART_Receive_ISR
 This function uses a non-reentrant model


 *************** function _EUSART_DefaultErrorHandler *****************
 Defined at:
		line 224 in file "mcc_generated_files/eusart.c"
 Parameters:    Size  Location     Type
		None
 Auto vars:     Size  Location     Type
		None
 Return value:  Size  Location     Type
                  1    wreg      void 
 Registers used:
		wreg, fsr1l, fsr1h, status,2, status,0, pclath, cstack
 Tracked objects:
		On entry : 
		On exit  : 
		Unchanged: 
 Data sizes:     COMMON   BANK0   BANK1   BANK2   BANK3   BANK4   BANK5   BANK6
      Params:         0       0       0       0       0       0       0       0
      Locals:         0       0       0       0       0       0       0       0
      Temps:          0       0       0       0       0       0       0       0
      Totals:         0       0       0       0       0       0       0       0
Total ram usage:        0 bytes
 Hardware stack levels used:    1
 Hardware stack levels required when called:    1
 This function calls:
		_EUSART_RxDataHandler
 This function is called by:
		_EUSART_Initialize
		_EUSART_Receive_ISR
 This function uses a non-reentrant model


 *************** function _EUSART_RxDataHandler *****************
 Defined at:
		line 204 in file "mcc_generated_files/eusart.c"
 Parameters:    Size  Location     Type
		None
 Auto vars:     Size  Location     Type
		None
 Return value:  Size  Location     Type
                  1    wreg      void 
 Registers used:
		wreg, fsr1l, fsr1h, status,2, status,0
 Tracked objects:
		On entry : 
		On exit  : 
		Unchanged: 
 Data sizes:     COMMON   BANK0   BANK1   BANK2   BANK3   BANK4   BANK5   BANK6
      Params:         0       0       0       0       0       0       0       0
      Locals:         0       0       0       0       0       0       0       0
      Temps:          1       0       0       0       0       0       0       0
      Totals:         1       0       0       0       0       0       0       0
Total ram usage:        1 bytes
 Hardware stack levels used:    1
 This function calls:
		Nothing
 This function is called by:
		_EUSART_Receive_ISR
		_EUSART_DefaultErrorHandler
 This function uses a non-reentrant model



MODULE INFORMATION

Module		Function		Class		Link	Load	Size
mcc_generated_files/mtouch/mtouch_button.c
		_Button_Deviation_Update		CODE           	15B9	0000	136
		_MTOUCH_Button_SetNotPressedCallback		CODE           	1A31	0000	10
		_MTOUCH_Button_isPressed		CODE           	1D45	0000	29
		_MTOUCH_Button_Initialize		CODE           	1164	0000	56
		_Button_Tick_helper		CODE           	1E41	0000	41
		_MTOUCH_Button_InitializeAll		CODE           	1D9A	0000	30
		_Button_Baseline_Update		CODE           	1640	0000	145
		_Button_State_Pressed		CODE           	1464	0000	103
		_Button_Reading_Update		CODE           	1AC9	0000	15
		_Button_DefaultCallback		CODE           	0800	0000	2
		_MTOUCH_Button_Tick		CODE           	1C4C	0000	25
		_Button_State_NotPressed		CODE           	0802	0000	164
		_MTOUCH_Button_SetPressedCallback		CODE           	1A3A	0000	10
		_Button_Reading_Update_Helper		CODE           	1300	0000	81
		_Button_Service		CODE           	1350	0000	87
		_Button_State_Initializing		CODE           	1402	0000	99
		_MTOUCH_Button_ServiceAll		CODE           	1B14	0000	17
		_Button_Baseline_Initialize		CODE           	1F71	0000	48

mcc_generated_files/mtouch/mtouch_button.c estimated size: 1098

C:\Program Files (x86)\Microchip\xc8\v2.05\pic\sources\c99\common\printf.c
		_printf        		CODE           	1BAF	0000	22

C:\Program Files (x86)\Microchip\xc8\v2.05\pic\sources\c99\common\printf.c estimated size: 22

mcc_generated_files/tmr2.c
		_TMR2_LoadPeriodRegister		CODE           	1A02	0000	7
		_TMR2_Initialize		CODE           	1A29	0000	9
		_TMR2_StopTimer		CODE           	19E9	0000	4
		_TMR2_StartTimer		CODE           	19E6	0000	4

mcc_generated_files/tmr2.c estimated size: 24

mcc_generated_files/interrupt_manager.c
		_INTERRUPT_InterruptManager		CODE           	0004	0000	35

mcc_generated_files/interrupt_manager.c estimated size: 35

mcc_generated_files/tmr0.c
		_TMR0_SetInterruptHandler		CODE           	1A8B	0000	10
		_TMR0_DefaultInterruptHandler		CODE           	19DB	0000	2
		_TMR0_CallBack 		CODE           	1CC5	0000	26
		_TMR0_ISR      		CODE           	1C06	0000	24
		_TMR0_Initialize		CODE           	1C7C	0000	25

mcc_generated_files/tmr0.c estimated size: 87

C:\Program Files (x86)\Microchip\xc8\v2.05\pic\sources\c99\common\nf_fputc.c
		_fputc         		CODE           	112D	0000	56

C:\Program Files (x86)\Microchip\xc8\v2.05\pic\sources\c99\common\nf_fputc.c estimated size: 56

mcc_generated_files/mtouch/mtouch.c
		_MTOUCH_Tick   		CODE           	19EC	0000	4
		_MTOUCH_Initialize		CODE           	07F4	0000	13
		_MTOUCH_Service_Mainloop		CODE           	1D61	0000	29
		_MTOUCH_needReburst		CODE           	0002	0000	3

mcc_generated_files/mtouch/mtouch.c estimated size: 49

mcc_generated_files/pin_manager.c
		_PIN_MANAGER_Initialize		CODE           	1DB7	0000	30

mcc_generated_files/pin_manager.c estimated size: 30

C:\Program Files (x86)\Microchip\xc8\v2.05\pic\sources\c99\common\aodiv.c
		___aodiv       		CODE           	0CE9	0000	248

C:\Program Files (x86)\Microchip\xc8\v2.05\pic\sources\c99\common\aodiv.c estimated size: 248

C:\Program Files (x86)\Microchip\xc8\v2.05\pic\sources\c99\common\strlen.c
		_strlen        		CODE           	1CDE	0000	26

C:\Program Files (x86)\Microchip\xc8\v2.05\pic\sources\c99\common\strlen.c estimated size: 26

C:\Program Files (x86)\Microchip\xc8\v2.05\pic\sources\c99\common\Umul8.c
		___bmul        		CODE           	1B65	0000	19

C:\Program Files (x86)\Microchip\xc8\v2.05\pic\sources\c99\common\Umul8.c estimated size: 19

C:\Program Files (x86)\Microchip\xc8\v2.05\pic\sources\c99\common\doprnt.c
		_vfpfcnvrt     		CODE           	0EF0	0000	273
		_pad           		CODE           	12B0	0000	81
		_ctoa          		CODE           	102C	0000	49
		_dtoa          		CODE           	04AC	0000	338
		_vfprintf      		CODE           	108F	0000	53

C:\Program Files (x86)\Microchip\xc8\v2.05\pic\sources\c99\common\doprnt.c estimated size: 794

shared
		i1_printf      		CODE           	1B54	0000	18
		i1_vfpfcnvrt   		CODE           	0DE0	0000	273
		i1_pad         		CODE           	1260	0000	81
		i1_abs         		CODE           	1BEF	0000	24
		Sensor_Scanfrequency_Evaluation@frequency_hop		STRCODE        	184D	0000	6
		i1_putch       		CODE           	19F7	0000	6
		_sensor_scan_group		STRCODE        	1852	0000	5
		i1_vfprintf    		CODE           	1F42	0000	48
		i1_EUSART_Write		CODE           	1A21	0000	9
		i1_ctoa        		CODE           	1FA0	0000	49
		i1_dtoa        		CODE           	05FD	0000	338
		__initialization		CODE           	0028	0000	50
		_mtouch_button_init		STRCODE        	1800	0000	49
		i1___aodiv     		CODE           	0BF6	0000	244
		i1___aomod     		CODE           	095B	0000	221
		i1_fputc       		CODE           	10C3	0000	54
		i1_fputs       		CODE           	1DF5	0000	39
		i1_strlen      		CODE           	1C34	0000	25

shared estimated size: 1539

mcc_generated_files/mcc.c
		_WDT_Initialize		CODE           	19F3	0000	5
		_OSCILLATOR_Initialize		CODE           	1A08	0000	7
		_SYSTEM_Initialize		CODE           	1C94	0000	25

mcc_generated_files/mcc.c estimated size: 37

mcc_generated_files/tmr1.c
		_TMR1_Initialize		CODE           	1D2A	0000	28
		_TMR1_SetInterruptHandler		CODE           	1A94	0000	10
		_TMR1_DefaultInterruptHandler		CODE           	19DC	0000	2
		_TMR1_CallBack 		CODE           	1ABC	0000	14
		_TMR1_WriteTimer		CODE           	1AD7	0000	16
		_TMR1_ISR      		CODE           	1FD0	0000	49

mcc_generated_files/tmr1.c estimated size: 119

C:\Program Files (x86)\Microchip\xc8\v2.05\pic\sources\c99\common\abs.c
		_abs           		CODE           	1CF7	0000	26

C:\Program Files (x86)\Microchip\xc8\v2.05\pic\sources\c99\common\abs.c estimated size: 26

C:\Program Files (x86)\Microchip\xc8\v2.05\pic\sources\c99\common\nf_fputs.c
		_fputs         		CODE           	1E1B	0000	39

C:\Program Files (x86)\Microchip\xc8\v2.05\pic\sources\c99\common\nf_fputs.c estimated size: 39

mcc_generated_files/eusart.c
		_EUSART_SetRxInterruptHandler		CODE           	1A82	0000	10
		_putch         		CODE           	19FC	0000	7
		_EUSART_Read   		CODE           	1E92	0000	44
		_EUSART_DefaultOverrunErrorHandler		CODE           	19EF	0000	5
		_EUSART_Write  		CODE           	1A9D	0000	11
		_EUSART_DefaultErrorHandler		CODE           	19DD	0000	4
		_EUSART_Initialize		CODE           	10F8	0000	54
		_EUSART_SetFramingErrorHandler		CODE           	1A70	0000	10
		_EUSART_SetErrorHandler		CODE           	1A67	0000	10
		_EUSART_SetOverrunErrorHandler		CODE           	1A79	0000	10
		_EUSART_Receive_ISR		CODE           	119B	0000	59
		_EUSART_RxDataHandler		CODE           	1CAC	0000	26
		_EUSART_DefaultFramingErrorHandler		CODE           	19DA	0000	2
		_EUSART_is_rx_ready		CODE           	19E0	0000	4

mcc_generated_files/eusart.c estimated size: 256

C:\Program Files (x86)\Microchip\xc8\v2.05\pic\sources\c99\common\memcpy.c
		_memcpy        		CODE           	1000	0000	45

C:\Program Files (x86)\Microchip\xc8\v2.05\pic\sources\c99\common\memcpy.c estimated size: 45

main.c
		_check_data    		CODE           	105C	0000	52
		_myButtonReleasedCallback		CODE           	1EBD	0000	44
		_main          		CODE           	005D	0000	620
		_check_message 		CODE           	1E69	0000	42
		_PROCESS_RELAY 		CODE           	1D7D	0000	30
		_update_state  		CODE           	14CA	0000	108
		_myButtonPressedCallback		CODE           	1535	0000	133
		_DATA_PROCESS  		CODE           	0B16	0000	225

main.c estimated size: 1254

mcc_generated_files/mtouch/mtouch_sensor.c
		_Sensor_setCalibrated		CODE           	1AE6	0000	16
		_Sensor_Acq_ExecutePacket		CODE           	02C8	0000	485
		_Sensor_getScanGroupIndex		CODE           	1F14	0000	47
		_Sensor_Acquisition		CODE           	13A6	0000	93
		_Sensor_postAcquisitionProcess		CODE           	11D5	0000	63
		_Sensor_isCalibrated		CODE           	1AB1	0000	12
		_MTOUCH_Sensor_Initialize		CODE           	1C64	0000	25
		_Sensor_Sampled_Reset		CODE           	1A5E	0000	10
		_MTOUCH_Sensor_InitializeAll		CODE           	1B44	0000	17
		_Sensor_DefaultCallback		CODE           	0801	0000	2
		_Sensor_loadADCSettings		CODE           	08A5	0000	183
		_Sensor_isEnabled		CODE           	1B77	0000	19
		_MTOUCH_Sensor_isCalibrated		CODE           	1C1D	0000	24
		_MTOUCH_Sensor_Calibrate		CODE           	1B89	0000	20
		_MTOUCH_Sensor_Sampled_ResetAll		CODE           	1BC4	0000	22
		_Sensor_setActive		CODE           	1A43	0000	10
		_Sensor_Scanfrequency_Evaluation		CODE           	074E	0000	167
		_MTOUCH_Sensor_Enable		CODE           	1B9C	0000	20
		_Sensor_setSampled		CODE           	1A55	0000	10
		_Sensor_isCalibratingAcqTime		CODE           	1AA7	0000	11
		_MTOUCH_Sensor_RawSample_Get		CODE           	1D10	0000	27
		_MTOUCH_Sensor_SampleAll		CODE           	1BD9	0000	23
		_MTOUCH_Sensor_wasSampled		CODE           	1B04	0000	17
		_Sensor_Service		CODE           	16D0	0000	152
		_Sensor_autoCalibration		CODE           	1767	0000	154
		_MTOUCH_Sensor_Scan_Initialize		CODE           	1B24	0000	17
		_Sensor_RawSample_Update		CODE           	1EE8	0000	45
		_Sensor_isActive		CODE           	1AF5	0000	16
		_Sensor_setCalibratAcqTime		CODE           	1B34	0000	17
		_Sensor_setInactive		CODE           	1A4C	0000	10

mcc_generated_files/mtouch/mtouch_sensor.c estimated size: 1734

led.c
		_LED_EN        		CODE           	19E3	0000	4
		_LED_PROCESS   		CODE           	1213	0000	78

led.c estimated size: 82

C:\Program Files (x86)\Microchip\xc8\v2.05\pic\sources\c99\common\aomod.c
		___aomod       		CODE           	0A37	0000	224

C:\Program Files (x86)\Microchip\xc8\v2.05\pic\sources\c99\common\aomod.c estimated size: 224

