Microchip MPLAB XC8 Compiler V2.05 ()

Linker command line:

-W-3 --edf=C:\Program Files (x86)\Microchip\xc8\v2.05\pic\dat\en_msgs.txt \
  -cs -h+dist/default/production\SQ_04.X.production.sym \
  --cmf=dist/default/production\SQ_04.X.production.cmf -z -Q16LF1559 \
  -oC:\Users\ngodi\AppData\Local\Temp\s8qg.2 --defsym=__MPLAB_BUILD=1 \
  -Mdist/default/production/SQ_04.X.production.map -E1 -ver=XC8 \
  --acfsm=1493 -ASTACK=020E0h-021EFh -pstack=STACK -ACODE=00h-07FFhx4 \
  -ASTRCODE=00h-01FFFh -ASTRING=00h-0FFhx32 -ACONST=00h-0FFhx32 \
  -AENTRY=00h-0FFhx32 -ACOMMON=070h-07Fh -ABANK0=020h-06Fh \
  -ABANK1=0A0h-0EFh -ABANK2=0120h-016Fh -ABANK3=01A0h-01EFh \
  -ABANK4=0220h-026Fh -ABANK5=02A0h-02EFh -ABANK6=0320h-032Fh \
  -ABIGRAM=02000h-021EFh \
  -ARAM=020h-06Fh,0A0h-0EFh,0120h-016Fh,01A0h-01EFh,0220h-026Fh,02A0h-02EFh,0320h-032Fh \
  -AABS1=020h-07Fh,0A0h-0EFh,0120h-016Fh,01A0h-01EFh,0220h-026Fh,02A0h-02EFh,0320h-032Fh \
  -ASFR0=00h-01Fh -ASFR1=080h-09Fh -ASFR2=0100h-011Fh -ASFR3=0180h-019Fh \
  -ASFR4=0200h-021Fh -ASFR5=0280h-029Fh -ASFR6=0300h-031Fh \
  -ASFR7=0380h-03EFh -ASFR8=0400h-046Fh -ASFR9=0480h-04EFh \
  -ASFR10=0500h-056Fh -ASFR11=0580h-05EFh -ASFR12=0600h-066Fh \
  -ASFR13=0680h-06EFh -ASFR14=0700h-076Fh -ASFR15=0780h-07EFh \
  -ASFR16=0800h-086Fh -ASFR17=0880h-08EFh -ASFR18=0900h-096Fh \
  -ASFR19=0980h-09EFh -ASFR20=0A00h-0A6Fh -ASFR21=0A80h-0AEFh \
  -ASFR22=0B00h-0B6Fh -ASFR23=0B80h-0BEFh -ASFR24=0C00h-0C6Fh \
  -ASFR25=0C80h-0CEFh -ASFR26=0D00h-0D6Fh -ASFR27=0D80h-0DEFh \
  -ASFR28=0E00h-0E6Fh -ASFR29=0E80h-0EEFh -ASFR30=0F00h-0F6Fh \
  -ASFR31=0F80h-0FEFh -preset_vec=00h,intentry=04h,init,end_init \
  -ppowerup=CODE -pcinit=CODE -pfunctab=ENTRY -ACONFIG=08007h-08008h \
  -pconfig=CONFIG -DCONFIG=2 -AIDLOC=08000h-08003h -pidloc=IDLOC -DIDLOC=2 \
  -DCODE=2 -DSTRCODE=2 -DSTRING=2 -DCONST=2 -DENTRY=2 -k \
  C:\Users\ngodi\AppData\Local\Temp\s8qg.o \
  dist/default/production\SQ_04.X.production.o 

Object code version is 3.11

Machine type is 16LF1559



                Name                               Link     Load   Length Selector   Space Scale
C:\Users\ngodi\AppData\Local\Temp\s8qg.o
                end_init                             16       16        2        8       0
                reset_vec                             0        0        2        0       0
                config                             8007     8007        2    1000E       0
dist/default/production\SQ_04.X.production.o
                cinit                                18       18       34        8       0
                intentry                              4        4       12        8       0
                text75                              D89      D89       17     1B12       0
                text74                              BBE      BBE        3     177C       0
                text73                              BB9      BB9        1     1772       0
                text72                              BCA      BCA        4     1794       0
                text71                              F61      F61       32     1EC2       0
                text69                              BD7      BD7        6     17AE       0
                text68                              BDD      BDD        6     17BA       0
                text67                              504      504       87        8       0
                text66                              CDB      CDB       11     19B6       0
                text65                              DA0      DA0       17     1B40       0
                text64                              77A      77A       4D        8       0
                text63                              C81      C81        E     1902       0
                text62                              F03      F03       2E     1E06       0
                text61                              3EB      3EB       8F        8       0
                text60                              CEC      CEC       11     19D8       0
                text59                              F93      F93       36     1F26       0
                text58                              BBA      BBA        1     1774       0
                text57                              BBB      BBB        1     1776       0
                text56                              BBC      BBC        1     1778       0
                text55                              601      601       66        8       0
                text54                              667      667       62        8       0
                text53                              2B5      2B5       A3        8       0
                text52                              D33      D33       15     1A66       0
                text51                              C8F      C8F        E     191E       0
                text50                              725      725       55        8       0
                text49                              CAB      CAB       10     1956       0
                text48                              CBB      CBB       10     1976       0
                text47                              ED6      ED6       2D     1DAC       0
                text46                              C29      C29        8     1852       0
                text45                              C5A      C5A        D     18B4       0
                text44                              C42      C42        C     1884       0
                text43                              DB7      DB7       17     1B6E       0
                text42                              47A      47A       8A        8       0
                text41                              C67      C67        D     18CE       0
                text40                              CCB      CCB       10     1996       0
                text39                              C39      C39        9     1872       0
                text38                              20A      20A       AB        8       0
                text37                              BD2      BD2        5     17A4       0
                text36                              BC1      BC1        3     1782       0
                text35                              BC4      BC4        3     1788       0
                text34                               4C       4C      1BE        8       0
                text33                              58B      58B       76        8       0
                text32                              C0D      C0D        7     181A       0
                text31                              C14      C14        7     1828       0
                text30                              FC9      FC9       37     1F92       0
                text29                              6C9      6C9       5C        8       0
                text28                              BBD      BBD        1     177A       0
                text27                              E5E      E5E       26     1CBC       0
                text26                              C1B      C1B        7     1836       0
                text25                              358      358       93        8       0
                text24                              D5D      D5D       16     1ABA       0
                text23                              C22      C22        7     1844       0
                text22                              D20      D20       13     1A40       0
                text21                              E84      E84       27     1D08       0
                text20                              D73      D73       16     1AE6       0
                text19                              BC7      BC7        3     178E       0
                text18                                2        2        2        0       0
                text17                              DE5      DE5       1C     1BCA       0
                text16                              BE3      BE3        6     17C6       0
                text15                              BE9      BE9        6     17D2       0
                text14                              BEF      BEF        6     17DE       0
                text13                              BF5      BF5        6     17EA       0
                text12                              F31      F31       30     1E62       0
                text11                              EAB      EAB       2B     1D56       0
                text10                              E01      E01       1C     1C02       0
                text9                               CFD      CFD       11     19FA       0
                text8                               D48      D48       15     1A90       0
                text7                               C9D      C9D        E     193A       0
                text6                               C4E      C4E        C     189C       0
                text5                               BFB      BFB        6     17F6       0
                text4                               E1D      E1D       1D     1C3A       0
                text3                               C31      C31        8     1862       0
                text2                               BCE      BCE        4     179C       0
                text1                               D0E      D0E       12     1A1C       0
                maintext                            DCE      DCE       17     1B9C       0
                cstackBANK0                          20       20       29       20       1
                cstackCOMMON                         70       70        C       70       1
                clrtext                             C01      C01        6     1802       0
                inittext                            C07      C07        6     180E       0
                bssBANK2                            120      120       40      120       1
                dataBANK1                            A0       A0       24       A0       1
                bssBANK1                             CC       CC        8       A0       1
                dataBANK0                            63       63        D       20       1
                bssBANK0                             49       49       1A       20       1
                bssCOMMON                            7C       7C        1       70       1
                nvBANK1                              C4       C4        8       A0       1
                stringtext3                         7C7      7C7       40      F8E       0
                stringtext2                        1005     1005        4     2000       0
                stringtext1                        1000     1000        5     2000       0
                idataBANK1                          E3A      E3A       24     1C74       0
                idataBANK0                          C74      C74        D     18E8       0

TOTAL           Name                               Link     Load   Length     Space
        CLASS   STACK          

        CLASS   CODE           
                end_init                             16       16        2         0
                cinit                                18       18       34         0
                intentry                              4        4       12         0
                reset_vec                             0        0        2         0
                text75                              D89      D89       17         0
                text74                              BBE      BBE        3         0
                text73                              BB9      BB9        1         0
                text72                              BCA      BCA        4         0
                text71                              F61      F61       32         0
                text69                              BD7      BD7        6         0
                text68                              BDD      BDD        6         0
                text67                              504      504       87         0
                text66                              CDB      CDB       11         0
                text65                              DA0      DA0       17         0
                text64                              77A      77A       4D         0
                text63                              C81      C81        E         0
                text62                              F03      F03       2E         0
                text61                              3EB      3EB       8F         0
                text60                              CEC      CEC       11         0
                text59                              F93      F93       36         0
                text58                              BBA      BBA        1         0
                text57                              BBB      BBB        1         0
                text56                              BBC      BBC        1         0
                text55                              601      601       66         0
                text54                              667      667       62         0
                text53                              2B5      2B5       A3         0
                text52                              D33      D33       15         0
                text51                              C8F      C8F        E         0
                text50                              725      725       55         0
                text49                              CAB      CAB       10         0
                text48                              CBB      CBB       10         0
                text47                              ED6      ED6       2D         0
                text46                              C29      C29        8         0
                text45                              C5A      C5A        D         0
                text44                              C42      C42        C         0
                text43                              DB7      DB7       17         0
                text42                              47A      47A       8A         0
                text41                              C67      C67        D         0
                text40                              CCB      CCB       10         0
                text39                              C39      C39        9         0
                text38                              20A      20A       AB         0
                text37                              BD2      BD2        5         0
                text36                              BC1      BC1        3         0
                text35                              BC4      BC4        3         0
                text34                               4C       4C      1BE         0
                text33                              58B      58B       76         0
                text32                              C0D      C0D        7         0
                text31                              C14      C14        7         0
                text30                              FC9      FC9       37         0
                text29                              6C9      6C9       5C         0
                text28                              BBD      BBD        1         0
                text27                              E5E      E5E       26         0
                text26                              C1B      C1B        7         0
                text25                              358      358       93         0
                text24                              D5D      D5D       16         0
                text23                              C22      C22        7         0
                text22                              D20      D20       13         0
                text21                              E84      E84       27         0
                text20                              D73      D73       16         0
                text19                              BC7      BC7        3         0
                text18                                2        2        2         0
                text17                              DE5      DE5       1C         0
                text16                              BE3      BE3        6         0
                text15                              BE9      BE9        6         0
                text14                              BEF      BEF        6         0
                text13                              BF5      BF5        6         0
                text12                              F31      F31       30         0
                text11                              EAB      EAB       2B         0
                text10                              E01      E01       1C         0
                text9                               CFD      CFD       11         0
                text8                               D48      D48       15         0
                text7                               C9D      C9D        E         0
                text6                               C4E      C4E        C         0
                text5                               BFB      BFB        6         0
                text4                               E1D      E1D       1D         0
                text3                               C31      C31        8         0
                text2                               BCE      BCE        4         0
                text1                               D0E      D0E       12         0
                maintext                            DCE      DCE       17         0
                clrtext                             C01      C01        6         0
                inittext                            C07      C07        6         0
                idataBANK1                          E3A      E3A       24         0
                idataBANK0                          C74      C74        D         0

        CLASS   STRCODE        
                stringtext3                         7C7      7C7       40         0
                stringtext2                        1005     1005        4         0
                stringtext1                        1000     1000        5         0

        CLASS   STRING         

        CLASS   CONST          

        CLASS   ENTRY          

        CLASS   COMMON         
                cstackCOMMON                         70       70        C         1
                bssCOMMON                            7C       7C        1         1

        CLASS   BANK0          
                cstackBANK0                          20       20       29         1
                dataBANK0                            63       63        D         1
                bssBANK0                             49       49       1A         1

        CLASS   BANK1          
                dataBANK1                            A0       A0       24         1
                bssBANK1                             CC       CC        8         1
                nvBANK1                              C4       C4        8         1

        CLASS   BANK2          
                bssBANK2                            120      120       40         1

        CLASS   BANK3          

        CLASS   BANK4          

        CLASS   BANK5          

        CLASS   BANK6          

        CLASS   BIGRAM         

        CLASS   RAM            

        CLASS   ABS1           
                abs_s1                               7E       7E        2         1

        CLASS   SFR0           

        CLASS   SFR1           

        CLASS   SFR2           

        CLASS   SFR3           

        CLASS   SFR4           

        CLASS   SFR5           

        CLASS   SFR6           

        CLASS   SFR7           

        CLASS   SFR8           

        CLASS   SFR9           

        CLASS   SFR10          

        CLASS   SFR11          

        CLASS   SFR12          

        CLASS   SFR13          

        CLASS   SFR14          

        CLASS   SFR15          

        CLASS   SFR16          

        CLASS   SFR17          

        CLASS   SFR18          

        CLASS   SFR19          

        CLASS   SFR20          

        CLASS   SFR21          

        CLASS   SFR22          

        CLASS   SFR23          

        CLASS   SFR24          

        CLASS   SFR25          

        CLASS   SFR26          

        CLASS   SFR27          

        CLASS   SFR28          

        CLASS   SFR29          

        CLASS   SFR30          

        CLASS   SFR31          

        CLASS   CONFIG         
                config                             8007     8007        2         0

        CLASS   IDLOC          

        CLASS   BANK31         

        CLASS   BANK30         

        CLASS   BANK29         

        CLASS   BANK28         

        CLASS   BANK27         

        CLASS   BANK26         

        CLASS   BANK25         

        CLASS   BANK24         

        CLASS   BANK23         

        CLASS   BANK22         

        CLASS   BANK21         

        CLASS   BANK20         

        CLASS   BANK19         

        CLASS   BANK18         

        CLASS   BANK17         

        CLASS   BANK16         

        CLASS   BANK15         

        CLASS   BANK14         

        CLASS   BANK13         

        CLASS   BANK12         

        CLASS   BANK11         

        CLASS   BANK10         

        CLASS   BANK9          

        CLASS   BANK8          

        CLASS   BANK7          

        CLASS   EEDATA         



SEGMENTS        Name                           Load    Length   Top    Selector   Space  Class     Delta

                reset_vec                      000000  000004  000004         0       0  CODE        2
                intentry                       000004  0007C3  0007C7         8       0  CODE        2
                cstackBANK0                    000020  000050  000070        20       1  BANK0       1
                cstackCOMMON                   000070  00000D  00007D        70       1  COMMON      1
                dataBANK1                      0000A0  000034  0000D4        A0       1  BANK1       1
                bssBANK2                       000120  000040  000160       120       1  BANK2       1
                stringtext3                    0007C7  000040  000807       F8E       0  STRCODE     2
                text73                         000BB9  000001  000BBA      1772       0  CODE        2
                text58                         000BBA  000001  000BBB      1774       0  CODE        2
                text57                         000BBB  000001  000BBC      1776       0  CODE        2
                text56                         000BBC  000001  000BBD      1778       0  CODE        2
                text28                         000BBD  000001  000BBE      177A       0  CODE        2
                text74                         000BBE  000003  000BC1      177C       0  CODE        2
                text36                         000BC1  000003  000BC4      1782       0  CODE        2
                text35                         000BC4  000003  000BC7      1788       0  CODE        2
                text19                         000BC7  000003  000BCA      178E       0  CODE        2
                text72                         000BCA  000004  000BCE      1794       0  CODE        2
                text2                          000BCE  000004  000BD2      179C       0  CODE        2
                text37                         000BD2  000005  000BD7      17A4       0  CODE        2
                text69                         000BD7  000006  000BDD      17AE       0  CODE        2
                text68                         000BDD  000006  000BE3      17BA       0  CODE        2
                text16                         000BE3  000006  000BE9      17C6       0  CODE        2
                text15                         000BE9  000006  000BEF      17D2       0  CODE        2
                text14                         000BEF  000006  000BF5      17DE       0  CODE        2
                text13                         000BF5  000006  000BFB      17EA       0  CODE        2
                text5                          000BFB  000006  000C01      17F6       0  CODE        2
                clrtext                        000C01  000006  000C07      1802       0  CODE        2
                inittext                       000C07  000006  000C0D      180E       0  CODE        2
                text32                         000C0D  000007  000C14      181A       0  CODE        2
                text31                         000C14  000007  000C1B      1828       0  CODE        2
                text26                         000C1B  000007  000C22      1836       0  CODE        2
                text23                         000C22  000007  000C29      1844       0  CODE        2
                text46                         000C29  000008  000C31      1852       0  CODE        2
                text3                          000C31  000008  000C39      1862       0  CODE        2
                text39                         000C39  000009  000C42      1872       0  CODE        2
                text44                         000C42  00000C  000C4E      1884       0  CODE        2
                text6                          000C4E  00000C  000C5A      189C       0  CODE        2
                text45                         000C5A  00000D  000C67      18B4       0  CODE        2
                text41                         000C67  00000D  000C74      18CE       0  CODE        2
                idataBANK0                     000C74  00000D  000C81      18E8       0  CODE        2
                text63                         000C81  00000E  000C8F      1902       0  CODE        2
                text51                         000C8F  00000E  000C9D      191E       0  CODE        2
                text7                          000C9D  00000E  000CAB      193A       0  CODE        2
                text49                         000CAB  000010  000CBB      1956       0  CODE        2
                text48                         000CBB  000010  000CCB      1976       0  CODE        2
                text40                         000CCB  000010  000CDB      1996       0  CODE        2
                text66                         000CDB  000011  000CEC      19B6       0  CODE        2
                text60                         000CEC  000011  000CFD      19D8       0  CODE        2
                text9                          000CFD  000011  000D0E      19FA       0  CODE        2
                text1                          000D0E  000012  000D20      1A1C       0  CODE        2
                text22                         000D20  000013  000D33      1A40       0  CODE        2
                text52                         000D33  000015  000D48      1A66       0  CODE        2
                text8                          000D48  000015  000D5D      1A90       0  CODE        2
                text24                         000D5D  000016  000D73      1ABA       0  CODE        2
                text20                         000D73  000016  000D89      1AE6       0  CODE        2
                text75                         000D89  000017  000DA0      1B12       0  CODE        2
                text65                         000DA0  000017  000DB7      1B40       0  CODE        2
                text43                         000DB7  000017  000DCE      1B6E       0  CODE        2
                maintext                       000DCE  000017  000DE5      1B9C       0  CODE        2
                text17                         000DE5  00001C  000E01      1BCA       0  CODE        2
                text10                         000E01  00001C  000E1D      1C02       0  CODE        2
                text4                          000E1D  00001D  000E3A      1C3A       0  CODE        2
                idataBANK1                     000E3A  000024  000E5E      1C74       0  CODE        2
                text27                         000E5E  000026  000E84      1CBC       0  CODE        2
                text21                         000E84  000027  000EAB      1D08       0  CODE        2
                text11                         000EAB  00002B  000ED6      1D56       0  CODE        2
                text47                         000ED6  00002D  000F03      1DAC       0  CODE        2
                text62                         000F03  00002E  000F31      1E06       0  CODE        2
                text12                         000F31  000030  000F61      1E62       0  CODE        2
                text71                         000F61  000032  000F93      1EC2       0  CODE        2
                text59                         000F93  000036  000FC9      1F26       0  CODE        2
                text30                         000FC9  000037  001000      1F92       0  CODE        2
                stringtext1                    001000  000009  001009      2000       0  STRCODE     2
                config                         008007  000002  008009     1000E       0  CONFIG      2


UNUSED ADDRESS RANGES

        Name                Unused          Largest block    Delta
        BANK1            000D4-000EF              1C           1
        BANK2            00160-0016F              10           1
        BANK3            001A0-001EF              50           1
        BANK4            00220-0026F              50           1
        BANK5            002A0-002EF              50           1
        BANK6            00320-0032F              10           1
        BIGRAM           02000-021EF             1F0           1
        CODE             00807-00BB8             3B2           2
                         01009-01FFF             7F7
        COMMON           0007D-0007D               1           1
        CONST            00807-00BB8             100           2
                         01009-01FFF             100
        ENTRY            00807-00BB8             100           2
                         01009-01FFF             100
        IDLOC            08000-08003               4           2
        RAM              000D4-000EF              1C           1
                         00160-0016F              10
                         001A0-001EF              50
                         00220-0026F              50
                         002A0-002EF              50
                         00320-0032F              10
        SFR0             00000-0001F              20           1
        SFR1             00080-0009F              20           1
        SFR10            00500-0056F              70           1
        SFR11            00580-005EF              70           1
        SFR12            00600-0066F              70           1
        SFR13            00680-006EF              70           1
        SFR14            00700-0076F              70           1
        SFR15            00780-007EF              70           1
        SFR16            00800-0086F              70           1
        SFR17            00880-008EF              70           1
        SFR18            00900-0096F              70           1
        SFR19            00980-009EF              70           1
        SFR2             00100-0011F              20           1
        SFR20            00A00-00A6F              70           1
        SFR21            00A80-00AEF              70           1
        SFR22            00B00-00B6F              70           1
        SFR23            00B80-00BEF              70           1
        SFR24            00C00-00C6F              70           1
        SFR25            00C80-00CEF              70           1
        SFR26            00D00-00D6F              70           1
        SFR27            00D80-00DEF              70           1
        SFR28            00E00-00E6F              70           1
        SFR29            00E80-00EEF              70           1
        SFR3             00180-0019F              20           1
        SFR30            00F00-00F6F              70           1
        SFR31            00F80-00FEF              70           1
        SFR4             00200-0021F              20           1
        SFR5             00280-0029F              20           1
        SFR6             00300-0031F              20           1
        SFR7             00380-003EF              70           1
        SFR8             00400-0046F              70           1
        SFR9             00480-004EF              70           1
        STACK            020E0-021EF             110           1
        STRCODE          00807-00BB8             3B2           2
                         01009-01FFF             FF7
        STRING           00807-00BB8             100           2
                         01009-01FFF             100

                                  Symbol Table

?_MTOUCH_Sensor_RawSample_Get                         cstackCOMMON 00075
?_abs                                                 cstackCOMMON 00071
Button_Baseline_Initialize@button                     cstackCOMMON 00079
Button_Baseline_Update@button                         cstackCOMMON 00077
Button_DefaultCallback@button                         cstackCOMMON 00071
Button_Deviation_Update@button                        cstackBANK0  00020
Button_Deviation_Update@deviation                     cstackBANK0  00021
Button_Reading_Update@button                          cstackBANK0  00020
Button_Reading_Update_Helper@button                   cstackCOMMON 0007B
Button_Service@button                                 cstackBANK0  0002C
Button_Service@name                                   cstackBANK0  0002B
Button_State_Initializing@button                      cstackBANK0  00024
Button_State_NotPressed@button                        cstackBANK0  00024
Button_State_Pressed@button                           cstackBANK0  00024
Button_Tick_helper@button                             cstackCOMMON 00073
EUSART_SetErrorHandler@interruptHandler               cstackCOMMON 00071
EUSART_SetFramingErrorHandler@interruptHandler        cstackCOMMON 00071
EUSART_SetOverrunErrorHandler@interruptHandler        cstackCOMMON 00071
EUSART_SetRxInterruptHandler@interruptHandler         cstackCOMMON 00071
MTOUCH_Button_Initialize@button                       cstackCOMMON 0007A
MTOUCH_Button_Initialize@name                         cstackCOMMON 00079
MTOUCH_Button_InitializeAll@button                    cstackBANK0  00020
MTOUCH_Button_ServiceAll@button                       cstackBANK0  0002E
MTOUCH_Button_SetNotPressedCallback@callback          cstackCOMMON 00071
MTOUCH_Button_SetPressedCallback@callback             cstackCOMMON 00071
MTOUCH_Button_Tick@i                                  cstackCOMMON 00075
MTOUCH_Sensor_Calibrate@sensor                        cstackCOMMON 00076
MTOUCH_Sensor_Enable@sensor                           cstackCOMMON 00076
MTOUCH_Sensor_Initialize@sensor                       cstackCOMMON 00078
MTOUCH_Sensor_InitializeAll@sensor                    cstackCOMMON 0007A
MTOUCH_Sensor_RawSample_Get@name                      cstackCOMMON 00078
MTOUCH_Sensor_SampleAll@group                         cstackBANK0  00047
MTOUCH_Sensor_Sampled_ResetAll@sensor                 cstackCOMMON 00073
MTOUCH_Sensor_isCalibrated@sensor                     cstackCOMMON 00076
MTOUCH_Sensor_wasSampled@sensor                       cstackCOMMON 00076
Sensor_Acq_ExecutePacket@AD1CON2_temp                 cstackBANK0  00022
Sensor_Acq_ExecutePacket@AD2CON2_temp                 cstackBANK0  00023
Sensor_Acq_ExecutePacket@ADCOMCON_temp                cstackBANK0  00021
Sensor_Acq_ExecutePacket@ADxIF_flag                   cstackBANK0  00026
Sensor_Acq_ExecutePacket@activeSensor                 cstackBANK0  00027
Sensor_Acq_ExecutePacket@last_a                       cstackBANK0  00028
Sensor_Acq_ExecutePacket@last_b                       cstackBANK0  0002A
Sensor_Acq_ExecutePacket@packet_counter               cstackBANK0  0002C
Sensor_Acq_ExecutePacket@sensor1ForceEnabled          cstackBANK0  00024
Sensor_Acq_ExecutePacket@sensor2ForceEnabled          cstackBANK0  00025
Sensor_Acq_ExecutePacket@sensor_adc1                  cstackBANK0  0002D
Sensor_Acq_ExecutePacket@sensor_adc2                  cstackCOMMON 0007B
Sensor_Acquisition@retry                              cstackBANK0  0003D
Sensor_Acquisition@sensor_adc1                        cstackBANK0  0003E
Sensor_Acquisition@sensor_adc2                        cstackBANK0  0003B
Sensor_DefaultCallback@sensor                         cstackCOMMON 00071
Sensor_RawSample_Update@adcIndex                      cstackCOMMON 00076
Sensor_RawSample_Update@sensor                        cstackCOMMON 00077
Sensor_Sampled_Reset@sensor                           cstackCOMMON 00071
Sensor_Scanfrequency_Evaluation@best_packet_sample    cstackBANK0  00036
Sensor_Scanfrequency_Evaluation@best_sample_period    cstackBANK0  00034
Sensor_Scanfrequency_Evaluation@frequency_hop         stringtext1  01000
Sensor_Scanfrequency_Evaluation@i                     cstackBANK0  0003A
Sensor_Scanfrequency_Evaluation@packet_noise_Max      cstackBANK0  00032
Sensor_Scanfrequency_Evaluation@retry                 cstackBANK0  00035
Sensor_Scanfrequency_Evaluation@sensor_adc1           cstackBANK0  00031
Sensor_Scanfrequency_Evaluation@sensor_adc2           cstackBANK0  0002E
Sensor_Service@error                                  cstackBANK0  00043
Sensor_Service@scanGroup                              cstackBANK0  00042
Sensor_Service@sensor_adc1                            cstackBANK0  00044
Sensor_Service@sensor_adc2                            cstackBANK0  00045
Sensor_autoCalibration@adcIndex                       cstackCOMMON 00079
Sensor_autoCalibration@sensor                         cstackCOMMON 0007A
Sensor_getScanGroupIndex@sensor                       cstackCOMMON 00073
Sensor_getScanGroupIndex@sensorGroup                  cstackCOMMON 00074
Sensor_isActive@sensor                                cstackCOMMON 00071
Sensor_isCalibrated@sensor                            cstackCOMMON 00071
Sensor_isCalibratingAcqTime@sensor                    cstackCOMMON 00071
Sensor_isEnabled@sensor                               cstackCOMMON 00072
Sensor_loadADCSettings@adc_index                      cstackCOMMON 00072
Sensor_loadADCSettings@addressOffset                  cstackCOMMON 00078
Sensor_loadADCSettings@sensor                         cstackCOMMON 00079
Sensor_postAcquisitionProcess@adcIndex                cstackCOMMON 00078
Sensor_postAcquisitionProcess@deviation               cstackCOMMON 00076
Sensor_postAcquisitionProcess@sensor                  cstackCOMMON 00079
Sensor_setActive@sensor                               cstackCOMMON 00071
Sensor_setCalibratAcqTime@sensor                      cstackCOMMON 00071
Sensor_setCalibrated@sensor                           cstackCOMMON 00071
Sensor_setInactive@sensor                             cstackCOMMON 00071
Sensor_setSampled@sensor                              cstackCOMMON 00071
TMR2_LoadPeriodRegister@periodVal                     cstackCOMMON 00071
_AAD1CAP                                              (abs)        00719
_AAD1CON2                                             (abs)        00713
_AAD1CON3                                             (abs)        00714
_AAD1GRD                                              (abs)        00718
_AAD1RES0                                             (abs)        0071A
_AAD2CON3                                             (abs)        00794
_AAD2GRD                                              (abs)        00798
_AAD2RES0                                             (abs)        0079A
_AD1ACQCON                                            (abs)        00717
_AD1CON0                                              (abs)        00711
_AD1CON0bits                                          (abs)        00711
_AD1CON2                                              (abs)        00713
_AD1CON3                                              (abs)        00714
_AD1PRECON                                            (abs)        00716
_AD2ACQCON                                            (abs)        00797
_AD2CON0                                              (abs)        00791
_AD2CON0bits                                          (abs)        00791
_AD2CON2                                              (abs)        00793
_AD2CON3                                              (abs)        00794
_AD2PRECON                                            (abs)        00796
_ADCOMCON                                             (abs)        00712
_ANSELA                                               (abs)        0018C
_ANSELB                                               (abs)        0018D
_ANSELC                                               (abs)        0018E
_APFCON                                               (abs)        0011D
_APFCONbits                                           (abs)        0011D
_BAUDCON                                              (abs)        0019F
_BORCON                                               (abs)        00116
_Button_Baseline_Initialize                           text62       00F03
_Button_Baseline_Update                               text61       003EB
_Button_DefaultCallback                               text57       00BBB
_Button_Deviation_Update                              text67       00504
_Button_Reading_Update                                text63       00C81
_Button_Reading_Update_Helper                         text64       0077A
_Button_Service                                       text50       00725
_Button_StateMachine                                  dataBANK0    00063
_Button_State_Initializing                            text54       00667
_Button_State_NotPressed                              text53       002B5
_Button_State_Pressed                                 text55       00601
_Button_Tick_helper                                   text21       00E84
_EUSART_DefaultErrorHandler                           text74       00BBE
_EUSART_DefaultFramingErrorHandler                    text73       00BB9
_EUSART_DefaultOverrunErrorHandler                    text72       00BCA
_EUSART_ErrorHandler                                  nvBANK1      000C4
_EUSART_FramingErrorHandler                           nvBANK1      000C8
_EUSART_Initialize                                    text12       00F31
_EUSART_OverrunErrorHandler                           nvBANK1      000C6
_EUSART_Receive_ISR                                   text71       00F61
_EUSART_RxDataHandler                                 text75       00D89
_EUSART_RxDefaultInterruptHandler                     nvBANK1      000CA
_EUSART_SetErrorHandler                               text16       00BE3
_EUSART_SetFramingErrorHandler                        text15       00BE9
_EUSART_SetOverrunErrorHandler                        text14       00BEF
_EUSART_SetRxInterruptHandler                         text13       00BF5
_GIE                                                  (abs)        0005F
_INTCONbits                                           (abs)        0000B
_INTERRUPT_InterruptManager                           intentry     00004
_LATA                                                 (abs)        0010C
_LATB                                                 (abs)        0010D
_LATC                                                 (abs)        0010E
_MTOUCH_Button_Initialize                             text59       00F93
_MTOUCH_Button_InitializeAll                          text10       00E01
_MTOUCH_Button_ServiceAll                             text49       00CAB
_MTOUCH_Button_SetNotPressedCallback                  text69       00BD7
_MTOUCH_Button_SetPressedCallback                     text68       00BDD
_MTOUCH_Button_Tick                                   text20       00D73
_MTOUCH_Initialize                                    text6        00C4E
_MTOUCH_Sensor_Calibrate                              text60       00CEC
_MTOUCH_Sensor_Enable                                 text9        00CFD
_MTOUCH_Sensor_Initialize                             text8        00D48
_MTOUCH_Sensor_InitializeAll                          text7        00C9D
_MTOUCH_Sensor_RawSample_Get                          text65       00DA0
_MTOUCH_Sensor_SampleAll                              text24       00D5D
_MTOUCH_Sensor_Sampled_ResetAll                       text22       00D20
_MTOUCH_Sensor_Scan_Initialize                        text48       00CBB
_MTOUCH_Sensor_isCalibrated                           text52       00D33
_MTOUCH_Sensor_wasSampled                             text51       00C8F
_MTOUCH_Service_Mainloop                              text17       00DE5
_MTOUCH_Tick                                          text19       00BC7
_MTOUCH_needReburst                                   text18       00002
_OPTION_REGbits                                       (abs)        00095
_OSCCON                                               (abs)        00099
_OSCILLATOR_Initialize                                text5        00BFB
_PIE1bits                                             (abs)        00091
_PIN_MANAGER_Initialize                               text4        00E1D
_PIR1bits                                             (abs)        00011
_PIR2bits                                             (abs)        00012
_PR2                                                  (abs)        0001B
_RCREG                                                (abs)        00199
_RCSTA                                                (abs)        0019D
_RCSTAbits                                            (abs)        0019D
_SPBRGH                                               (abs)        0019C
_SPBRGL                                               (abs)        0019B
_SYSTEM_Initialize                                    text1        00D0E
_Sensor_Acq_ExecutePacket                             text34       0004C
_Sensor_Acquisition                                   text29       006C9
_Sensor_DefaultCallback                               text28       00BBD
_Sensor_RawSample_Update                              text27       00E5E
_Sensor_Sampled_Reset                                 text23       00C22
_Sensor_Scanfrequency_Evaluation                      text33       0058B
_Sensor_Service                                       text25       00358
_Sensor_autoCalibration                               text42       0047A
_Sensor_getScanGroupIndex                             text47       00ED6
_Sensor_isActive                                      text41       00C67
_Sensor_isCalibrated                                  text39       00C39
_Sensor_isCalibratingAcqTime                          text46       00C29
_Sensor_isEnabled                                     text40       00CCB
_Sensor_loadADCSettings                               text38       0020A
_Sensor_loadADCSettings$1086                          cstackCOMMON 00076
_Sensor_postAcquisitionProcess                        text30       00FC9
_Sensor_setActive                                     text32       00C0D
_Sensor_setCalibratAcqTime                            text45       00C5A
_Sensor_setCalibrated                                 text44       00C42
_Sensor_setInactive                                   text31       00C14
_Sensor_setSampled                                    text26       00C1B
_T2CON                                                (abs)        0001C
_T2CONbits                                            (abs)        0001C
_TMR2                                                 (abs)        0001A
_TMR2_Initialize                                      text3        00C31
_TMR2_LoadPeriodRegister                              text37       00BD2
_TMR2_StartTimer                                      text36       00BC1
_TMR2_StopTimer                                       text35       00BC4
_TRISA                                                (abs)        0008C
_TRISB                                                (abs)        0008D
_TRISC                                                (abs)        0008E
_TXREG                                                (abs)        0019A
_TXSTA                                                (abs)        0019E
_TXSTAbits                                            (abs)        0019E
_WDTCON                                               (abs)        00097
_WDT_Initialize                                       text2        00BCE
_WPUA                                                 (abs)        0020C
_WPUB                                                 (abs)        0020D
__CFG_BOREN$NSLEEP                                    (abs)        00000
__CFG_BORV$LO                                         (abs)        00000
__CFG_CLKOUTEN$OFF                                    (abs)        00000
__CFG_CP$OFF                                          (abs)        00000
__CFG_FOSC$INTOSC                                     (abs)        00000
__CFG_LPBOR$OFF                                       (abs)        00000
__CFG_LVP$ON                                          (abs)        00000
__CFG_MCLRE$ON                                        (abs)        00000
__CFG_PWRTE$OFF                                       (abs)        00000
__CFG_STVREN$ON                                       (abs)        00000
__CFG_WDTE$OFF                                        (abs)        00000
__CFG_WRT$OFF                                         (abs)        00000
__Habs1                                               abs1         00000
__Hbank0                                              bank0        00000
__Hbank1                                              bank1        00000
__Hbank10                                             bank10       00000
__Hbank11                                             bank11       00000
__Hbank12                                             bank12       00000
__Hbank13                                             bank13       00000
__Hbank14                                             bank14       00000
__Hbank15                                             bank15       00000
__Hbank16                                             bank16       00000
__Hbank17                                             bank17       00000
__Hbank18                                             bank18       00000
__Hbank19                                             bank19       00000
__Hbank2                                              bank2        00000
__Hbank20                                             bank20       00000
__Hbank21                                             bank21       00000
__Hbank22                                             bank22       00000
__Hbank23                                             bank23       00000
__Hbank24                                             bank24       00000
__Hbank25                                             bank25       00000
__Hbank26                                             bank26       00000
__Hbank27                                             bank27       00000
__Hbank28                                             bank28       00000
__Hbank29                                             bank29       00000
__Hbank3                                              bank3        00000
__Hbank30                                             bank30       00000
__Hbank31                                             bank31       00000
__Hbank4                                              bank4        00000
__Hbank5                                              bank5        00000
__Hbank6                                              bank6        00000
__Hbank7                                              bank7        00000
__Hbank8                                              bank8        00000
__Hbank9                                              bank9        00000
__Hbigram                                             bigram       00000
__HbssBANK0                                           bssBANK0     00000
__HbssBANK1                                           bssBANK1     00000
__HbssBANK2                                           bssBANK2     00000
__HbssCOMMON                                          bssCOMMON    00000
__Hcinit                                              cinit        0004C
__Hclrtext                                            clrtext      00000
__Hcode                                               code         00000
__Hcommon                                             common       00000
__Hconfig                                             config       08009
__HcstackBANK0                                        cstackBANK0  00000
__HcstackCOMMON                                       cstackCOMMON 00000
__HdataBANK0                                          dataBANK0    00000
__HdataBANK1                                          dataBANK1    00000
__Heeprom_data                                        eeprom_data  00000
__Hend_init                                           end_init     00018
__Hfunctab                                            functab      00000
__HidataBANK0                                         idataBANK0   00000
__HidataBANK1                                         idataBANK1   00000
__Hidloc                                              idloc        00000
__Hinit                                               init         00016
__Hinittext                                           inittext     00000
__Hintentry                                           intentry     00016
__Hmaintext                                           maintext     00000
__HnvBANK1                                            nvBANK1      00000
__Hpowerup                                            powerup      00000
__Hram                                                ram          00000
__Hreset_vec                                          reset_vec    00002
__Hsfr0                                               sfr0         00000
__Hsfr1                                               sfr1         00000
__Hsfr10                                              sfr10        00000
__Hsfr11                                              sfr11        00000
__Hsfr12                                              sfr12        00000
__Hsfr13                                              sfr13        00000
__Hsfr14                                              sfr14        00000
__Hsfr15                                              sfr15        00000
__Hsfr16                                              sfr16        00000
__Hsfr17                                              sfr17        00000
__Hsfr18                                              sfr18        00000
__Hsfr19                                              sfr19        00000
__Hsfr2                                               sfr2         00000
__Hsfr20                                              sfr20        00000
__Hsfr21                                              sfr21        00000
__Hsfr22                                              sfr22        00000
__Hsfr23                                              sfr23        00000
__Hsfr24                                              sfr24        00000
__Hsfr25                                              sfr25        00000
__Hsfr26                                              sfr26        00000
__Hsfr27                                              sfr27        00000
__Hsfr28                                              sfr28        00000
__Hsfr29                                              sfr29        00000
__Hsfr3                                               sfr3         00000
__Hsfr30                                              sfr30        00000
__Hsfr31                                              sfr31        00000
__Hsfr4                                               sfr4         00000
__Hsfr5                                               sfr5         00000
__Hsfr6                                               sfr6         00000
__Hsfr7                                               sfr7         00000
__Hsfr8                                               sfr8         00000
__Hsfr9                                               sfr9         00000
__Hspace_0                                            (abs)        08009
__Hspace_1                                            (abs)        00160
__Hspace_2                                            (abs)        00000
__Hspace_3                                            (abs)        00000
__Hstack                                              stack        00000
__Hstrings                                            strings      00000
__Hstringtext1                                        stringtext1  00000
__Hstringtext2                                        stringtext2  00000
__Hstringtext3                                        stringtext3  00000
__Htext                                               text         00000
__Labs1                                               abs1         00000
__Lbank0                                              bank0        00000
__Lbank1                                              bank1        00000
__Lbank10                                             bank10       00000
__Lbank11                                             bank11       00000
__Lbank12                                             bank12       00000
__Lbank13                                             bank13       00000
__Lbank14                                             bank14       00000
__Lbank15                                             bank15       00000
__Lbank16                                             bank16       00000
__Lbank17                                             bank17       00000
__Lbank18                                             bank18       00000
__Lbank19                                             bank19       00000
__Lbank2                                              bank2        00000
__Lbank20                                             bank20       00000
__Lbank21                                             bank21       00000
__Lbank22                                             bank22       00000
__Lbank23                                             bank23       00000
__Lbank24                                             bank24       00000
__Lbank25                                             bank25       00000
__Lbank26                                             bank26       00000
__Lbank27                                             bank27       00000
__Lbank28                                             bank28       00000
__Lbank29                                             bank29       00000
__Lbank3                                              bank3        00000
__Lbank30                                             bank30       00000
__Lbank31                                             bank31       00000
__Lbank4                                              bank4        00000
__Lbank5                                              bank5        00000
__Lbank6                                              bank6        00000
__Lbank7                                              bank7        00000
__Lbank8                                              bank8        00000
__Lbank9                                              bank9        00000
__Lbigram                                             bigram       00000
__LbssBANK0                                           bssBANK0     00000
__LbssBANK1                                           bssBANK1     00000
__LbssBANK2                                           bssBANK2     00000
__LbssCOMMON                                          bssCOMMON    00000
__Lcinit                                              cinit        00018
__Lclrtext                                            clrtext      00000
__Lcode                                               code         00000
__Lcommon                                             common       00000
__Lconfig                                             config       08007
__LcstackBANK0                                        cstackBANK0  00000
__LcstackCOMMON                                       cstackCOMMON 00000
__LdataBANK0                                          dataBANK0    00000
__LdataBANK1                                          dataBANK1    00000
__Leeprom_data                                        eeprom_data  00000
__Lend_init                                           end_init     00016
__Lfunctab                                            functab      00000
__LidataBANK0                                         idataBANK0   00000
__LidataBANK1                                         idataBANK1   00000
__Lidloc                                              idloc        00000
__Linit                                               init         00016
__Linittext                                           inittext     00000
__Lintentry                                           intentry     00004
__Lmaintext                                           maintext     00000
__LnvBANK1                                            nvBANK1      00000
__Lpowerup                                            powerup      00000
__Lram                                                ram          00000
__Lreset_vec                                          reset_vec    00000
__Lsfr0                                               sfr0         00000
__Lsfr1                                               sfr1         00000
__Lsfr10                                              sfr10        00000
__Lsfr11                                              sfr11        00000
__Lsfr12                                              sfr12        00000
__Lsfr13                                              sfr13        00000
__Lsfr14                                              sfr14        00000
__Lsfr15                                              sfr15        00000
__Lsfr16                                              sfr16        00000
__Lsfr17                                              sfr17        00000
__Lsfr18                                              sfr18        00000
__Lsfr19                                              sfr19        00000
__Lsfr2                                               sfr2         00000
__Lsfr20                                              sfr20        00000
__Lsfr21                                              sfr21        00000
__Lsfr22                                              sfr22        00000
__Lsfr23                                              sfr23        00000
__Lsfr24                                              sfr24        00000
__Lsfr25                                              sfr25        00000
__Lsfr26                                              sfr26        00000
__Lsfr27                                              sfr27        00000
__Lsfr28                                              sfr28        00000
__Lsfr29                                              sfr29        00000
__Lsfr3                                               sfr3         00000
__Lsfr30                                              sfr30        00000
__Lsfr31                                              sfr31        00000
__Lsfr4                                               sfr4         00000
__Lsfr5                                               sfr5         00000
__Lsfr6                                               sfr6         00000
__Lsfr7                                               sfr7         00000
__Lsfr8                                               sfr8         00000
__Lsfr9                                               sfr9         00000
__Lspace_0                                            (abs)        00000
__Lspace_1                                            (abs)        00000
__Lspace_2                                            (abs)        00000
__Lspace_3                                            (abs)        00000
__Lstack                                              stack        00000
__Lstrings                                            strings      00000
__Lstringtext1                                        stringtext1  00000
__Lstringtext2                                        stringtext2  00000
__Lstringtext3                                        stringtext3  00000
__Ltext                                               text         00000
__S0                                                  (abs)        08009
__S1                                                  (abs)        00160
__S2                                                  (abs)        00000
___bmul                                               text66       00CDB
___bmul@multiplicand                                  cstackCOMMON 00071
___bmul@multiplier                                    cstackCOMMON 00074
___bmul@product                                       cstackCOMMON 00073
___int_sp                                             stack        00000
___latbits                                            (abs)        00002
___sp                                                 stack        00000
___stackhi                                            (abs)        021EF
___stacklo                                            (abs)        020E0
__end_ofSensor_Scanfrequency_Evaluation@frequency_hop stringtext1  01005
__end_of_Button_Baseline_Initialize                   text62       00F31
__end_of_Button_Baseline_Update                       text61       0047A
__end_of_Button_DefaultCallback                       text57       00BBC
__end_of_Button_Deviation_Update                      text67       0058B
__end_of_Button_Reading_Update                        text63       00C8F
__end_of_Button_Reading_Update_Helper                 text64       007C7
__end_of_Button_Service                               text50       0077A
__end_of_Button_State_Initializing                    text54       006C9
__end_of_Button_State_NotPressed                      text53       00358
__end_of_Button_State_Pressed                         text55       00667
__end_of_Button_Tick_helper                           text21       00EAB
__end_of_EUSART_DefaultErrorHandler                   text74       00BC1
__end_of_EUSART_DefaultFramingErrorHandler            text73       00BBA
__end_of_EUSART_DefaultOverrunErrorHandler            text72       00BCE
__end_of_EUSART_Initialize                            text12       00F61
__end_of_EUSART_Receive_ISR                           text71       00F93
__end_of_EUSART_RxDataHandler                         text75       00DA0
__end_of_EUSART_SetErrorHandler                       text16       00BE9
__end_of_EUSART_SetFramingErrorHandler                text15       00BEF
__end_of_EUSART_SetOverrunErrorHandler                text14       00BF5
__end_of_EUSART_SetRxInterruptHandler                 text13       00BFB
__end_of_INTERRUPT_InterruptManager                   intentry     00016
__end_of_MTOUCH_Button_Initialize                     text59       00FC9
__end_of_MTOUCH_Button_InitializeAll                  text10       00E1D
__end_of_MTOUCH_Button_ServiceAll                     text49       00CBB
__end_of_MTOUCH_Button_SetNotPressedCallback          text69       00BDD
__end_of_MTOUCH_Button_SetPressedCallback             text68       00BE3
__end_of_MTOUCH_Button_Tick                           text20       00D89
__end_of_MTOUCH_Initialize                            text6        00C5A
__end_of_MTOUCH_Sensor_Calibrate                      text60       00CFD
__end_of_MTOUCH_Sensor_Enable                         text9        00D0E
__end_of_MTOUCH_Sensor_Initialize                     text8        00D5D
__end_of_MTOUCH_Sensor_InitializeAll                  text7        00CAB
__end_of_MTOUCH_Sensor_RawSample_Get                  text65       00DB7
__end_of_MTOUCH_Sensor_SampleAll                      text24       00D73
__end_of_MTOUCH_Sensor_Sampled_ResetAll               text22       00D33
__end_of_MTOUCH_Sensor_Scan_Initialize                text48       00CCB
__end_of_MTOUCH_Sensor_isCalibrated                   text52       00D48
__end_of_MTOUCH_Sensor_wasSampled                     text51       00C9D
__end_of_MTOUCH_Service_Mainloop                      text17       00E01
__end_of_MTOUCH_Tick                                  text19       00BCA
__end_of_MTOUCH_needReburst                           text18       00004
__end_of_OSCILLATOR_Initialize                        text5        00C01
__end_of_PIN_MANAGER_Initialize                       text4        00E3A
__end_of_SYSTEM_Initialize                            text1        00D20
__end_of_Sensor_Acq_ExecutePacket                     text34       0020A
__end_of_Sensor_Acquisition                           text29       00725
__end_of_Sensor_DefaultCallback                       text28       00BBE
__end_of_Sensor_RawSample_Update                      text27       00E84
__end_of_Sensor_Sampled_Reset                         text23       00C29
__end_of_Sensor_Scanfrequency_Evaluation              text33       00601
__end_of_Sensor_Service                               text25       003EB
__end_of_Sensor_autoCalibration                       text42       00504
__end_of_Sensor_getScanGroupIndex                     text47       00F03
__end_of_Sensor_isActive                              text41       00C74
__end_of_Sensor_isCalibrated                          text39       00C42
__end_of_Sensor_isCalibratingAcqTime                  text46       00C31
__end_of_Sensor_isEnabled                             text40       00CDB
__end_of_Sensor_loadADCSettings                       text38       002B5
__end_of_Sensor_postAcquisitionProcess                text30       01000
__end_of_Sensor_setActive                             text32       00C14
__end_of_Sensor_setCalibratAcqTime                    text45       00C67
__end_of_Sensor_setCalibrated                         text44       00C4E
__end_of_Sensor_setInactive                           text31       00C1B
__end_of_Sensor_setSampled                            text26       00C22
__end_of_TMR2_Initialize                              text3        00C39
__end_of_TMR2_LoadPeriodRegister                      text37       00BD7
__end_of_TMR2_StartTimer                              text36       00BC4
__end_of_TMR2_StopTimer                               text35       00BC7
__end_of_WDT_Initialize                               text2        00BD2
__end_of___bmul                                       text66       00CEC
__end_of__initialization                              cinit        00048
__end_of_abs                                          text43       00DCE
__end_of_main                                         maintext     00DE5
__end_of_memcpy                                       text11       00ED6
__end_of_mtouch_button_init                           stringtext3  00807
__end_of_myButtonPressedCallback                      text56       00BBD
__end_of_myButtonReleasedCallback                     text58       00BBB
__end_of_sensor_scan_group                            stringtext2  01009
__initialization                                      cinit        00018
__pbssBANK0                                           bssBANK0     00049
__pbssBANK1                                           bssBANK1     000CC
__pbssBANK2                                           bssBANK2     00120
__pbssCOMMON                                          bssCOMMON    0007C
__pcstackBANK0                                        cstackBANK0  00020
__pcstackCOMMON                                       cstackCOMMON 00070
__pdataBANK0                                          dataBANK0    00063
__pdataBANK1                                          dataBANK1    000A0
__pidataBANK0                                         idataBANK0   00C74
__pidataBANK1                                         idataBANK1   00E3A
__pintentry                                           intentry     00004
__pmaintext                                           maintext     00DCE
__pnvBANK1                                            nvBANK1      000C4
__pstringtext1                                        stringtext1  01000
__pstringtext2                                        stringtext2  01005
__pstringtext3                                        stringtext3  007C7
__ptext1                                              text1        00D0E
__ptext10                                             text10       00E01
__ptext11                                             text11       00EAB
__ptext12                                             text12       00F31
__ptext13                                             text13       00BF5
__ptext14                                             text14       00BEF
__ptext15                                             text15       00BE9
__ptext16                                             text16       00BE3
__ptext17                                             text17       00DE5
__ptext18                                             text18       00002
__ptext19                                             text19       00BC7
__ptext2                                              text2        00BCE
__ptext20                                             text20       00D73
__ptext21                                             text21       00E84
__ptext22                                             text22       00D20
__ptext23                                             text23       00C22
__ptext24                                             text24       00D5D
__ptext25                                             text25       00358
__ptext26                                             text26       00C1B
__ptext27                                             text27       00E5E
__ptext28                                             text28       00BBD
__ptext29                                             text29       006C9
__ptext3                                              text3        00C31
__ptext30                                             text30       00FC9
__ptext31                                             text31       00C14
__ptext32                                             text32       00C0D
__ptext33                                             text33       0058B
__ptext34                                             text34       0004C
__ptext35                                             text35       00BC4
__ptext36                                             text36       00BC1
__ptext37                                             text37       00BD2
__ptext38                                             text38       0020A
__ptext39                                             text39       00C39
__ptext4                                              text4        00E1D
__ptext40                                             text40       00CCB
__ptext41                                             text41       00C67
__ptext42                                             text42       0047A
__ptext43                                             text43       00DB7
__ptext44                                             text44       00C42
__ptext45                                             text45       00C5A
__ptext46                                             text46       00C29
__ptext47                                             text47       00ED6
__ptext48                                             text48       00CBB
__ptext49                                             text49       00CAB
__ptext5                                              text5        00BFB
__ptext50                                             text50       00725
__ptext51                                             text51       00C8F
__ptext52                                             text52       00D33
__ptext53                                             text53       002B5
__ptext54                                             text54       00667
__ptext55                                             text55       00601
__ptext56                                             text56       00BBC
__ptext57                                             text57       00BBB
__ptext58                                             text58       00BBA
__ptext59                                             text59       00F93
__ptext6                                              text6        00C4E
__ptext60                                             text60       00CEC
__ptext61                                             text61       003EB
__ptext62                                             text62       00F03
__ptext63                                             text63       00C81
__ptext64                                             text64       0077A
__ptext65                                             text65       00DA0
__ptext66                                             text66       00CDB
__ptext67                                             text67       00504
__ptext68                                             text68       00BDD
__ptext69                                             text69       00BD7
__ptext7                                              text7        00C9D
__ptext71                                             text71       00F61
__ptext72                                             text72       00BCA
__ptext73                                             text73       00BB9
__ptext74                                             text74       00BBE
__ptext75                                             text75       00D89
__ptext8                                              text8        00D48
__ptext9                                              text9        00CFD
__size_of_Button_Baseline_Initialize                  (abs)        00000
__size_of_Button_Baseline_Update                      (abs)        00000
__size_of_Button_DefaultCallback                      (abs)        00000
__size_of_Button_Deviation_Update                     (abs)        00000
__size_of_Button_Reading_Update                       (abs)        00000
[...]
 Data sizes:     COMMON   BANK0   BANK1   BANK2   BANK3   BANK4   BANK5   BANK6
      Params:         0       0       0       0       0       0       0       0
      Locals:         1       0       0       0       0       0       0       0
      Temps:          2       0       0       0       0       0       0       0
      Totals:         3       0       0       0       0       0       0       0
Total ram usage:        3 bytes
 Hardware stack levels used:    1
 Hardware stack levels required when called:    6
 This function calls:
		_MTOUCH_Sensor_RawSample_Get
 This function is called by:
		_Button_Reading_Update
 This function uses a non-reentrant model


 *************** function _MTOUCH_Sensor_RawSample_Get *****************
 Defined at:
		line 800 in file "mcc_generated_files/mtouch/mtouch_sensor.c"
 Parameters:    Size  Location     Type
  name            1    wreg     enum E2854
 Auto vars:     Size  Location     Type
  name            1    8[COMMON] enum E2854
 Return value:  Size  Location     Type
                  2    5[COMMON] unsigned short 
 Registers used:
		wreg, fsr1l, fsr1h, status,2, status,0, pclath, cstack
 Tracked objects:
		On entry : 
		On exit  : 
		Unchanged: 
 Data sizes:     COMMON   BANK0   BANK1   BANK2   BANK3   BANK4   BANK5   BANK6
      Params:         2       0       0       0       0       0       0       0
      Locals:         1       0       0       0       0       0       0       0
      Temps:          1       0       0       0       0       0       0       0
      Totals:         4       0       0       0       0       0       0       0
Total ram usage:        4 bytes
 Hardware stack levels used:    1
 Hardware stack levels required when called:    5
 This function calls:
		___bmul
 This function is called by:
		_Button_Reading_Update_Helper
		_Button_Baseline_Initialize
 This function uses a non-reentrant model


 *************** function ___bmul *****************
 Defined at:
		line 4 in file "C:\Program Files (x86)\Microchip\xc8\v2.05\pic\sources\c99\common\Umul8.c"
 Parameters:    Size  Location     Type
  multiplier      1    wreg     unsigned char 
  multiplicand    1    1[COMMON] unsigned char 
 Auto vars:     Size  Location     Type
  multiplier      1    4[COMMON] unsigned char 
  product         1    3[COMMON] unsigned char 
 Return value:  Size  Location     Type
                  1    wreg      unsigned char 
 Registers used:
		wreg, status,2, status,0
 Tracked objects:
		On entry : 
		On exit  : 
		Unchanged: 
 Data sizes:     COMMON   BANK0   BANK1   BANK2   BANK3   BANK4   BANK5   BANK6
      Params:         1       0       0       0       0       0       0       0
      Locals:         2       0       0       0       0       0       0       0
      Temps:          1       0       0       0       0       0       0       0
      Totals:         4       0       0       0       0       0       0       0
Total ram usage:        4 bytes
 Hardware stack levels used:    1
 Hardware stack levels required when called:    4
 This function calls:
		Nothing
 This function is called by:
		_MTOUCH_Sensor_Initialize
		_MTOUCH_Sensor_RawSample_Get
		_MTOUCH_Sensor_Enable
		_MTOUCH_Sensor_Calibrate
		_MTOUCH_Sensor_isCalibrated
		_MTOUCH_Sensor_wasSampled
		_MTOUCH_Sensor_isAnySensorActive
		_MTOUCH_Sensor_Disable
		_MTOUCH_Sensor_isEnabled
		_MTOUCH_Sensor_isActive
		_MTOUCH_Sensor_AdditionalCap_Get
		_MTOUCH_Sensor_AcquisitionTime_Get
		_MTOUCH_Sensor_PreChargeTime_Get
		_MTOUCH_Sensor_Oversampling_Get
		_MTOUCH_Sensor_Oversampling_Set
 This function uses a non-reentrant model


 *************** function _Button_Deviation_Update *****************
 Defined at:
		line 407 in file "mcc_generated_files/mtouch/mtouch_button.c"
 Parameters:    Size  Location     Type
  button          1    wreg     PTR struct .
		 -> mtouch_button(64), 
 Auto vars:     Size  Location     Type
  button          1    0[BANK0 ] PTR struct .
		 -> mtouch_button(64), 
  deviation       4    1[BANK0 ] long 
 Return value:  Size  Location     Type
                  1    wreg      void 
 Registers used:
		wreg, fsr1l, fsr1h, status,2, status,0
 Tracked objects:
		On entry : 
		On exit  : 
		Unchanged: 
 Data sizes:     COMMON   BANK0   BANK1   BANK2   BANK3   BANK4   BANK5   BANK6
      Params:         0       0       0       0       0       0       0       0
      Locals:         0       5       0       0       0       0       0       0
      Temps:         10       0       0       0       0       0       0       0
      Totals:        10       5       0       0       0       0       0       0
Total ram usage:       15 bytes
 Hardware stack levels used:    1
 Hardware stack levels required when called:    4
 This function calls:
		Nothing
 This function is called by:
		_Button_Service
 This function uses a non-reentrant model


 *************** function _MTOUCH_Button_SetPressedCallback *****************
 Defined at:
		line 536 in file "mcc_generated_files/mtouch/mtouch_button.c"
 Parameters:    Size  Location     Type
  callback        2    1[COMMON] PTR FTN(enum E3070,)void
		 -> myButtonPressedCallback(1), 
 Auto vars:     Size  Location     Type
		None
 Return value:  Size  Location     Type
                  1    wreg      void 
 Registers used:
		wreg
 Tracked objects:
		On entry : 
		On exit  : 
		Unchanged: 
 Data sizes:     COMMON   BANK0   BANK1   BANK2   BANK3   BANK4   BANK5   BANK6
      Params:         2       0       0       0       0       0       0       0
      Locals:         0       0       0       0       0       0       0       0
      Temps:          0       0       0       0       0       0       0       0
      Totals:         2       0       0       0       0       0       0       0
Total ram usage:        2 bytes
 Hardware stack levels used:    1
 Hardware stack levels required when called:    4
 This function calls:
		Nothing
 This function is called by:
		_main
 This function uses a non-reentrant model


 *************** function _MTOUCH_Button_SetNotPressedCallback *****************
 Defined at:
		line 540 in file "mcc_generated_files/mtouch/mtouch_button.c"
 Parameters:    Size  Location     Type
  callback        2    1[COMMON] PTR FTN(enum E3070,)void
		 -> myButtonReleasedCallback(1), 
 Auto vars:     Size  Location     Type
		None
 Return value:  Size  Location     Type
                  1    wreg      void 
 Registers used:
		wreg
 Tracked objects:
		On entry : 
		On exit  : 
		Unchanged: 
 Data sizes:     COMMON   BANK0   BANK1   BANK2   BANK3   BANK4   BANK5   BANK6
      Params:         2       0       0       0       0       0       0       0
      Locals:         0       0       0       0       0       0       0       0
      Temps:          0       0       0       0       0       0       0       0
      Totals:         2       0       0       0       0       0       0       0
Total ram usage:        2 bytes
 Hardware stack levels used:    1
 Hardware stack levels required when called:    4
 This function calls:
		Nothing
 This function is called by:
		_main
 This function uses a non-reentrant model


 *************** function _INTERRUPT_InterruptManager *****************
 Defined at:
		line 52 in file "mcc_generated_files/interrupt_manager.c"
 Parameters:    Size  Location     Type
		None
 Auto vars:     Size  Location     Type
		None
 Return value:  Size  Location     Type
                  1    wreg      void 
 Registers used:
		wreg, fsr1l, fsr1h, status,2, status,0, pclath, cstack
 Tracked objects:
		On entry : 
		On exit  : 
		Unchanged: 
 Data sizes:     COMMON   BANK0   BANK1   BANK2   BANK3   BANK4   BANK5   BANK6
      Params:         0       0       0       0       0       0       0       0
      Locals:         0       0       0       0       0       0       0       0
      Temps:          0       0       0       0       0       0       0       0
      Totals:         0       0       0       0       0       0       0       0
Total ram usage:        0 bytes
 Hardware stack levels used:    1
 Hardware stack levels required when called:    3
 This function calls:
		Absolute function
		_EUSART_Receive_ISR
 This function is called by:
		Interrupt level 1
 This function uses a non-reentrant model


 *************** function _EUSART_Receive_ISR *****************
 Defined at:
		line 180 in file "mcc_generated_files/eusart.c"
 Parameters:    Size  Location     Type
		None
 Auto vars:     Size  Location     Type
		None
 Return value:  Size  Location     Type
                  1    wreg      void 
 Registers used:
		wreg, fsr1l, fsr1h, status,2, status,0, pclath, cstack
 Tracked objects:
		On entry : 
		On exit  : 
		Unchanged: 
 Data sizes:     COMMON   BANK0   BANK1   BANK2   BANK3   BANK4   BANK5   BANK6
      Params:         0       0       0       0       0       0       0       0
      Locals:         0       0       0       0       0       0       0       0
      Temps:          0       0       0       0       0       0       0       0
      Totals:         0       0       0       0       0       0       0       0
Total ram usage:        0 bytes
 Hardware stack levels used:    1
 Hardware stack levels required when called:    2
 This function calls:
		Absolute function
		_EUSART_DefaultErrorHandler
		_EUSART_DefaultFramingErrorHandler
		_EUSART_DefaultOverrunErrorHandler
		_EUSART_RxDataHandler
 This function is called by:
		_EUSART_Initialize
		_INTERRUPT_InterruptManager
 This function uses a non-reentrant model


 *************** function _EUSART_DefaultOverrunErrorHandler *****************
 Defined at:
		line 216 in file "mcc_generated_files/eusart.c"
 Parameters:    Size  Location     Type
		None
 Auto vars:     Size  Location     Type
		None
 Return value:  Size  Location     Type
                  1    wreg      void 
 Registers used:
		None
 Tracked objects:
		On entry : 
		On exit  : 
		Unchanged: 
 Data sizes:     COMMON   BANK0   BANK1   BANK2   BANK3   BANK4   BANK5   BANK6
      Params:         0       0       0       0       0       0       0       0
      Locals:         0       0       0       0       0       0       0       0
      Temps:          0       0       0       0       0       0       0       0
      Totals:         0       0       0       0       0       0       0       0
Total ram usage:        0 bytes
 Hardware stack levels used:    1
 This function calls:
		Nothing
 This function is called by:
		_EUSART_Initialize
		_EUSART_Receive_ISR
 This function uses a non-reentrant model


 *************** function _EUSART_DefaultFramingErrorHandler *****************
 Defined at:
		line 214 in file "mcc_generated_files/eusart.c"
 Parameters:    Size  Location     Type
		None
 Auto vars:     Size  Location     Type
		None
 Return value:  Size  Location     Type
                  1    wreg      void 
 Registers used:
		None
 Tracked objects:
		On entry : 
		On exit  : 
		Unchanged: 
 Data sizes:     COMMON   BANK0   BANK1   BANK2   BANK3   BANK4   BANK5   BANK6
      Params:         0       0       0       0       0       0       0       0
      Locals:         0       0       0       0       0       0       0       0
      Temps:          0       0       0       0       0       0       0       0
      Totals:         0       0       0       0       0       0       0       0
Total ram usage:        0 bytes
 Hardware stack levels used:    1
 This function calls:
		Nothing
 This function is called by:
		_EUSART_Initialize
		_EUSART_Receive_ISR
 This function uses a non-reentrant model


 *************** function _EUSART_DefaultErrorHandler *****************
 Defined at:
		line 224 in file "mcc_generated_files/eusart.c"
 Parameters:    Size  Location     Type
		None
 Auto vars:     Size  Location     Type
		None
 Return value:  Size  Location     Type
                  1    wreg      void 
 Registers used:
		wreg, fsr1l, fsr1h, status,2, status,0, pclath, cstack
 Tracked objects:
		On entry : 
		On exit  : 
		Unchanged: 
 Data sizes:     COMMON   BANK0   BANK1   BANK2   BANK3   BANK4   BANK5   BANK6
      Params:         0       0       0       0       0       0       0       0
      Locals:         0       0       0       0       0       0       0       0
      Temps:          0       0       0       0       0       0       0       0
      Totals:         0       0       0       0       0       0       0       0
Total ram usage:        0 bytes
 Hardware stack levels used:    1
 Hardware stack levels required when called:    1
 This function calls:
		_EUSART_RxDataHandler
 This function is called by:
		_EUSART_Initialize
		_EUSART_Receive_ISR
 This function uses a non-reentrant model


 *************** function _EUSART_RxDataHandler *****************
 Defined at:
		line 204 in file "mcc_generated_files/eusart.c"
 Parameters:    Size  Location     Type
		None
 Auto vars:     Size  Location     Type
		None
 Return value:  Size  Location     Type
                  1    wreg      void 
 Registers used:
		wreg, fsr1l, fsr1h, status,2, status,0
 Tracked objects:
		On entry : 
		On exit  : 
		Unchanged: 
 Data sizes:     COMMON   BANK0   BANK1   BANK2   BANK3   BANK4   BANK5   BANK6
      Params:         0       0       0       0       0       0       0       0
      Locals:         0       0       0       0       0       0       0       0
      Temps:          1       0       0       0       0       0       0       0
      Totals:         1       0       0       0       0       0       0       0
Total ram usage:        1 bytes
 Hardware stack levels used:    1
 This function calls:
		Nothing
 This function is called by:
		_EUSART_Receive_ISR
		_EUSART_DefaultErrorHandler
 This function uses a non-reentrant model



MODULE INFORMATION

Module		Function		Class		Link	Load	Size
mcc_generated_files/mtouch/mtouch_button.c
		_Button_Deviation_Update		CODE           	0504	0000	136
		_MTOUCH_Button_SetNotPressedCallback		CODE           	0BD7	0000	7
		_MTOUCH_Button_Initialize		CODE           	0F93	0000	55
		_Button_Tick_helper		CODE           	0E84	0000	40
		_MTOUCH_Button_InitializeAll		CODE           	0E01	0000	29
		_Button_Baseline_Update		CODE           	03EB	0000	144
		_Button_State_Pressed		CODE           	0601	0000	103
		_Button_Reading_Update		CODE           	0C81	0000	15
		_Button_DefaultCallback		CODE           	0BBB	0000	2
		_MTOUCH_Button_Tick		CODE           	0D73	0000	23
		_Button_State_NotPressed		CODE           	02B5	0000	164
		_MTOUCH_Button_SetPressedCallback		CODE           	0BDD	0000	7
		_Button_Reading_Update_Helper		CODE           	077A	0000	78
		_Button_Service		CODE           	0725	0000	86
		_Button_State_Initializing		CODE           	0667	0000	99
		_MTOUCH_Button_ServiceAll		CODE           	0CAB	0000	17
		_Button_Baseline_Initialize		CODE           	0F03	0000	47

mcc_generated_files/mtouch/mtouch_button.c estimated size: 1052

mcc_generated_files/tmr2.c
		_TMR2_LoadPeriodRegister		CODE           	0BD2	0000	6
		_TMR2_Initialize		CODE           	0C31	0000	9
		_TMR2_StopTimer		CODE           	0BC4	0000	4
		_TMR2_StartTimer		CODE           	0BC1	0000	4

mcc_generated_files/tmr2.c estimated size: 23

mcc_generated_files/interrupt_manager.c
		_INTERRUPT_InterruptManager		CODE           	0004	0000	19

mcc_generated_files/interrupt_manager.c estimated size: 19

mcc_generated_files/mtouch/mtouch.c
		_MTOUCH_Tick   		CODE           	0BC7	0000	4
		_MTOUCH_Initialize		CODE           	0C4E	0000	13
		_MTOUCH_Service_Mainloop		CODE           	0DE5	0000	29
		_MTOUCH_needReburst		CODE           	0002	0000	3

mcc_generated_files/mtouch/mtouch.c estimated size: 49

mcc_generated_files/pin_manager.c
		_PIN_MANAGER_Initialize		CODE           	0E1D	0000	30

mcc_generated_files/pin_manager.c estimated size: 30

C:\Program Files (x86)\Microchip\xc8\v2.05\pic\sources\c99\common\Umul8.c
		___bmul        		CODE           	0CDB	0000	18

C:\Program Files (x86)\Microchip\xc8\v2.05\pic\sources\c99\common\Umul8.c estimated size: 18

shared
		Sensor_Scanfrequency_Evaluation@frequency_hop		STRCODE        	1000	0000	6
		_sensor_scan_group		STRCODE        	1005	0000	5
		__initialization		CODE           	0018	0000	49
		_mtouch_button_init		STRCODE        	07C7	0000	65

shared estimated size: 125

mcc_generated_files/mcc.c
		_WDT_Initialize		CODE           	0BCE	0000	5
		_OSCILLATOR_Initialize		CODE           	0BFB	0000	7
		_SYSTEM_Initialize		CODE           	0D0E	0000	19

mcc_generated_files/mcc.c estimated size: 31

C:\Program Files (x86)\Microchip\xc8\v2.05\pic\sources\c99\common\abs.c
		_abs           		CODE           	0DB7	0000	24

C:\Program Files (x86)\Microchip\xc8\v2.05\pic\sources\c99\common\abs.c estimated size: 24

mcc_generated_files/eusart.c
		_EUSART_SetRxInterruptHandler		CODE           	0BF5	0000	7
		_EUSART_DefaultOverrunErrorHandler		CODE           	0BCA	0000	5
		_EUSART_DefaultErrorHandler		CODE           	0BBE	0000	4
		_EUSART_Initialize		CODE           	0F31	0000	49
		_EUSART_SetFramingErrorHandler		CODE           	0BE9	0000	7
		_EUSART_SetErrorHandler		CODE           	0BE3	0000	7
		_EUSART_SetOverrunErrorHandler		CODE           	0BEF	0000	7
		_EUSART_Receive_ISR		CODE           	0F61	0000	51
		_EUSART_RxDataHandler		CODE           	0D89	0000	24
		_EUSART_DefaultFramingErrorHandler		CODE           	0BB9	0000	2

mcc_generated_files/eusart.c estimated size: 163

C:\Program Files (x86)\Microchip\xc8\v2.05\pic\sources\c99\common\memcpy.c
		_memcpy        		CODE           	0EAB	0000	44

C:\Program Files (x86)\Microchip\xc8\v2.05\pic\sources\c99\common\memcpy.c estimated size: 44

main.c
		_myButtonReleasedCallback		CODE           	0BBA	0000	2
		_main          		CODE           	0DCE	0000	24
		_myButtonPressedCallback		CODE           	0BBC	0000	2

main.c estimated size: 28

mcc_generated_files/mtouch/mtouch_sensor.c
		_Sensor_setCalibrated		CODE           	0C42	0000	13
		_Sensor_Acq_ExecutePacket		CODE           	004C	0000	447
		_Sensor_getScanGroupIndex		CODE           	0ED6	0000	46
		_Sensor_Acquisition		CODE           	06C9	0000	93
		_Sensor_postAcquisitionProcess		CODE           	0FC9	0000	56
		_Sensor_isCalibrated		CODE           	0C39	0000	10
		_MTOUCH_Sensor_Initialize		CODE           	0D48	0000	22
		_Sensor_Sampled_Reset		CODE           	0C22	0000	8
		_MTOUCH_Sensor_InitializeAll		CODE           	0C9D	0000	15
		_Sensor_DefaultCallback		CODE           	0BBD	0000	2
		_Sensor_loadADCSettings		CODE           	020A	0000	172
		_Sensor_isEnabled		CODE           	0CCB	0000	17
		_MTOUCH_Sensor_isCalibrated		CODE           	0D33	0000	22
		_MTOUCH_Sensor_Calibrate		CODE           	0CEC	0000	18
		_MTOUCH_Sensor_Sampled_ResetAll		CODE           	0D20	0000	20
		_Sensor_setActive		CODE           	0C0D	0000	8
		_Sensor_Scanfrequency_Evaluation		CODE           	058B	0000	119
		_MTOUCH_Sensor_Enable		CODE           	0CFD	0000	18
		_Sensor_setSampled		CODE           	0C1B	0000	8
		_Sensor_isCalibratingAcqTime		CODE           	0C29	0000	9
		_MTOUCH_Sensor_RawSample_Get		CODE           	0DA0	0000	24
		_MTOUCH_Sensor_SampleAll		CODE           	0D5D	0000	23
		_MTOUCH_Sensor_wasSampled		CODE           	0C8F	0000	15
		_Sensor_Service		CODE           	0358	0000	148
		_Sensor_autoCalibration		CODE           	047A	0000	139
		_MTOUCH_Sensor_Scan_Initialize		CODE           	0CBB	0000	17
		_Sensor_RawSample_Update		CODE           	0E5E	0000	39
		_Sensor_isActive		CODE           	0C67	0000	14
		_Sensor_setCalibratAcqTime		CODE           	0C5A	0000	14
		_Sensor_setInactive		CODE           	0C14	0000	8

mcc_generated_files/mtouch/mtouch_sensor.c estimated size: 1564

