Microchip MPLAB XC8 Compiler V2.05 ()

Linker command line:

-W-3 --edf=C:\Program Files (x86)\Microchip\xc8\v2.05\pic\dat\en_msgs.txt \
  -cs -h+dist/default/production\SQ_04.X.production.sym \
  --cmf=dist/default/production\SQ_04.X.production.cmf -z -Q16LF1559 \
  -oC:\Users\ngodi\AppData\Local\Temp\s164.2 --defsym=__MPLAB_BUILD=1 \
  -Mdist/default/production/SQ_04.X.production.map -E1 -ver=XC8 \
  --acfsm=1493 -ASTACK=02130h-021EFh -pstack=STACK -ACODE=00h-07FFhx4 \
  -ASTRCODE=00h-01FFFh -ASTRING=00h-0FFhx32 -ACONST=00h-0FFhx32 \
  -AENTRY=00h-0FFhx32 -ACOMMON=070h-07Fh -ABANK0=020h-06Fh \
  -ABANK1=0A0h-0EFh -ABANK2=0120h-016Fh -ABANK3=01A0h-01EFh \
  -ABANK4=0220h-026Fh -ABANK5=02A0h-02EFh -ABANK6=0320h-032Fh \
  -ABIGRAM=02000h-021EFh \
  -ARAM=020h-06Fh,0A0h-0EFh,0120h-016Fh,01A0h-01EFh,0220h-026Fh,02A0h-02EFh,0320h-032Fh \
  -AABS1=020h-07Fh,0A0h-0EFh,0120h-016Fh,01A0h-01EFh,0220h-026Fh,02A0h-02EFh,0320h-032Fh \
  -ASFR0=00h-01Fh -ASFR1=080h-09Fh -ASFR2=0100h-011Fh -ASFR3=0180h-019Fh \
  -ASFR4=0200h-021Fh -ASFR5=0280h-029Fh -ASFR6=0300h-031Fh \
  -ASFR7=0380h-03EFh -ASFR8=0400h-046Fh -ASFR9=0480h-04EFh \
  -ASFR10=0500h-056Fh -ASFR11=0580h-05EFh -ASFR12=0600h-066Fh \
  -ASFR13=0680h-06EFh -ASFR14=0700h-076Fh -ASFR15=0780h-07EFh \
  -ASFR16=0800h-086Fh -ASFR17=0880h-08EFh -ASFR18=0900h-096Fh \
  -ASFR19=0980h-09EFh -ASFR20=0A00h-0A6Fh -ASFR21=0A80h-0AEFh \
  -ASFR22=0B00h-0B6Fh -ASFR23=0B80h-0BEFh -ASFR24=0C00h-0C6Fh \
  -ASFR25=0C80h-0CEFh -ASFR26=0D00h-0D6Fh -ASFR27=0D80h-0DEFh \
  -ASFR28=0E00h-0E6Fh -ASFR29=0E80h-0EEFh -ASFR30=0F00h-0F6Fh \
  -ASFR31=0F80h-0FEFh -preset_vec=00h,intentry=04h,init,end_init \
  -ppowerup=CODE -pcinit=CODE -pfunctab=ENTRY -ACONFIG=08007h-08008h \
  -pconfig=CONFIG -DCONFIG=2 -AIDLOC=08000h-08003h -pidloc=IDLOC -DIDLOC=2 \
  -DCODE=2 -DSTRCODE=2 -DSTRING=2 -DCONST=2 -DENTRY=2 -k \
  C:\Users\ngodi\AppData\Local\Temp\s164.o \
  dist/default/production\SQ_04.X.production.o 

Object code version is 3.11

Machine type is 16LF1559



                Name                               Link     Load   Length Selector   Space Scale
C:\Users\ngodi\AppData\Local\Temp\s164.o
                end_init                             16       16        2        8       0
                reset_vec                             0        0        2        0       0
                config                             8007     8007        2    1000E       0
dist/default/production\SQ_04.X.production.o
                cinit                                18       18       40        8       0
                intentry                              4        4       12        8       0
                text94                             1624     1624       17     2C48       0
                text93                             142C     142C        3     2858       0
                text92                             1429     1429        1     2852       0
                text91                             1438     1438        4     2870       0
                text90                              93E      93E       32     127C       0
                text88                              EC6      EC6       9D     1D8C       0
                text87                              F63      F63       9D     1EC6       0
                text86                             1480     1480        8     2900       0
                text85                             1440     1440        5     2880       0
                text84                              970      970       35     12E0       0
                text83                             1712     1712       26     2E24       0
                text82                             1652     1652       18     2CA4       0
                text81                              AAA      AAA       50     1554       0
                text80                              8DD      8DD       30     11BA       0
                text79                              64F      64F       A8        8       0
                text78                              8AE      8AE       2F     115C       0
                text77                             1551     1551       11     2AA2       0
                text76                              5A5      5A5       AA        8       0
                text75                              3D1      3D1      124        8       0
                text74                             1738     1738       27     2E70       0
                text73                             142F     142F        3     285E       0
                text72                             144A     144A        6     2894       0
                text71                             1450     1450        6     28A0       0
                text70                              C89      C89       87     1912       0
                text69                             1562     1562       11     2AC4       0
                text68                             166A     166A       18     2CD4       0
                text67                              A5D      A5D       4D     14BA       0
                text66                             14DB     14DB        E     29B6       0
                text65                              852      852       2E     10A4       0
                text64                              D10      D10       8F     1A20       0
                text63                             1584     1584       12     2B08       0
                text62                              9A5      9A5       36     134A       0
                text61                             1682     1682       1B     2D04       0
                text60                             16F3     16F3       1F     2DE6       0
                text59                             142A     142A        1     2854       0
                text58                              880      880       2E     1100       0
                text57                              BAB      BAB       68     1756       0
                text56                              79B      79B       62        8       0
                text55                              6F7      6F7       A4        8       0
                text54                             15E2     15E2       16     2BC4       0
                text53                             1513     1513        F     2A26       0
                text52                              AFA      AFA       55     15F4       0
                text51                             1531     1531       10     2A62       0
                text50                             1541     1541       10     2A82       0
                text49                              825      825       2D     104A       0
                text48                             14B0     14B0        9     2960       0
                text47                             1522     1522        F     2A44       0
                text46                             14E9     14E9        E     29D2       0
                text45                             163B     163B       17     2C76       0
                text44                              D9F      D9F       92     1B3E       0
                text43                             14F7     14F7        E     29EE       0
                text42                             1573     1573       11     2AE6       0
                text41                             14B9     14B9        A     2972       0
                text40                              4F5      4F5       B0        8       0
                text39                             1445     1445        5     288A       0
                text38                             1432     1432        3     2864       0
                text37                             1435     1435        3     286A       0
                text36                               58       58      1CA        8       0
                text35                              C13      C13       76     1826       0
                text34                             1488     1488        8     2910       0
                text33                             1490     1490        8     2920       0
                text32                              9DB      9DB       38     13B6       0
                text31                              B4F      B4F       5C     169E       0
                text30                             142B     142B        1     2856       0
                text29                             17AD     17AD       28     2F5A       0
                text28                             1498     1498        8     2930       0
                text27                              E31      E31       95     1C62       0
                text26                             15F8     15F8       16     2BF0       0
                text25                             14A0     14A0        8     2940       0
                text24                             15BA     15BA       13     2B74       0
                text23                             175F     175F       27     2EBE       0
                text22                             160E     160E       16     2C1C       0
                text21                              7FD      7FD        3        8       0
                text20                                2        2        2        0       0
                text19                             16B9     16B9       1D     2D72       0
                text18                             1456     1456        6     28AC       0
                text17                             145C     145C        6     28B8       0
                text16                             1462     1462        6     28C4       0
                text15                             1468     1468        6     28D0       0
                text14                              90D      90D       31     121A       0
                text13                             17D5     17D5       2B     2FAA       0
                text12                             169D     169D       1C     2D3A       0
                text11                             1596     1596       12     2B2C       0
                text10                             15CD     15CD       15     2B9A       0
                text9                              1505     1505        E     2A0A       0
                text8                              14C3     14C3        C     2986       0
                text7                              146E     146E        6     28DC       0
                text6                              16D6     16D6       1D     2DAC       0
                text5                              14A8     14A8        8     2950       0
                text4                              143C     143C        4     2878       0
                text3                              15A8     15A8       12     2B50       0
                text2                               A13      A13       4A     1426       0
                text1                              1786     1786       27     2F0C       0
                maintext                            222      222      1AF        8       0
                cstackBANK0                          20       20       3C       20       1
                cstackCOMMON                         70       70        C       70       1
                cstackBANK1                          D2       D2        2       A0       1
                clrtext                            1474     1474        6     28E8       0
                inittext                           147A     147A        6     28F4       0
                bssBANK3                            1A0      1A0       40      1A0       1
                dataBANK2                           120      120       24      120       1
                bssBANK2                            144      144       20      120       1
                dataBANK1                            BE       BE        C       A0       1
                bssBANK1                             A0       A0       1E       A0       1
                dataBANK0                            6E       6E        1       20       1
                bssBANK0                             5C       5C       12       20       1
                bssCOMMON                            7C       7C        1       70       1
                stringtext21                       1862     1862        3     3000       0
                stringtext20                       1859     1859        5     3000       0
                stringtext19                       1854     1854        5     3000       0
                stringtext18                       184F     184F        5     3000       0
                stringtext17                       184A     184A        5     3000       0
                stringtext16                       1845     1845        5     3000       0
                stringtext15                       1840     1840        5     3000       0
                stringtext14                       183B     183B        5     3000       0
                stringtext13                       1836     1836        5     3000       0
                stringtext12                       1831     1831        5     3000       0
                stringtext11                       182C     182C        5     3000       0
                stringtext10                       1827     1827        5     3000       0
                stringtext9                        1822     1822        5     3000       0
                stringtext8                        181D     181D        5     3000       0
                stringtext7                        1818     1818        5     3000       0
                stringtext6                        1813     1813        5     3000       0
                stringtext5                        180E     180E        5     3000       0
                stringtext4                        1800     1800        9     3000       0
                nvBANK1                              CA       CA        8       A0       1
                stringtext3                        1000     1000       40     2000       0
                stringtext2                        185E     185E        4     3000       0
                stringtext1                        1809     1809        5     3000       0
                idataBANK2                          801      801       24     1002       0
                idataBANK1                         14CF     14CF        C     299E       0
                idataBANK0                          800      800        1        8       0

TOTAL           Name                               Link     Load   Length     Space
        CLASS   STACK          

        CLASS   CODE           
                end_init                             16       16        2         0
                cinit                                18       18       40         0
                intentry                              4        4       12         0
                reset_vec                             0        0        2         0
                text94                             1624     1624       17         0
                text93                             142C     142C        3         0
                text92                             1429     1429        1         0
                text91                             1438     1438        4         0
                text90                              93E      93E       32         0
                text88                              EC6      EC6       9D         0
                text87                              F63      F63       9D         0
                text86                             1480     1480        8         0
                text85                             1440     1440        5         0
                text84                              970      970       35         0
                text83                             1712     1712       26         0
                text82                             1652     1652       18         0
                text81                              AAA      AAA       50         0
                text80                              8DD      8DD       30         0
                text79                              64F      64F       A8         0
                text78                              8AE      8AE       2F         0
                text77                             1551     1551       11         0
                text76                              5A5      5A5       AA         0
                text75                              3D1      3D1      124         0
                text74                             1738     1738       27         0
                text73                             142F     142F        3         0
                text72                             144A     144A        6         0
                text71                             1450     1450        6         0
                text70                              C89      C89       87         0
                text69                             1562     1562       11         0
                text68                             166A     166A       18         0
                text67                              A5D      A5D       4D         0
                text66                             14DB     14DB        E         0
                text65                              852      852       2E         0
                text64                              D10      D10       8F         0
                text63                             1584     1584       12         0
                text62                              9A5      9A5       36         0
                text61                             1682     1682       1B         0
                text60                             16F3     16F3       1F         0
                text59                             142A     142A        1         0
                text58                              880      880       2E         0
                text57                              BAB      BAB       68         0
                text56                              79B      79B       62         0
                text55                              6F7      6F7       A4         0
                text54                             15E2     15E2       16         0
                text53                             1513     1513        F         0
                text52                              AFA      AFA       55         0
                text51                             1531     1531       10         0
                text50                             1541     1541       10         0
                text49                              825      825       2D         0
                text48                             14B0     14B0        9         0
                text47                             1522     1522        F         0
                text46                             14E9     14E9        E         0
                text45                             163B     163B       17         0
                text44                              D9F      D9F       92         0
                text43                             14F7     14F7        E         0
                text42                             1573     1573       11         0
                text41                             14B9     14B9        A         0
                text40                              4F5      4F5       B0         0
                text39                             1445     1445        5         0
                text38                             1432     1432        3         0
                text37                             1435     1435        3         0
                text36                               58       58      1CA         0
                text35                              C13      C13       76         0
                text34                             1488     1488        8         0
                text33                             1490     1490        8         0
                text32                              9DB      9DB       38         0
                text31                              B4F      B4F       5C         0
                text30                             142B     142B        1         0
                text29                             17AD     17AD       28         0
                text28                             1498     1498        8         0
                text27                              E31      E31       95         0
                text26                             15F8     15F8       16         0
                text25                             14A0     14A0        8         0
                text24                             15BA     15BA       13         0
                text23                             175F     175F       27         0
                text22                             160E     160E       16         0
                text21                              7FD      7FD        3         0
                text20                                2        2        2         0
                text19                             16B9     16B9       1D         0
                text18                             1456     1456        6         0
                text17                             145C     145C        6         0
                text16                             1462     1462        6         0
                text15                             1468     1468        6         0
                text14                              90D      90D       31         0
                text13                             17D5     17D5       2B         0
                text12                             169D     169D       1C         0
                text11                             1596     1596       12         0
                text10                             15CD     15CD       15         0
                text9                              1505     1505        E         0
                text8                              14C3     14C3        C         0
                text7                              146E     146E        6         0
                text6                              16D6     16D6       1D         0
                text5                              14A8     14A8        8         0
                text4                              143C     143C        4         0
                text3                              15A8     15A8       12         0
                text2                               A13      A13       4A         0
                text1                              1786     1786       27         0
                maintext                            222      222      1AF         0
                clrtext                            1474     1474        6         0
                inittext                           147A     147A        6         0
                idataBANK2                          801      801       24         0
                idataBANK1                         14CF     14CF        C         0
                idataBANK0                          800      800        1         0

        CLASS   STRCODE        
                stringtext21                       1862     1862        3         0
                stringtext20                       1859     1859        5         0
                stringtext19                       1854     1854        5         0
                stringtext18                       184F     184F        5         0
                stringtext17                       184A     184A        5         0
                stringtext16                       1845     1845        5         0
                stringtext15                       1840     1840        5         0
                stringtext14                       183B     183B        5         0
                stringtext13                       1836     1836        5         0
                stringtext12                       1831     1831        5         0
                stringtext11                       182C     182C        5         0
                stringtext10                       1827     1827        5         0
                stringtext9                        1822     1822        5         0
                stringtext8                        181D     181D        5         0
                stringtext7                        1818     1818        5         0
                stringtext6                        1813     1813        5         0
                stringtext5                        180E     180E        5         0
                stringtext4                        1800     1800        9         0
                stringtext3                        1000     1000       40         0
                stringtext2                        185E     185E        4         0
                stringtext1                        1809     1809        5         0

        CLASS   STRING         

        CLASS   CONST          

        CLASS   ENTRY          

        CLASS   COMMON         
                cstackCOMMON                         70       70        C         1
                bssCOMMON                            7C       7C        1         1

        CLASS   BANK0          
                cstackBANK0                          20       20       3C         1
                dataBANK0                            6E       6E        1         1
                bssBANK0                             5C       5C       12         1

        CLASS   BANK1          
                cstackBANK1                          D2       D2        2         1
                dataBANK1                            BE       BE        C         1
                bssBANK1                             A0       A0       1E         1
                nvBANK1                              CA       CA        8         1

        CLASS   BANK2          
                dataBANK2                           120      120       24         1
                bssBANK2                            144      144       20         1

        CLASS   BANK3          
                bssBANK3                            1A0      1A0       40         1

        CLASS   BANK4          

        CLASS   BANK5          

        CLASS   BANK6          

        CLASS   BIGRAM         

        CLASS   RAM            

        CLASS   ABS1           
                abs_s1                               7E       7E        2         1

        CLASS   SFR0           

        CLASS   SFR1           

        CLASS   SFR2           

        CLASS   SFR3           

        CLASS   SFR4           

        CLASS   SFR5           

        CLASS   SFR6           

        CLASS   SFR7           

        CLASS   SFR8           

        CLASS   SFR9           

        CLASS   SFR10          

        CLASS   SFR11          

        CLASS   SFR12          

        CLASS   SFR13          

        CLASS   SFR14          

        CLASS   SFR15          

        CLASS   SFR16          

        CLASS   SFR17          

        CLASS   SFR18          

        CLASS   SFR19          

        CLASS   SFR20          

        CLASS   SFR21          

        CLASS   SFR22          

        CLASS   SFR23          

        CLASS   SFR24          

        CLASS   SFR25          

        CLASS   SFR26          

        CLASS   SFR27          

        CLASS   SFR28          

        CLASS   SFR29          

        CLASS   SFR30          

        CLASS   SFR31          

        CLASS   CONFIG         
                config                             8007     8007        2         0

        CLASS   IDLOC          

        CLASS   BANK31         

        CLASS   BANK30         

        CLASS   BANK29         

        CLASS   BANK28         

        CLASS   BANK27         

        CLASS   BANK26         

        CLASS   BANK25         

        CLASS   BANK24         

        CLASS   BANK23         

        CLASS   BANK22         

        CLASS   BANK21         

        CLASS   BANK20         

        CLASS   BANK19         

        CLASS   BANK18         

        CLASS   BANK17         

        CLASS   BANK16         

        CLASS   BANK15         

        CLASS   BANK14         

        CLASS   BANK13         

        CLASS   BANK12         

        CLASS   BANK11         

        CLASS   BANK10         

        CLASS   BANK9          

        CLASS   BANK8          

        CLASS   BANK7          

        CLASS   EEDATA         



SEGMENTS        Name                           Load    Length   Top    Selector   Space  Class     Delta

                reset_vec                      000000  000004  000004         0       0  CODE        2
                intentry                       000004  0007FD  000801         8       0  CODE        2
                cstackBANK0                    000020  00004F  00006F        20       1  BANK0       1
                cstackCOMMON                   000070  00000D  00007D        70       1  COMMON      1
                bssBANK1                       0000A0  000034  0000D4        A0       1  BANK1       1
                dataBANK2                      000120  000044  000164       120       1  BANK2       1
                bssBANK3                       0001A0  000040  0001E0       1A0       1  BANK3       1
                idataBANK2                     000801  000024  000825      1002       0  CODE        2
                text49                         000825  00002D  000852      104A       0  CODE        2
                text65                         000852  00002E  000880      10A4       0  CODE        2
                text58                         000880  00002E  0008AE      1100       0  CODE        2
                text78                         0008AE  00002F  0008DD      115C       0  CODE        2
                text80                         0008DD  000030  00090D      11BA       0  CODE        2
                text14                         00090D  000031  00093E      121A       0  CODE        2
                text90                         00093E  000032  000970      127C       0  CODE        2
                text84                         000970  000035  0009A5      12E0       0  CODE        2
                text62                         0009A5  000036  0009DB      134A       0  CODE        2
                text32                         0009DB  000038  000A13      13B6       0  CODE        2
                text2                          000A13  00004A  000A5D      1426       0  CODE        2
                text67                         000A5D  00004D  000AAA      14BA       0  CODE        2
                text81                         000AAA  000050  000AFA      1554       0  CODE        2
                text52                         000AFA  000055  000B4F      15F4       0  CODE        2
                text31                         000B4F  00005C  000BAB      169E       0  CODE        2
                text57                         000BAB  000068  000C13      1756       0  CODE        2
                text35                         000C13  000076  000C89      1826       0  CODE        2
                text70                         000C89  000087  000D10      1912       0  CODE        2
                text64                         000D10  00008F  000D9F      1A20       0  CODE        2
                text44                         000D9F  000092  000E31      1B3E       0  CODE        2
                text27                         000E31  000095  000EC6      1C62       0  CODE        2
                text88                         000EC6  00009D  000F63      1D8C       0  CODE        2
                text87                         000F63  00009D  001000      1EC6       0  CODE        2
                stringtext3                    001000  000040  001040      2000       0  STRCODE     2
                text92                         001429  000001  00142A      2852       0  CODE        2
                text59                         00142A  000001  00142B      2854       0  CODE        2
                text30                         00142B  000001  00142C      2856       0  CODE        2
                text93                         00142C  000003  00142F      2858       0  CODE        2
                text73                         00142F  000003  001432      285E       0  CODE        2
                text38                         001432  000003  001435      2864       0  CODE        2
                text37                         001435  000003  001438      286A       0  CODE        2
                text91                         001438  000004  00143C      2870       0  CODE        2
                text4                          00143C  000004  001440      2878       0  CODE        2
                text85                         001440  000005  001445      2880       0  CODE        2
                text39                         001445  000005  00144A      288A       0  CODE        2
                text72                         00144A  000006  001450      2894       0  CODE        2
                text71                         001450  000006  001456      28A0       0  CODE        2
                text18                         001456  000006  00145C      28AC       0  CODE        2
                text17                         00145C  000006  001462      28B8       0  CODE        2
                text16                         001462  000006  001468      28C4       0  CODE        2
                text15                         001468  000006  00146E      28D0       0  CODE        2
                text7                          00146E  000006  001474      28DC       0  CODE        2
                clrtext                        001474  000006  00147A      28E8       0  CODE        2
                inittext                       00147A  000006  001480      28F4       0  CODE        2
                text86                         001480  000008  001488      2900       0  CODE        2
                text34                         001488  000008  001490      2910       0  CODE        2
                text33                         001490  000008  001498      2920       0  CODE        2
                text28                         001498  000008  0014A0      2930       0  CODE        2
                text25                         0014A0  000008  0014A8      2940       0  CODE        2
                text5                          0014A8  000008  0014B0      2950       0  CODE        2
                text48                         0014B0  000009  0014B9      2960       0  CODE        2
                text41                         0014B9  00000A  0014C3      2972       0  CODE        2
                text8                          0014C3  00000C  0014CF      2986       0  CODE        2
                idataBANK1                     0014CF  00000C  0014DB      299E       0  CODE        2
                text66                         0014DB  00000E  0014E9      29B6       0  CODE        2
                text46                         0014E9  00000E  0014F7      29D2       0  CODE        2
                text43                         0014F7  00000E  001505      29EE       0  CODE        2
                text9                          001505  00000E  001513      2A0A       0  CODE        2
                text53                         001513  00000F  001522      2A26       0  CODE        2
                text47                         001522  00000F  001531      2A44       0  CODE        2
                text51                         001531  000010  001541      2A62       0  CODE        2
                text50                         001541  000010  001551      2A82       0  CODE        2
                text77                         001551  000011  001562      2AA2       0  CODE        2
                text69                         001562  000011  001573      2AC4       0  CODE        2
                text42                         001573  000011  001584      2AE6       0  CODE        2
                text63                         001584  000012  001596      2B08       0  CODE        2
                text11                         001596  000012  0015A8      2B2C       0  CODE        2
                text3                          0015A8  000012  0015BA      2B50       0  CODE        2
                text24                         0015BA  000013  0015CD      2B74       0  CODE        2
                text10                         0015CD  000015  0015E2      2B9A       0  CODE        2
                text54                         0015E2  000016  0015F8      2BC4       0  CODE        2
                text26                         0015F8  000016  00160E      2BF0       0  CODE        2
                text22                         00160E  000016  001624      2C1C       0  CODE        2
                text94                         001624  000017  00163B      2C48       0  CODE        2
                text45                         00163B  000017  001652      2C76       0  CODE        2
                text82                         001652  000018  00166A      2CA4       0  CODE        2
                text68                         00166A  000018  001682      2CD4       0  CODE        2
                text61                         001682  00001B  00169D      2D04       0  CODE        2
                text12                         00169D  00001C  0016B9      2D3A       0  CODE        2
                text19                         0016B9  00001D  0016D6      2D72       0  CODE        2
                text6                          0016D6  00001D  0016F3      2DAC       0  CODE        2
                text60                         0016F3  00001F  001712      2DE6       0  CODE        2
                text83                         001712  000026  001738      2E24       0  CODE        2
                text74                         001738  000027  00175F      2E70       0  CODE        2
                text23                         00175F  000027  001786      2EBE       0  CODE        2
                text1                          001786  000027  0017AD      2F0C       0  CODE        2
                text29                         0017AD  000028  0017D5      2F5A       0  CODE        2
                text13                         0017D5  00002B  001800      2FAA       0  CODE        2
                stringtext4                    001800  000065  001865      3000       0  STRCODE     2
                config                         008007  000002  008009     1000E       0  CONFIG      2


UNUSED ADDRESS RANGES

        Name                Unused          Largest block    Delta
        BANK0            0006F-0006F               1           1
        BANK1            000D4-000EF              1C           1
        BANK2            00164-0016F               C           1
        BANK3            001E0-001EF              10           1
        BANK4            00220-0026F              50           1
        BANK5            002A0-002EF              50           1
        BANK6            00320-0032F              10           1
        BIGRAM           02000-021EF             1F0           1
        CODE             01040-01428             3E9           2
                         01865-01FFF             79B
        COMMON           0007D-0007D               1           1
        CONST            01040-01428             100           2
                         01865-01FFF             100
        ENTRY            01040-01428             100           2
                         01865-01FFF             100
        IDLOC            08000-08003               4           2
        RAM              0006F-0006F               1           1
                         000D4-000EF              1C
                         00164-0016F               C
                         001E0-001EF              10
                         00220-0026F              50
                         002A0-002EF              50
                         00320-0032F              10
        SFR0             00000-0001F              20           1
        SFR1             00080-0009F              20           1
        SFR10            00500-0056F              70           1
        SFR11            00580-005EF              70           1
        SFR12            00600-0066F              70           1
        SFR13            00680-006EF              70           1
        SFR14            00700-0076F              70           1
        SFR15            00780-007EF              70           1
        SFR16            00800-0086F              70           1
        SFR17            00880-008EF              70           1
        SFR18            00900-0096F              70           1
        SFR19            00980-009EF              70           1
        SFR2             00100-0011F              20           1
        SFR20            00A00-00A6F              70           1
        SFR21            00A80-00AEF              70           1
        SFR22            00B00-00B6F              70           1
        SFR23            00B80-00BEF              70           1
        SFR24            00C00-00C6F              70           1
        SFR25            00C80-00CEF              70           1
        SFR26            00D00-00D6F              70           1
        SFR27            00D80-00DEF              70           1
        SFR28            00E00-00E6F              70           1
        SFR29            00E80-00EEF              70           1
        SFR3             00180-0019F              20           1
        SFR30            00F00-00F6F              70           1
        SFR31            00F80-00FEF              70           1
        SFR4             00200-0021F              20           1
        SFR5             00280-0029F              20           1
        SFR6             00300-0031F              20           1
        SFR7             00380-003EF              70           1
        SFR8             00400-0046F              70           1
        SFR9             00480-004EF              70           1
        STACK            02130-021EF              C0           1
        STRCODE          01040-01428             3E9           2
                         01865-01FFF             79B
        STRING           01040-01428             100           2
                         01865-01FFF             100

                                  Symbol Table

?_MTOUCH_Sensor_RawSample_Get                         cstackCOMMON 00075
?_abs                                                 cstackCOMMON 00071
?_ctoa                                                cstackBANK0  00030
?_pad                                                 cstackBANK0  00027
?_printf                                              cstackBANK0  00047
?_strlen                                              cstackCOMMON 00071
?_vfpfcnvrt                                           cstackBANK0  00036
?_vfprintf                                            cstackBANK0  0003F
Button_Baseline_Initialize@button                     cstackCOMMON 00079
Button_Baseline_Update@button                         cstackCOMMON 00077
Button_DefaultCallback@button                         cstackBANK0  0004F
Button_Deviation_Update@button                        cstackBANK0  00020
Button_Deviation_Update@deviation                     cstackBANK0  00021
Button_Reading_Update@button                          cstackBANK0  00020
Button_Reading_Update_Helper@button                   cstackCOMMON 0007B
Button_Service@button                                 cstackBANK0  00058
Button_Service@name                                   cstackBANK0  00057
Button_State_Initializing@button                      cstackBANK0  00050
Button_State_NotPressed@button                        cstackBANK0  00050
Button_State_Pressed@button                           cstackBANK0  00050
Button_Tick_helper@button                             cstackCOMMON 00073
DATA_PROCESS@x                                        cstackBANK0  00051
EUSART_Read@readValue                                 cstackCOMMON 00072
EUSART_SetErrorHandler@interruptHandler               cstackCOMMON 00071
EUSART_SetFramingErrorHandler@interruptHandler        cstackCOMMON 00071
EUSART_SetOverrunErrorHandler@interruptHandler        cstackCOMMON 00071
EUSART_SetRxInterruptHandler@interruptHandler         cstackCOMMON 00071
EUSART_Write@txData                                   cstackCOMMON 00071
LED_PROCESS@x                                         cstackCOMMON 00073
MTOUCH_Button_Initialize@button                       cstackCOMMON 0007A
MTOUCH_Button_Initialize@name                         cstackCOMMON 00079
MTOUCH_Button_InitializeAll@button                    cstackBANK0  00020
MTOUCH_Button_ServiceAll@button                       cstackBANK0  0005A
MTOUCH_Button_SetNotPressedCallback@callback          cstackCOMMON 00071
MTOUCH_Button_SetPressedCallback@callback             cstackCOMMON 00071
MTOUCH_Button_Tick@i                                  cstackCOMMON 00075
MTOUCH_Button_isPressed@name                          cstackCOMMON 00072
MTOUCH_Sensor_Calibrate@sensor                        cstackCOMMON 00076
MTOUCH_Sensor_Enable@sensor                           cstackCOMMON 00076
MTOUCH_Sensor_Initialize@sensor                       cstackCOMMON 00078
MTOUCH_Sensor_InitializeAll@sensor                    cstackCOMMON 0007A
MTOUCH_Sensor_RawSample_Get@name                      cstackCOMMON 00078
MTOUCH_Sensor_SampleAll@group                         cstackBANK0  00047
MTOUCH_Sensor_Sampled_ResetAll@sensor                 cstackCOMMON 00073
MTOUCH_Sensor_isCalibrated@sensor                     cstackCOMMON 00076
MTOUCH_Sensor_wasSampled@sensor                       cstackCOMMON 00076
RELAY_PROCESS@x                                       cstackCOMMON 00073
Sensor_Acq_ExecutePacket@AD1CON2_temp                 cstackBANK0  00022
Sensor_Acq_ExecutePacket@AD2CON2_temp                 cstackBANK0  00023
Sensor_Acq_ExecutePacket@ADCOMCON_temp                cstackBANK0  00021
Sensor_Acq_ExecutePacket@ADxIF_flag                   cstackBANK0  00026
Sensor_Acq_ExecutePacket@activeSensor                 cstackBANK0  00027
Sensor_Acq_ExecutePacket@last_a                       cstackBANK0  00028
Sensor_Acq_ExecutePacket@last_b                       cstackBANK0  0002A
Sensor_Acq_ExecutePacket@packet_counter               cstackBANK0  0002C
Sensor_Acq_ExecutePacket@sensor1ForceEnabled          cstackBANK0  00024
Sensor_Acq_ExecutePacket@sensor2ForceEnabled          cstackBANK0  00025
Sensor_Acq_ExecutePacket@sensor_adc1                  cstackBANK0  0002D
Sensor_Acq_ExecutePacket@sensor_adc2                  cstackCOMMON 0007B
Sensor_Acquisition@retry                              cstackBANK0  0003D
Sensor_Acquisition@sensor_adc1                        cstackBANK0  0003E
Sensor_Acquisition@sensor_adc2                        cstackBANK0  0003B
Sensor_DefaultCallback@sensor                         cstackCOMMON 00071
Sensor_RawSample_Update@adcIndex                      cstackCOMMON 00076
Sensor_RawSample_Update@sensor                        cstackCOMMON 00077
Sensor_Sampled_Reset@sensor                           cstackCOMMON 00071
Sensor_Scanfrequency_Evaluation@best_packet_sample    cstackBANK0  00036
Sensor_Scanfrequency_Evaluation@best_sample_period    cstackBANK0  00034
Sensor_Scanfrequency_Evaluation@frequency_hop         stringtext1  01809
Sensor_Scanfrequency_Evaluation@i                     cstackBANK0  0003A
Sensor_Scanfrequency_Evaluation@packet_noise_Max      cstackBANK0  00032
Sensor_Scanfrequency_Evaluation@retry                 cstackBANK0  00035
Sensor_Scanfrequency_Evaluation@sensor_adc1           cstackBANK0  00031
Sensor_Scanfrequency_Evaluation@sensor_adc2           cstackBANK0  0002E
Sensor_Service@error                                  cstackBANK0  00043
Sensor_Service@scanGroup                              cstackBANK0  00042
Sensor_Service@sensor_adc1                            cstackBANK0  00044
Sensor_Service@sensor_adc2                            cstackBANK0  00045
Sensor_autoCalibration@adcIndex                       cstackCOMMON 00079
Sensor_autoCalibration@sensor                         cstackCOMMON 0007A
Sensor_getScanGroupIndex@sensor                       cstackCOMMON 00073
Sensor_getScanGroupIndex@sensorGroup                  cstackCOMMON 00074
Sensor_isActive@sensor                                cstackCOMMON 00071
Sensor_isCalibrated@sensor                            cstackCOMMON 00071
Sensor_isCalibratingAcqTime@sensor                    cstackCOMMON 00071
Sensor_isEnabled@sensor                               cstackCOMMON 00072
Sensor_loadADCSettings@adc_index                      cstackCOMMON 00072
Sensor_loadADCSettings@addressOffset                  cstackCOMMON 00078
Sensor_loadADCSettings@sensor                         cstackCOMMON 00079
Sensor_postAcquisitionProcess@adcIndex                cstackCOMMON 00078
Sensor_postAcquisitionProcess@deviation               cstackCOMMON 00076
Sensor_postAcquisitionProcess@sensor                  cstackCOMMON 00079
Sensor_setActive@sensor                               cstackCOMMON 00071
Sensor_setCalibratAcqTime@sensor                      cstackCOMMON 00071
Sensor_setCalibrated@sensor                           cstackCOMMON 00071
Sensor_setInactive@sensor                             cstackCOMMON 00071
Sensor_setSampled@sensor                              cstackCOMMON 00071
TMR2_LoadPeriodRegister@periodVal                     cstackCOMMON 00071
_AAD1CAP                                              (abs)        00719
_AAD1CON2                                             (abs)        00713
_AAD1CON3                                             (abs)        00714
_AAD1GRD                                              (abs)        00718
_AAD1RES0                                             (abs)        0071A
_AAD2CON3                                             (abs)        00794
_AAD2GRD                                              (abs)        00798
_AAD2RES0                                             (abs)        0079A
_AD1ACQCON                                            (abs)        00717
_AD1CON0                                              (abs)        00711
_AD1CON0bits                                          (abs)        00711
_AD1CON2                                              (abs)        00713
_AD1CON3                                              (abs)        00714
_AD1PRECON                                            (abs)        00716
_AD2ACQCON                                            (abs)        00797
_AD2CON0                                              (abs)        00791
_AD2CON0bits                                          (abs)        00791
_AD2CON2                                              (abs)        00793
_AD2CON3                                              (abs)        00794
_AD2PRECON                                            (abs)        00796
_ADCOMCON                                             (abs)        00712
_ANSELA                                               (abs)        0018C
_ANSELB                                               (abs)        0018D
_ANSELC                                               (abs)        0018E
_APFCON                                               (abs)        0011D
_APFCONbits                                           (abs)        0011D
_BAUDCON                                              (abs)        0019F
_BORCON                                               (abs)        00116
_Button_Baseline_Initialize                           text65       00852
_Button_Baseline_Update                               text64       00D10
_Button_DefaultCallback                               text59       0142A
_Button_Deviation_Update                              text70       00C89
_Button_Reading_Update                                text66       014DB
_Button_Reading_Update_Helper                         text67       00A5D
_Button_Service                                       text52       00AFA
_Button_StateMachine                                  dataBANK1    000BE
_Button_State_Initializing                            text56       0079B
_Button_State_NotPressed                              text55       006F7
_Button_State_Pressed                                 text57       00BAB
_Button_Tick_helper                                   text23       0175F
_DATA_PROCESS                                         text75       003D1
_EUSART_DefaultErrorHandler                           text93       0142C
_EUSART_DefaultFramingErrorHandler                    text92       01429
_EUSART_DefaultOverrunErrorHandler                    text91       01438
_EUSART_ErrorHandler                                  nvBANK1      000CA
_EUSART_FramingErrorHandler                           nvBANK1      000CE
_EUSART_Initialize                                    text14       0090D
_EUSART_OverrunErrorHandler                           nvBANK1      000CC
_EUSART_Read                                          text74       01738
_EUSART_Receive_ISR                                   text90       0093E
_EUSART_RxDataHandler                                 text94       01624
_EUSART_RxDefaultInterruptHandler                     nvBANK1      000D0
_EUSART_SetErrorHandler                               text18       01456
_EUSART_SetFramingErrorHandler                        text17       0145C
_EUSART_SetOverrunErrorHandler                        text16       01462
_EUSART_SetRxInterruptHandler                         text15       01468
_EUSART_Write                                         text86       01480
_EUSART_is_rx_ready                                   text73       0142F
_GIE                                                  (abs)        0005F
_INTCONbits                                           (abs)        0000B
_INTERRUPT_InterruptManager                           intentry     00004
_LATA                                                 (abs)        0010C
_LATAbits                                             (abs)        0010C
_LATB                                                 (abs)        0010D
_LATBbits                                             (abs)        0010D
_LATC                                                 (abs)        0010E
_LATCbits                                             (abs)        0010E
_LED_PROCESS                                          text88       00EC6
_MTOUCH_Button_Initialize                             text62       009A5
_MTOUCH_Button_InitializeAll                          text12       0169D
_MTOUCH_Button_ServiceAll                             text51       01531
_MTOUCH_Button_SetNotPressedCallback                  text72       0144A
_MTOUCH_Button_SetPressedCallback                     text71       01450
_MTOUCH_Button_Tick                                   text22       0160E
_MTOUCH_Button_isPressed                              text61       01682
_MTOUCH_Initialize                                    text8        014C3
_MTOUCH_Sensor_Calibrate                              text63       01584
_MTOUCH_Sensor_Enable                                 text11       01596
_MTOUCH_Sensor_Initialize                             text10       015CD
_MTOUCH_Sensor_InitializeAll                          text9        01505
_MTOUCH_Sensor_RawSample_Get                          text68       0166A
_MTOUCH_Sensor_SampleAll                              text26       015F8
_MTOUCH_Sensor_Sampled_ResetAll                       text24       015BA
_MTOUCH_Sensor_Scan_Initialize                        text50       01541
_MTOUCH_Sensor_isCalibrated                           text54       015E2
_MTOUCH_Sensor_wasSampled                             text53       01513
_MTOUCH_Service_Mainloop                              text19       016B9
_MTOUCH_Tick                                          text21       007FD
_MTOUCH_needReburst                                   text20       00002
_OPTION_REGbits                                       (abs)        00095
_OSCCON                                               (abs)        00099
_OSCILLATOR_Initialize                                text7        0146E
_PIE1bits                                             (abs)        00091
_PIN_MANAGER_Initialize                               text6        016D6
_PIR1bits                                             (abs)        00011
_PIR2bits                                             (abs)        00012
_PR2                                                  (abs)        0001B
_RCREG                                                (abs)        00199
_RCSTA                                                (abs)        0019D
_RCSTAbits                                            (abs)        0019D
_RELAY_PROCESS                                        text87       00F63
_SPBRGH                                               (abs)        0019C
_SPBRGL                                               (abs)        0019B
_SYSTEM_Initialize                                    text3        015A8
_Sensor_Acq_ExecutePacket                             text36       00058
_Sensor_Acquisition                                   text31       00B4F
_Sensor_DefaultCallback                               text30       0142B
_Sensor_RawSample_Update                              text29       017AD
_Sensor_Sampled_Reset                                 text25       014A0
_Sensor_Scanfrequency_Evaluation                      text35       00C13
_Sensor_Service                                       text27       00E31
_Sensor_autoCalibration                               text44       00D9F
_Sensor_getScanGroupIndex                             text49       00825
_Sensor_isActive                                      text43       014F7
_Sensor_isCalibrated                                  text41       014B9
_Sensor_isCalibratingAcqTime                          text48       014B0
_Sensor_isEnabled                                     text42       01573
_Sensor_loadADCSettings                               text40       004F5
_Sensor_loadADCSettings$1228                          cstackCOMMON 00076
_Sensor_postAcquisitionProcess                        text32       009DB
_Sensor_setActive                                     text34       01488
_Sensor_setCalibratAcqTime                            text47       01522
_Sensor_setCalibrated                                 text46       014E9
_Sensor_setInactive                                   text33       01490
_Sensor_setSampled                                    text28       01498
_T2CON                                                (abs)        0001C
_T2CONbits                                            (abs)        0001C
_TMR2                                                 (abs)        0001A
_TMR2_Initialize                                      text5        014A8
_TMR2_LoadPeriodRegister                              text39       01445
_TMR2_StartTimer                                      text38       01432
_TMR2_StopTimer                                       text37       01435
_TRISA                                                (abs)        0008C
_TRISB                                                (abs)        0008D
_TRISC                                                (abs)        0008E
_TXREG                                                (abs)        0019A
_TXSTA                                                (abs)        0019E
_TXSTAbits                                            (abs)        0019E
_WDTCON                                               (abs)        00097
_WDT_Initialize                                       text4        0143C
_WPUA                                                 (abs)        0020C
_WPUB                                                 (abs)        0020D
__CFG_BOREN$NSLEEP                                    (abs)        00000
__CFG_BORV$LO                                         (abs)        00000
__CFG_CLKOUTEN$OFF                                    (abs)        00000
__CFG_CP$OFF                                          (abs)        00000
__CFG_FOSC$INTOSC                                     (abs)        00000
__CFG_LPBOR$OFF                                       (abs)        00000
__CFG_LVP$ON                                          (abs)        00000
__CFG_MCLRE$ON                                        (abs)        00000
__CFG_PWRTE$OFF                                       (abs)        00000
__CFG_STVREN$ON                                       (abs)        00000
__CFG_WDTE$OFF                                        (abs)        00000
__CFG_WRT$OFF                                         (abs)        00000
__Habs1                                               abs1         00000
__Hbank0                                              bank0        00000
__Hbank1                                              bank1        00000
__Hbank10                                             bank10       00000
__Hbank11                                             bank11       00000
__Hbank12                                             bank12       00000
__Hbank13                                             bank13       00000
__Hbank14                                             bank14       00000
__Hbank15                                             bank15       00000
__Hbank16                                             bank16       00000
__Hbank17                                             bank17       00000
__Hbank18                                             bank18       00000
__Hbank19                                             bank19       00000
__Hbank2                                              bank2        00000
__Hbank20                                             bank20       00000
__Hbank21                                             bank21       00000
__Hbank22                                             bank22       00000
__Hbank23                                             bank23       00000
__Hbank24                                             bank24       00000
__Hbank25                                             bank25       00000
__Hbank26                                             bank26       00000
__Hbank27                                             bank27       00000
__Hbank28                                             bank28       00000
__Hbank29                                             bank29       00000
__Hbank3                                              bank3        00000
__Hbank30                                             bank30       00000
__Hbank31                                             bank31       00000
__Hbank4                                              bank4        00000
__Hbank5                                              bank5        00000
__Hbank6                                              bank6        00000
__Hbank7                                              bank7        00000
__Hbank8                                              bank8        00000
__Hbank9                                              bank9        00000
__Hbigram                                             bigram       00000
__HbssBANK0                                           bssBANK0     00000
__HbssBANK1                                           bssBANK1     00000
__HbssBANK2                                           bssBANK2     00000
__HbssBANK3                                           bssBANK3     00000
__HbssCOMMON                                          bssCOMMON    00000
__Hcinit                                              cinit        00058
__Hclrtext                                            clrtext      00000
__Hcode                                               code         00000
__Hcommon                                             common       00000
__Hconfig                                             config       08009
__HcstackBANK0                                        cstackBANK0  00000
__HcstackBANK1                                        cstackBANK1  00000
__HcstackCOMMON                                       cstackCOMMON 00000
__HdataBANK0                                          dataBANK0    00000
__HdataBANK1                                          dataBANK1    00000
__HdataBANK2                                          dataBANK2    00000
__Heeprom_data                                        eeprom_data  00000
__Hend_init                                           end_init     00018
__Hfunctab                                            functab      00000
__HidataBANK0                                         idataBANK0   00000
__HidataBANK1                                         idataBANK1   00000
__HidataBANK2                                         idataBANK2   00000
__Hidloc                                              idloc        00000
__Hinit                                               init         00016
__Hinittext                                           inittext     00000
__Hintentry                                           intentry     00016
__Hmaintext                                           maintext     00000
__HnvBANK1                                            nvBANK1      00000
__Hpowerup                                            powerup      00000
__Hram                                                ram          00000
__Hreset_vec                                          reset_vec    00002
__Hsfr0                                               sfr0         00000
__Hsfr1                                               sfr1         00000
__Hsfr10                                              sfr10        00000
__Hsfr11                                              sfr11        00000
__Hsfr12                                              sfr12        00000
__Hsfr13                                              sfr13        00000
__Hsfr14                                              sfr14        00000
__Hsfr15                                              sfr15        00000
__Hsfr16                                              sfr16        00000
__Hsfr17                                              sfr17        00000
__Hsfr18                                              sfr18        00000
__Hsfr19                                              sfr19        00000
__Hsfr2                                               sfr2         00000
__Hsfr20                                              sfr20        00000
__Hsfr21                                              sfr21        00000
__Hsfr22                                              sfr22        00000
__Hsfr23                                              sfr23        00000
__Hsfr24                                              sfr24        00000
__Hsfr25                                              sfr25        00000
__Hsfr26                                              sfr26        00000
__Hsfr27                                              sfr27        00000
__Hsfr28                                              sfr28        00000
__Hsfr29                                              sfr29        00000
__Hsfr3                                               sfr3         00000
__Hsfr30                                              sfr30        00000
__Hsfr31                                              sfr31        00000
__Hsfr4                                               sfr4         00000
__Hsfr5                                               sfr5         00000
__Hsfr6                                               sfr6         00000
__Hsfr7                                               sfr7         00000
__Hsfr8                                               sfr8         00000
__Hsfr9                                               sfr9         00000
__Hspace_0                                            (abs)        08009
__Hspace_1                                            (abs)        001E0
__Hspace_2                                            (abs)        00000
__Hspace_3                                            (abs)        00000
__Hstack                                              stack        00000
__Hstrings                                            strings      00000
__Hstringtext1                                        stringtext1  00000
__Hstringtext10                                       stringtext10 00000
__Hstringtext11                                       stringtext11 00000
__Hstringtext12                                       stringtext12 00000
__Hstringtext13                                       stringtext13 00000
__Hstringtext14                                       stringtext14 00000
__Hstringtext15                                       stringtext15 00000
__Hstringtext16                                       stringtext16 00000
__Hstringtext17                                       stringtext17 00000
__Hstringtext18                                       stringtext18 00000
__Hstringtext19                                       stringtext19 00000
__Hstringtext2                                        stringtext2  00000
__Hstringtext20                                       stringtext20 00000
__Hstringtext21                                       stringtext21 00000
__Hstringtext22                                       stringtext22 00000
__Hstringtext3                                        stringtext3  00000
__Hstringtext4                                        stringtext4  00000
__Hstringtext5                                        stringtext5  00000
__Hstringtext6                                        stringtext6  00000
__Hstringtext7                                        stringtext7  00000
__Hstringtext8                                        stringtext8  00000
__Hstringtext9                                        stringtext9  00000
__Htext                                               text         00000
__Labs1                                               abs1         00000
__Lbank0                                              bank0        00000
__Lbank1                                              bank1        00000
__Lbank10                                             bank10       00000
__Lbank11                                             bank11       00000
__Lbank12                                             bank12       00000
__Lbank13                                             bank13       00000
__Lbank14                                             bank14       00000
__Lbank15                                             bank15       00000
__Lbank16                                             bank16       00000
__Lbank17                                             bank17       00000
__Lbank18                                             bank18       00000
__Lbank19                                             bank19       00000
__Lbank2                                              bank2        00000
__Lbank20                                             bank20       00000
__Lbank21                                             bank21       00000
__Lbank22                                             bank22       00000
__Lbank23                                             bank23       00000
__Lbank24                                             bank24       00000
__Lbank25                                             bank25       00000
__Lbank26                                             bank26       00000
__Lbank27                                             bank27       00000
__Lbank28                                             bank28       00000
__Lbank29                                             bank29       00000
__Lbank3                                              bank3        00000
__Lbank30                                             bank30       00000
__Lbank31                                             bank31       00000
__Lbank4                                              bank4        00000
__Lbank5                                              bank5        00000
__Lbank6                                              bank6        00000
__Lbank7                                              bank7        00000
__Lbank8                                              bank8        00000
__Lbank9                                              bank9        00000
__Lbigram                                             bigram       00000
__LbssBANK0                                           bssBANK0     00000
__LbssBANK1                                           bssBANK1     00000
__LbssBANK2                                           bssBANK2     00000
__LbssBANK3                                           bssBANK3     00000
__LbssCOMMON                                          bssCOMMON    00000
__Lcinit                                              cinit        00018
__Lclrtext                                            clrtext      00000
__Lcode                                               code         00000
__Lcommon                                             common       00000
__Lconfig                                             config       08007
__LcstackBANK0                                        cstackBANK0  00000
__LcstackBANK1                                        cstackBANK1  00000
__LcstackCOMMON                                       cstackCOMMON 00000
__LdataBANK0                                          dataBANK0    00000
__LdataBANK1                                          dataBANK1    00000
__LdataBANK2                                          dataBANK2    00000
__Leeprom_data                                        eeprom_data  00000
__Lend_init                                           end_init     00016
__Lfunctab                                            functab      00000
__LidataBANK0                                         idataBANK0   00000
__LidataBANK1                                         idataBANK1   00000
__LidataBANK2                                         idataBANK2   00000
__Lidloc                                              idloc        00000
__Linit                                               init         00016
__Linittext                                           inittext     00000
__Lintentry                                           intentry     00004
__Lmaintext                                           maintext     00000
__LnvBANK1                                            nvBANK1      00000
__Lpowerup                                            powerup      00000
__Lram                                                ram          00000
__Lreset_vec                                          reset_vec    00000
__Lsfr0                                               sfr0         00000
__Lsfr1                                               sfr1         00000
__Lsfr10                                              sfr10        00000
__Lsfr11                                              sfr11        00000
__Lsfr12                                              sfr12        00000
__Lsfr13                                              sfr13        00000
__Lsfr14                                              sfr14        00000
__Lsfr15                                              sfr15        00000
__Lsfr16                                              sfr16        00000
__Lsfr17                                              sfr17        00000
__Lsfr18                                              sfr18        00000
__Lsfr19                                              sfr19        00000
__Lsfr2                                               sfr2         00000
__Lsfr20                                              sfr20        00000
__Lsfr21                                              sfr21        00000
__Lsfr22                                              sfr22        00000
__Lsfr23                                              sfr23        00000
__Lsfr24                                              sfr24        00000
__Lsfr25                                              sfr25        00000
__Lsfr26                                              sfr26        00000
__Lsfr27                                              sfr27        00000
__Lsfr28                                              sfr28        00000
__Lsfr29                                              sfr29        00000
__Lsfr3                                               sfr3         00000
__Lsfr30                                              sfr30        00000
__Lsfr31                                              sfr31        00000
__Lsfr4                                               sfr4         00000
__Lsfr5                                               sfr5         00000
__Lsfr6                                               sfr6         00000
__Lsfr7                                               sfr7         00000
__Lsfr8                                               sfr8         00000
__Lsfr9                                               sfr9         00000
__Lspace_0                                            (abs)        00000
__Lspace_1                                            (abs)        00000
__Lspace_2                                            (abs)        00000
__Lspace_3                                            (abs)        00000
__Lstack                                              stack        00000
__Lstrings                                            strings      00000
__Lstringtext1                                        stringtext1  00000
__Lstringtext10                                       stringtext10 00000
__Lstringtext11                                       stringtext11 00000
__Lstringtext12                                       stringtext12 00000
__Lstringtext13                                       stringtext13 00000
__Lstringtext14                                       stringtext14 00000
__Lstringtext15                                       stringtext15 00000
__Lstringtext16                                       stringtext16 00000
__Lstringtext17                                       stringtext17 00000
__Lstringtext18                                       stringtext18 00000
[...]
 Tracked objects:
		On entry : 
		On exit  : 
		Unchanged: 
 Data sizes:     COMMON   BANK0   BANK1   BANK2   BANK3   BANK4   BANK5   BANK6
      Params:         3       0       0       0       0       0       0       0
      Locals:         0       0       0       0       0       0       0       0
      Temps:          5       0       0       0       0       0       0       0
      Totals:         8       0       0       0       0       0       0       0
Total ram usage:        8 bytes
 Hardware stack levels used:    1
 Hardware stack levels required when called:    6
 This function calls:
		_putch
 This function is called by:
		_pad
		_vfpfcnvrt
		_fputs
 This function uses a non-reentrant model


 *************** function _putch *****************
 Defined at:
		line 174 in file "mcc_generated_files/eusart.c"
 Parameters:    Size  Location     Type
  txData          1    wreg     unsigned char 
 Auto vars:     Size  Location     Type
  txData          1    2[COMMON] unsigned char 
 Return value:  Size  Location     Type
                  1    wreg      void 
 Registers used:
		wreg, status,2, status,0, pclath, cstack
 Tracked objects:
		On entry : 
		On exit  : 
		Unchanged: 
 Data sizes:     COMMON   BANK0   BANK1   BANK2   BANK3   BANK4   BANK5   BANK6
      Params:         0       0       0       0       0       0       0       0
      Locals:         1       0       0       0       0       0       0       0
      Temps:          0       0       0       0       0       0       0       0
      Totals:         1       0       0       0       0       0       0       0
Total ram usage:        1 bytes
 Hardware stack levels used:    1
 Hardware stack levels required when called:    5
 This function calls:
		_EUSART_Write
 This function is called by:
		_fputc
 This function uses a non-reentrant model


 *************** function _EUSART_Write *****************
 Defined at:
		line 160 in file "mcc_generated_files/eusart.c"
 Parameters:    Size  Location     Type
  txData          1    wreg     unsigned char 
 Auto vars:     Size  Location     Type
  txData          1    1[COMMON] unsigned char 
 Return value:  Size  Location     Type
                  1    wreg      void 
 Registers used:
		wreg
 Tracked objects:
		On entry : 
		On exit  : 
		Unchanged: 
 Data sizes:     COMMON   BANK0   BANK1   BANK2   BANK3   BANK4   BANK5   BANK6
      Params:         0       0       0       0       0       0       0       0
      Locals:         1       0       0       0       0       0       0       0
      Temps:          0       0       0       0       0       0       0       0
      Totals:         1       0       0       0       0       0       0       0
Total ram usage:        1 bytes
 Hardware stack levels used:    1
 Hardware stack levels required when called:    4
 This function calls:
		Nothing
 This function is called by:
		_putch
 This function uses a non-reentrant model


 *************** function _RELAY_PROCESS *****************
 Defined at:
		line 5 in file "relay.c"
 Parameters:    Size  Location     Type
  x               1    wreg     unsigned char 
 Auto vars:     Size  Location     Type
  x               1    3[COMMON] unsigned char 
 Return value:  Size  Location     Type
                  1    wreg      void 
 Registers used:
		wreg, fsr0l, fsr0h, status,2, status,0
 Tracked objects:
		On entry : 
		On exit  : 
		Unchanged: 
 Data sizes:     COMMON   BANK0   BANK1   BANK2   BANK3   BANK4   BANK5   BANK6
      Params:         0       0       0       0       0       0       0       0
      Locals:         1       0       0       0       0       0       0       0
      Temps:          2       0       0       0       0       0       0       0
      Totals:         3       0       0       0       0       0       0       0
Total ram usage:        3 bytes
 Hardware stack levels used:    1
 Hardware stack levels required when called:    4
 This function calls:
		Nothing
 This function is called by:
		_myButtonPressedCallback
		_DATA_PROCESS
 This function uses a non-reentrant model


 *************** function _LED_PROCESS *****************
 Defined at:
		line 10 in file "led.c"
 Parameters:    Size  Location     Type
  x               1    wreg     unsigned char 
 Auto vars:     Size  Location     Type
  x               1    3[COMMON] unsigned char 
 Return value:  Size  Location     Type
                  1    wreg      void 
 Registers used:
		wreg, fsr0l, fsr0h, status,2, status,0
 Tracked objects:
		On entry : 
		On exit  : 
		Unchanged: 
 Data sizes:     COMMON   BANK0   BANK1   BANK2   BANK3   BANK4   BANK5   BANK6
      Params:         0       0       0       0       0       0       0       0
      Locals:         1       0       0       0       0       0       0       0
      Temps:          2       0       0       0       0       0       0       0
      Totals:         3       0       0       0       0       0       0       0
Total ram usage:        3 bytes
 Hardware stack levels used:    1
 Hardware stack levels required when called:    4
 This function calls:
		Nothing
 This function is called by:
		_main
		_myButtonPressedCallback
		_DATA_PROCESS
 This function uses a non-reentrant model


 *************** function _INTERRUPT_InterruptManager *****************
 Defined at:
		line 52 in file "mcc_generated_files/interrupt_manager.c"
 Parameters:    Size  Location     Type
		None
 Auto vars:     Size  Location     Type
		None
 Return value:  Size  Location     Type
                  1    wreg      void 
 Registers used:
		wreg, fsr1l, fsr1h, status,2, status,0, pclath, cstack
 Tracked objects:
		On entry : 
		On exit  : 
		Unchanged: 
 Data sizes:     COMMON   BANK0   BANK1   BANK2   BANK3   BANK4   BANK5   BANK6
      Params:         0       0       0       0       0       0       0       0
      Locals:         0       0       0       0       0       0       0       0
      Temps:          0       0       0       0       0       0       0       0
      Totals:         0       0       0       0       0       0       0       0
Total ram usage:        0 bytes
 Hardware stack levels used:    1
 Hardware stack levels required when called:    3
 This function calls:
		Absolute function
		_EUSART_Receive_ISR
 This function is called by:
		Interrupt level 1
 This function uses a non-reentrant model


 *************** function _EUSART_Receive_ISR *****************
 Defined at:
		line 180 in file "mcc_generated_files/eusart.c"
 Parameters:    Size  Location     Type
		None
 Auto vars:     Size  Location     Type
		None
 Return value:  Size  Location     Type
                  1    wreg      void 
 Registers used:
		wreg, fsr1l, fsr1h, status,2, status,0, pclath, cstack
 Tracked objects:
		On entry : 
		On exit  : 
		Unchanged: 
 Data sizes:     COMMON   BANK0   BANK1   BANK2   BANK3   BANK4   BANK5   BANK6
      Params:         0       0       0       0       0       0       0       0
      Locals:         0       0       0       0       0       0       0       0
      Temps:          0       0       0       0       0       0       0       0
      Totals:         0       0       0       0       0       0       0       0
Total ram usage:        0 bytes
 Hardware stack levels used:    1
 Hardware stack levels required when called:    2
 This function calls:
		Absolute function
		_EUSART_DefaultErrorHandler
		_EUSART_DefaultFramingErrorHandler
		_EUSART_DefaultOverrunErrorHandler
		_EUSART_RxDataHandler
 This function is called by:
		_EUSART_Initialize
		_INTERRUPT_InterruptManager
 This function uses a non-reentrant model


 *************** function _EUSART_DefaultOverrunErrorHandler *****************
 Defined at:
		line 216 in file "mcc_generated_files/eusart.c"
 Parameters:    Size  Location     Type
		None
 Auto vars:     Size  Location     Type
		None
 Return value:  Size  Location     Type
                  1    wreg      void 
 Registers used:
		None
 Tracked objects:
		On entry : 
		On exit  : 
		Unchanged: 
 Data sizes:     COMMON   BANK0   BANK1   BANK2   BANK3   BANK4   BANK5   BANK6
      Params:         0       0       0       0       0       0       0       0
      Locals:         0       0       0       0       0       0       0       0
      Temps:          0       0       0       0       0       0       0       0
      Totals:         0       0       0       0       0       0       0       0
Total ram usage:        0 bytes
 Hardware stack levels used:    1
 This function calls:
		Nothing
 This function is called by:
		_EUSART_Initialize
		_EUSART_Receive_ISR
 This function uses a non-reentrant model


 *************** function _EUSART_DefaultFramingErrorHandler *****************
 Defined at:
		line 214 in file "mcc_generated_files/eusart.c"
 Parameters:    Size  Location     Type
		None
 Auto vars:     Size  Location     Type
		None
 Return value:  Size  Location     Type
                  1    wreg      void 
 Registers used:
		None
 Tracked objects:
		On entry : 
		On exit  : 
		Unchanged: 
 Data sizes:     COMMON   BANK0   BANK1   BANK2   BANK3   BANK4   BANK5   BANK6
      Params:         0       0       0       0       0       0       0       0
      Locals:         0       0       0       0       0       0       0       0
      Temps:          0       0       0       0       0       0       0       0
      Totals:         0       0       0       0       0       0       0       0
Total ram usage:        0 bytes
 Hardware stack levels used:    1
 This function calls:
		Nothing
 This function is called by:
		_EUSART_Initialize
		_EUSART_Receive_ISR
 This function uses a non-reentrant model


 *************** function _EUSART_DefaultErrorHandler *****************
 Defined at:
		line 224 in file "mcc_generated_files/eusart.c"
 Parameters:    Size  Location     Type
		None
 Auto vars:     Size  Location     Type
		None
 Return value:  Size  Location     Type
                  1    wreg      void 
 Registers used:
		wreg, fsr1l, fsr1h, status,2, status,0, pclath, cstack
 Tracked objects:
		On entry : 
		On exit  : 
		Unchanged: 
 Data sizes:     COMMON   BANK0   BANK1   BANK2   BANK3   BANK4   BANK5   BANK6
      Params:         0       0       0       0       0       0       0       0
      Locals:         0       0       0       0       0       0       0       0
      Temps:          0       0       0       0       0       0       0       0
      Totals:         0       0       0       0       0       0       0       0
Total ram usage:        0 bytes
 Hardware stack levels used:    1
 Hardware stack levels required when called:    1
 This function calls:
		_EUSART_RxDataHandler
 This function is called by:
		_EUSART_Initialize
		_EUSART_Receive_ISR
 This function uses a non-reentrant model


 *************** function _EUSART_RxDataHandler *****************
 Defined at:
		line 204 in file "mcc_generated_files/eusart.c"
 Parameters:    Size  Location     Type
		None
 Auto vars:     Size  Location     Type
		None
 Return value:  Size  Location     Type
                  1    wreg      void 
 Registers used:
		wreg, fsr1l, fsr1h, status,2, status,0
 Tracked objects:
		On entry : 
		On exit  : 
		Unchanged: 
 Data sizes:     COMMON   BANK0   BANK1   BANK2   BANK3   BANK4   BANK5   BANK6
      Params:         0       0       0       0       0       0       0       0
      Locals:         0       0       0       0       0       0       0       0
      Temps:          1       0       0       0       0       0       0       0
      Totals:         1       0       0       0       0       0       0       0
Total ram usage:        1 bytes
 Hardware stack levels used:    1
 This function calls:
		Nothing
 This function is called by:
		_EUSART_Receive_ISR
		_EUSART_DefaultErrorHandler
 This function uses a non-reentrant model



MODULE INFORMATION

Module		Function		Class		Link	Load	Size
mcc_generated_files/mtouch/mtouch_button.c
		_Button_Deviation_Update		CODE           	0C89	0000	136
		_MTOUCH_Button_SetNotPressedCallback		CODE           	144A	0000	7
		_MTOUCH_Button_isPressed		CODE           	1682	0000	28
		_MTOUCH_Button_Initialize		CODE           	09A5	0000	55
		_Button_Tick_helper		CODE           	175F	0000	40
		_MTOUCH_Button_InitializeAll		CODE           	169D	0000	29
		_Button_Baseline_Update		CODE           	0D10	0000	144
		_Button_State_Pressed		CODE           	0BAB	0000	105
		_Button_Reading_Update		CODE           	14DB	0000	15
		_Button_DefaultCallback		CODE           	142A	0000	2
		_MTOUCH_Button_Tick		CODE           	160E	0000	23
		_Button_State_NotPressed		CODE           	06F7	0000	165
		_MTOUCH_Button_SetPressedCallback		CODE           	1450	0000	7
		_Button_Reading_Update_Helper		CODE           	0A5D	0000	78
		_Button_Service		CODE           	0AFA	0000	86
		_Button_State_Initializing		CODE           	079B	0000	99
		_MTOUCH_Button_ServiceAll		CODE           	1531	0000	17
		_Button_Baseline_Initialize		CODE           	0852	0000	47

mcc_generated_files/mtouch/mtouch_button.c estimated size: 1083

C:\Program Files (x86)\Microchip\xc8\v2.05\pic\sources\c99\common\printf.c
		_printf        		CODE           	1551	0000	18

C:\Program Files (x86)\Microchip\xc8\v2.05\pic\sources\c99\common\printf.c estimated size: 18

relay.c
		_RELAY_PROCESS 		CODE           	0F63	0000	158

relay.c estimated size: 158

mcc_generated_files/tmr2.c
		_TMR2_LoadPeriodRegister		CODE           	1445	0000	6
		_TMR2_Initialize		CODE           	14A8	0000	9
		_TMR2_StopTimer		CODE           	1435	0000	4
		_TMR2_StartTimer		CODE           	1432	0000	4

mcc_generated_files/tmr2.c estimated size: 23

mcc_generated_files/interrupt_manager.c
		_INTERRUPT_InterruptManager		CODE           	0004	0000	19

mcc_generated_files/interrupt_manager.c estimated size: 19

C:\Program Files (x86)\Microchip\xc8\v2.05\pic\sources\c99\common\nf_fputc.c
		_fputc         		CODE           	0970	0000	54

C:\Program Files (x86)\Microchip\xc8\v2.05\pic\sources\c99\common\nf_fputc.c estimated size: 54

mcc_generated_files/mtouch/mtouch.c
		_MTOUCH_Tick   		CODE           	07FD	0000	4
		_MTOUCH_Initialize		CODE           	14C3	0000	13
		_MTOUCH_Service_Mainloop		CODE           	16B9	0000	30
		_MTOUCH_needReburst		CODE           	0002	0000	3

mcc_generated_files/mtouch/mtouch.c estimated size: 50

mcc_generated_files/pin_manager.c
		_PIN_MANAGER_Initialize		CODE           	16D6	0000	30

mcc_generated_files/pin_manager.c estimated size: 30

C:\Program Files (x86)\Microchip\xc8\v2.05\pic\sources\c99\common\strlen.c
		_strlen        		CODE           	1652	0000	25

C:\Program Files (x86)\Microchip\xc8\v2.05\pic\sources\c99\common\strlen.c estimated size: 25

C:\Program Files (x86)\Microchip\xc8\v2.05\pic\sources\c99\common\Umul8.c
		___bmul        		CODE           	1562	0000	18

C:\Program Files (x86)\Microchip\xc8\v2.05\pic\sources\c99\common\Umul8.c estimated size: 18

C:\Program Files (x86)\Microchip\xc8\v2.05\pic\sources\c99\common\doprnt.c
		_vfpfcnvrt     		CODE           	064F	0000	169
		_pad           		CODE           	0AAA	0000	81
		_ctoa          		CODE           	08DD	0000	49
		_vfprintf      		CODE           	08AE	0000	48

C:\Program Files (x86)\Microchip\xc8\v2.05\pic\sources\c99\common\doprnt.c estimated size: 347

shared
		Sensor_Scanfrequency_Evaluation@frequency_hop		STRCODE        	1809	0000	6
		_sensor_scan_group		STRCODE        	185E	0000	5
		__initialization		CODE           	0018	0000	61
		_mtouch_button_init		STRCODE        	1000	0000	65

shared estimated size: 137

mcc_generated_files/mcc.c
		_WDT_Initialize		CODE           	143C	0000	5
		_OSCILLATOR_Initialize		CODE           	146E	0000	7
		_SYSTEM_Initialize		CODE           	15A8	0000	19

mcc_generated_files/mcc.c estimated size: 31

C:\Program Files (x86)\Microchip\xc8\v2.05\pic\sources\c99\common\abs.c
		_abs           		CODE           	163B	0000	24

C:\Program Files (x86)\Microchip\xc8\v2.05\pic\sources\c99\common\abs.c estimated size: 24

C:\Program Files (x86)\Microchip\xc8\v2.05\pic\sources\c99\common\nf_fputs.c
		_fputs         		CODE           	1712	0000	39

C:\Program Files (x86)\Microchip\xc8\v2.05\pic\sources\c99\common\nf_fputs.c estimated size: 39

mcc_generated_files/eusart.c
		_EUSART_SetRxInterruptHandler		CODE           	1468	0000	7
		_putch         		CODE           	1440	0000	6
		_EUSART_Read   		CODE           	1738	0000	40
		_EUSART_DefaultOverrunErrorHandler		CODE           	1438	0000	5
		_EUSART_Write  		CODE           	1480	0000	9
		_EUSART_DefaultErrorHandler		CODE           	142C	0000	4
		_EUSART_Initialize		CODE           	090D	0000	50
		_EUSART_SetFramingErrorHandler		CODE           	145C	0000	7
		_EUSART_SetErrorHandler		CODE           	1456	0000	7
		_EUSART_SetOverrunErrorHandler		CODE           	1462	0000	7
		_EUSART_Receive_ISR		CODE           	093E	0000	51
		_EUSART_RxDataHandler		CODE           	1624	0000	24
		_EUSART_DefaultFramingErrorHandler		CODE           	1429	0000	2
		_EUSART_is_rx_ready		CODE           	142F	0000	4

mcc_generated_files/eusart.c estimated size: 223

C:\Program Files (x86)\Microchip\xc8\v2.05\pic\sources\c99\common\memcpy.c
		_memcpy        		CODE           	17D5	0000	44

C:\Program Files (x86)\Microchip\xc8\v2.05\pic\sources\c99\common\memcpy.c estimated size: 44

main.c
		_check_data    		CODE           	0A13	0000	75
		_myButtonReleasedCallback		CODE           	16F3	0000	32
		_main          		CODE           	0222	0000	432
		_check_message 		CODE           	1786	0000	40
		_update_state  		CODE           	05A5	0000	171
		_myButtonPressedCallback		CODE           	0880	0000	47
		_DATA_PROCESS  		CODE           	03D1	0000	293

main.c estimated size: 1090

mcc_generated_files/mtouch/mtouch_sensor.c
		_Sensor_setCalibrated		CODE           	14E9	0000	15
		_Sensor_Acq_ExecutePacket		CODE           	0058	0000	459
		_Sensor_getScanGroupIndex		CODE           	0825	0000	46
		_Sensor_Acquisition		CODE           	0B4F	0000	93
		_Sensor_postAcquisitionProcess		CODE           	09DB	0000	57
		_Sensor_isCalibrated		CODE           	14B9	0000	11
		_MTOUCH_Sensor_Initialize		CODE           	15CD	0000	22
		_Sensor_Sampled_Reset		CODE           	14A0	0000	9
		_MTOUCH_Sensor_InitializeAll		CODE           	1505	0000	15
		_Sensor_DefaultCallback		CODE           	142B	0000	2
		_Sensor_loadADCSettings		CODE           	04F5	0000	177
		_Sensor_isEnabled		CODE           	1573	0000	18
		_MTOUCH_Sensor_isCalibrated		CODE           	15E2	0000	23
		_MTOUCH_Sensor_Calibrate		CODE           	1584	0000	19
		_MTOUCH_Sensor_Sampled_ResetAll		CODE           	15BA	0000	20
		_Sensor_setActive		CODE           	1488	0000	9
		_Sensor_Scanfrequency_Evaluation		CODE           	0C13	0000	119
		_MTOUCH_Sensor_Enable		CODE           	1596	0000	19
		_Sensor_setSampled		CODE           	1498	0000	9
		_Sensor_isCalibratingAcqTime		CODE           	14B0	0000	10
		_MTOUCH_Sensor_RawSample_Get		CODE           	166A	0000	25
		_MTOUCH_Sensor_SampleAll		CODE           	15F8	0000	23
		_MTOUCH_Sensor_wasSampled		CODE           	1513	0000	16
		_Sensor_Service		CODE           	0E31	0000	150
		_Sensor_autoCalibration		CODE           	0D9F	0000	147
		_MTOUCH_Sensor_Scan_Initialize		CODE           	1541	0000	17
		_Sensor_RawSample_Update		CODE           	17AD	0000	41
		_Sensor_isActive		CODE           	14F7	0000	15
		_Sensor_setCalibratAcqTime		CODE           	1522	0000	16
		_Sensor_setInactive		CODE           	1490	0000	9

mcc_generated_files/mtouch/mtouch_sensor.c estimated size: 1611

led.c
		_LED_PROCESS   		CODE           	0EC6	0000	158

led.c estimated size: 158

