Microchip MPLAB XC8 Compiler V2.05 ()

Linker command line:

-W-3 --edf=C:\Program Files (x86)\Microchip\xc8\v2.05\pic\dat\en_msgs.txt \
  -cs -h+dist/default/production\SQ_04_FIX.X.production.sym \
  --cmf=dist/default/production\SQ_04_FIX.X.production.cmf -z -Q16LF1559 \
  -oC:\Users\DUYNGO~1\AppData\Local\Temp\s3b0.2 --defsym=__MPLAB_BUILD=1 \
  -Mdist/default/production/SQ_04_FIX.X.production.map -E1 -ver=XC8 \
  --acfsm=1493 -ASTACK=02134h-021EFh -pstack=STACK -ACODE=00h-07FFhx4 \
  -ASTRCODE=00h-01FFFh -ASTRING=00h-0FFhx32 -ACONST=00h-0FFhx32 \
  -AENTRY=00h-0FFhx32 -ACOMMON=070h-07Fh -ABANK0=020h-06Fh \
  -ABANK1=0A0h-0EFh -ABANK2=0120h-016Fh -ABANK3=01A0h-01EFh \
  -ABANK4=0220h-026Fh -ABANK5=02A0h-02EFh -ABANK6=0320h-032Fh \
  -ABIGRAM=02000h-021EFh \
  -ARAM=020h-06Fh,0A0h-0EFh,0120h-016Fh,01A0h-01EFh,0220h-026Fh,02A0h-02EFh,0320h-032Fh \
  -AABS1=020h-07Fh,0A0h-0EFh,0120h-016Fh,01A0h-01EFh,0220h-026Fh,02A0h-02EFh,0320h-032Fh \
  -ASFR0=00h-01Fh -ASFR1=080h-09Fh -ASFR2=0100h-011Fh -ASFR3=0180h-019Fh \
  -ASFR4=0200h-021Fh -ASFR5=0280h-029Fh -ASFR6=0300h-031Fh \
  -ASFR7=0380h-03EFh -ASFR8=0400h-046Fh -ASFR9=0480h-04EFh \
  -ASFR10=0500h-056Fh -ASFR11=0580h-05EFh -ASFR12=0600h-066Fh \
  -ASFR13=0680h-06EFh -ASFR14=0700h-076Fh -ASFR15=0780h-07EFh \
  -ASFR16=0800h-086Fh -ASFR17=0880h-08EFh -ASFR18=0900h-096Fh \
  -ASFR19=0980h-09EFh -ASFR20=0A00h-0A6Fh -ASFR21=0A80h-0AEFh \
  -ASFR22=0B00h-0B6Fh -ASFR23=0B80h-0BEFh -ASFR24=0C00h-0C6Fh \
  -ASFR25=0C80h-0CEFh -ASFR26=0D00h-0D6Fh -ASFR27=0D80h-0DEFh \
  -ASFR28=0E00h-0E6Fh -ASFR29=0E80h-0EEFh -ASFR30=0F00h-0F6Fh \
  -ASFR31=0F80h-0FEFh -preset_vec=00h,intentry=04h,init,end_init \
  -ppowerup=CODE -pcinit=CODE -pfunctab=ENTRY -ACONFIG=08007h-08008h \
  -pconfig=CONFIG -DCONFIG=2 -AIDLOC=08000h-08003h -pidloc=IDLOC -DIDLOC=2 \
  -DCODE=2 -DSTRCODE=2 -DSTRING=2 -DCONST=2 -DENTRY=2 -k \
  C:\Users\DUYNGO~1\AppData\Local\Temp\s3b0.o \
  dist/default/production\SQ_04_FIX.X.production.o 

Object code version is 3.11

Machine type is 16LF1559



                Name                               Link     Load   Length Selector   Space Scale
C:\Users\DUYNGO~1\AppData\Local\Temp\s3b0.o
                end_init                             1F       1F        2        8       0
                reset_vec                             0        0        2        0       0
                config                             8007     8007        2    1000E       0
dist/default/production\SQ_04_FIX.X.production.o
                cinit                                21       21       41        8       0
                intentry                              4        4       1B        8       0
                text100                            1596     1596       17     2B2C       0
                text99                             135D     135D        3     26BA       0
                text98                             1359     1359        1     26B2       0
                text97                             136F     136F        4     26DE       0
                text96                              89A      89A       32     1134       0
                text95                             1449     1449        F     2892       0
                text94                             135A     135A        1     26B4       0
                text93                             13F8     13F8        B     27F0       0
                text92                             1541     1541       15     2A82       0
                text90                              E22      E22       9D     1C44       0
                text89                              EBF      EBF       9D     1D7E       0
                text88                              459      459      126        8       0
                text87                             1690     1690       25     2D20       0
                text86                             1360     1360        3     26C0       0
                text85                             1381     1381        6     2702       0
                text84                             1387     1387        6     270E       0
                text83                              BE5      BE5       87     17CA       0
                text82                             14C6     14C6       11     298C       0
                text81                             14D7     14D7       11     29AE       0
                text80                              9BB      9BB       50     1376       0
                text79                             1403     1403        E     2806       0
                text78                              80C      80C       2F     1018       0
                text77                              C6C      C6C       8F     18D8       0
                text76                             1411     1411        E     2822       0
                text75                              8CC      8CC       32     1198       0
                text74                             1476     1476       10     28EC       0
                text73                             164C     164C       20     2C98       0
                text72                             135B     135B        1     26B6       0
                text71                             17D2     17D2       2E     2FA4       0
                text70                              786      786       72        8       0
                text69                              B07      B07       62     160E       0
                text68                              F5C      F5C       A4     1EB8       0
                text67                             1486     1486       10     290C       0
                text66                             1458     1458        F     28B0       0
                text65                              A0B      A0B       50     1416       0
                text64                             1496     1496       10     292C       0
                text63                             14A6     14A6       10     294C       0
                text62                             17A5     17A5       2D     2F4A       0
                text61                             13E5     13E5        9     27CA       0
                text60                             1467     1467        F     28CE       0
                text59                             141F     141F        E     283E       0
                text58                             15AD     15AD       17     2B5A       0
                text57                              D8A      D8A       98     1B14       0
                text56                             142D     142D        E     285A       0
                text55                             14E8     14E8       11     29D0       0
                text54                             13EE     13EE        A     27DC       0
                text53                              57F      57F       B5        8       0
                text52                             1377     1377        5     26EE       0
                text51                             1363     1363        3     26C6       0
                text50                             1366     1366        3     26CC       0
                text49                              28B      28B      1CE        8       0
                text48                              B69      B69       7C     16D2       0
                text47                             13BD     13BD        8     277A       0
                text46                             13C5     13C5        8     278A       0
                text45                              934      934       3D     1268       0
                text44                              AAB      AAB       5C     1556       0
                text43                             135C     135C        1     26B8       0
                text42                             1728     1728       28     2E50       0
                text41                             13CD     13CD        8     279A       0
                text40                              CFB      CFB       8F     19F6       0
                text39                             1580     1580       16     2B00       0
                text38                             13D5     13D5        8     27AA       0
                text37                             151B     151B       13     2A36       0
                text36                             16DA     16DA       27     2DB4       0
                text35                             14F9     14F9       11     29F2       0
                text34                             1369     1369        3     26D2       0
                text33                                2        2        2        0       0
                text32                             1612     1612       1D     2C24       0
                text31                             138D     138D        6     271A       0
                text30                             1393     1393        6     2726       0
                text29                             1399     1399        6     2732       0
                text28                             139F     139F        6     273E       0
                text27                              86A      86A       30     10D4       0
                text26                             1779     1779       2C     2EF2       0
                text25                             15F6     15F6       1C     2BEC       0
                text24                             143B     143B        E     2876       0
                text23                             1556     1556       15     2AAC       0
                text22                             14B6     14B6       10     296C       0
                text21                             13A5     13A5        6     274A       0
                text20                             152E     152E       13     2A5C       0
                text19                             13AB     13AB        6     2756       0
                text18                             162F     162F       1D     2C5E       0
                text17                             15DB     15DB       1B     2BB6       0
                text16                             13DD     13DD        8     27BA       0
                text15                             1373     1373        4     26E6       0
                text14                             156B     156B       15     2AD6       0
                text13                              971      971       4A     12E2       0
                text12                              7F8      7F8        8        8       0
                text11                             137C     137C        5     26F8       0
                text10                              8FE      8FE       36     11FC       0
                text9                              16B5     16B5       25     2D6A       0
                text8                              15C4     15C4       17     2B88       0
                text7                               A5B      A5B       50     14B6       0
                text6                              1750     1750       29     2EA0       0
                text5                               6DE      6DE       A8        8       0
                text4                               83B      83B       2F     1076       0
                text3                              150A     150A       11     2A14       0
                text2                              1701     1701       27     2E02       0
                text1                               634      634       AA        8       0
                maintext                             62       62      229        8       0
                cstackBANK0                          20       20       35       20       1
                cstackCOMMON                         70       70        A       70       1
                cstackBANK2                         144      144        2      120       1
                clrtext                            13B1     13B1        6     2762       0
                inittext                           13B7     13B7        6     276E       0
                bssBANK3                            1A0      1A0       44      1A0       1
                dataBANK2                           120      120       24      120       1
                dataBANK1                            E4       E4        C       A0       1
                bssBANK1                             A0       A0       38       A0       1
                dataBANK0                            6D       6D        3       20       1
                bssBANK0                             55       55       18       20       1
                bssCOMMON                            7A       7A        2       70       1
                stringtext22                       1868     1868        3     3000       0
                stringtext21                       185F     185F        5     3000       0
                stringtext20                       185A     185A        5     3000       0
                stringtext19                       1855     1855        5     3000       0
                stringtext18                       1850     1850        5     3000       0
                stringtext17                       184B     184B        5     3000       0
                stringtext16                       1846     1846        5     3000       0
                stringtext15                       1841     1841        5     3000       0
                stringtext14                       183C     183C        5     3000       0
                stringtext13                       1837     1837        5     3000       0
                stringtext12                       1832     1832        5     3000       0
                stringtext11                       182D     182D        5     3000       0
                stringtext10                       1828     1828        5     3000       0
                stringtext9                        1823     1823        5     3000       0
                stringtext8                        181E     181E        5     3000       0
                stringtext7                        1819     1819        5     3000       0
                stringtext6                        1814     1814        5     3000       0
                stringtext5                        1809     1809        6     3000       0
                stringtext4                        1800     1800        9     3000       0
                nvBANK1                              D8       D8        C       A0       1
                stringtext3                        1000     1000       44     2000       0
                stringtext2                        1864     1864        4     3000       0
                stringtext1                        180F     180F        5     3000       0
                idataBANK2                         166C     166C       24     2CD8       0
                idataBANK1                          800      800        C     1000       0
                idataBANK0                         136C     136C        3     26D8       0

TOTAL           Name                               Link     Load   Length     Space
        CLASS   STACK          

        CLASS   CODE           
                end_init                             1F       1F        2         0
                cinit                                21       21       41         0
                intentry                              4        4       1B         0
                reset_vec                             0        0        2         0
                text100                            1596     1596       17         0
                text99                             135D     135D        3         0
                text98                             1359     1359        1         0
                text97                             136F     136F        4         0
                text96                              89A      89A       32         0
                text95                             1449     1449        F         0
                text94                             135A     135A        1         0
                text93                             13F8     13F8        B         0
                text92                             1541     1541       15         0
                text90                              E22      E22       9D         0
                text89                              EBF      EBF       9D         0
                text88                              459      459      126         0
                text87                             1690     1690       25         0
                text86                             1360     1360        3         0
                text85                             1381     1381        6         0
                text84                             1387     1387        6         0
                text83                              BE5      BE5       87         0
                text82                             14C6     14C6       11         0
                text81                             14D7     14D7       11         0
                text80                              9BB      9BB       50         0
                text79                             1403     1403        E         0
                text78                              80C      80C       2F         0
                text77                              C6C      C6C       8F         0
                text76                             1411     1411        E         0
                text75                              8CC      8CC       32         0
                text74                             1476     1476       10         0
                text73                             164C     164C       20         0
                text72                             135B     135B        1         0
                text71                             17D2     17D2       2E         0
                text70                              786      786       72         0
                text69                              B07      B07       62         0
                text68                              F5C      F5C       A4         0
                text67                             1486     1486       10         0
                text66                             1458     1458        F         0
                text65                              A0B      A0B       50         0
                text64                             1496     1496       10         0
                text63                             14A6     14A6       10         0
                text62                             17A5     17A5       2D         0
                text61                             13E5     13E5        9         0
                text60                             1467     1467        F         0
                text59                             141F     141F        E         0
                text58                             15AD     15AD       17         0
                text57                              D8A      D8A       98         0
                text56                             142D     142D        E         0
                text55                             14E8     14E8       11         0
                text54                             13EE     13EE        A         0
                text53                              57F      57F       B5         0
                text52                             1377     1377        5         0
                text51                             1363     1363        3         0
                text50                             1366     1366        3         0
                text49                              28B      28B      1CE         0
                text48                              B69      B69       7C         0
                text47                             13BD     13BD        8         0
                text46                             13C5     13C5        8         0
                text45                              934      934       3D         0
                text44                              AAB      AAB       5C         0
                text43                             135C     135C        1         0
                text42                             1728     1728       28         0
                text41                             13CD     13CD        8         0
                text40                              CFB      CFB       8F         0
                text39                             1580     1580       16         0
                text38                             13D5     13D5        8         0
                text37                             151B     151B       13         0
                text36                             16DA     16DA       27         0
                text35                             14F9     14F9       11         0
                text34                             1369     1369        3         0
                text33                                2        2        2         0
                text32                             1612     1612       1D         0
                text31                             138D     138D        6         0
                text30                             1393     1393        6         0
                text29                             1399     1399        6         0
                text28                             139F     139F        6         0
                text27                              86A      86A       30         0
                text26                             1779     1779       2C         0
                text25                             15F6     15F6       1C         0
                text24                             143B     143B        E         0
                text23                             1556     1556       15         0
                text22                             14B6     14B6       10         0
                text21                             13A5     13A5        6         0
                text20                             152E     152E       13         0
                text19                             13AB     13AB        6         0
                text18                             162F     162F       1D         0
                text17                             15DB     15DB       1B         0
                text16                             13DD     13DD        8         0
                text15                             1373     1373        4         0
                text14                             156B     156B       15         0
                text13                              971      971       4A         0
                text12                              7F8      7F8        8         0
                text11                             137C     137C        5         0
                text10                              8FE      8FE       36         0
                text9                              16B5     16B5       25         0
                text8                              15C4     15C4       17         0
                text7                               A5B      A5B       50         0
                text6                              1750     1750       29         0
                text5                               6DE      6DE       A8         0
                text4                               83B      83B       2F         0
                text3                              150A     150A       11         0
                text2                              1701     1701       27         0
                text1                               634      634       AA         0
                maintext                             62       62      229         0
                clrtext                            13B1     13B1        6         0
                inittext                           13B7     13B7        6         0
                idataBANK2                         166C     166C       24         0
                idataBANK1                          800      800        C         0
                idataBANK0                         136C     136C        3         0

        CLASS   STRCODE        
                stringtext22                       1868     1868        3         0
                stringtext21                       185F     185F        5         0
                stringtext20                       185A     185A        5         0
                stringtext19                       1855     1855        5         0
                stringtext18                       1850     1850        5         0
                stringtext17                       184B     184B        5         0
                stringtext16                       1846     1846        5         0
                stringtext15                       1841     1841        5         0
                stringtext14                       183C     183C        5         0
                stringtext13                       1837     1837        5         0
                stringtext12                       1832     1832        5         0
                stringtext11                       182D     182D        5         0
                stringtext10                       1828     1828        5         0
                stringtext9                        1823     1823        5         0
                stringtext8                        181E     181E        5         0
                stringtext7                        1819     1819        5         0
                stringtext6                        1814     1814        5         0
                stringtext5                        1809     1809        6         0
                stringtext4                        1800     1800        9         0
                stringtext3                        1000     1000       44         0
                stringtext2                        1864     1864        4         0
                stringtext1                        180F     180F        5         0

        CLASS   STRING         

        CLASS   CONST          

        CLASS   ENTRY          

        CLASS   COMMON         
                cstackCOMMON                         70       70        A         1
                bssCOMMON                            7A       7A        2         1

        CLASS   BANK0          
                cstackBANK0                          20       20       35         1
                dataBANK0                            6D       6D        3         1
                bssBANK0                             55       55       18         1

        CLASS   BANK1          
                dataBANK1                            E4       E4        C         1
                bssBANK1                             A0       A0       38         1
                nvBANK1                              D8       D8        C         1

        CLASS   BANK2          
                cstackBANK2                         144      144        2         1
                dataBANK2                           120      120       24         1

        CLASS   BANK3          
                bssBANK3                            1A0      1A0       44         1

        CLASS   BANK4          

        CLASS   BANK5          

        CLASS   BANK6          

        CLASS   BIGRAM         

        CLASS   RAM            

        CLASS   ABS1           
                abs_s1                               7E       7E        2         1

        CLASS   SFR0           

        CLASS   SFR1           

        CLASS   SFR2           

        CLASS   SFR3           

        CLASS   SFR4           

        CLASS   SFR5           

        CLASS   SFR6           

        CLASS   SFR7           

        CLASS   SFR8           

        CLASS   SFR9           

        CLASS   SFR10          

        CLASS   SFR11          

        CLASS   SFR12          

        CLASS   SFR13          

        CLASS   SFR14          

        CLASS   SFR15          

        CLASS   SFR16          

        CLASS   SFR17          

        CLASS   SFR18          

        CLASS   SFR19          

        CLASS   SFR20          

        CLASS   SFR21          

        CLASS   SFR22          

        CLASS   SFR23          

        CLASS   SFR24          

        CLASS   SFR25          

        CLASS   SFR26          

        CLASS   SFR27          

        CLASS   SFR28          

        CLASS   SFR29          

        CLASS   SFR30          

        CLASS   SFR31          

        CLASS   CONFIG         
                config                             8007     8007        2         0

        CLASS   IDLOC          

        CLASS   BANK31         

        CLASS   BANK30         

        CLASS   BANK29         

        CLASS   BANK28         

        CLASS   BANK27         

        CLASS   BANK26         

        CLASS   BANK25         

        CLASS   BANK24         

        CLASS   BANK23         

        CLASS   BANK22         

        CLASS   BANK21         

        CLASS   BANK20         

        CLASS   BANK19         

        CLASS   BANK18         

        CLASS   BANK17         

        CLASS   BANK16         

        CLASS   BANK15         

        CLASS   BANK14         

        CLASS   BANK13         

        CLASS   BANK12         

        CLASS   BANK11         

        CLASS   BANK10         

        CLASS   BANK9          

        CLASS   BANK8          

        CLASS   BANK7          

        CLASS   EEDATA         



SEGMENTS        Name                           Load    Length   Top    Selector   Space  Class     Delta

                reset_vec                      000000  000004  000004         0       0  CODE        2
                intentry                       000004  0007FC  000800         8       0  CODE        2
                cstackBANK0                    000020  000050  000070        20       1  BANK0       1
                cstackCOMMON                   000070  00000C  00007C        70       1  COMMON      1
                bssBANK1                       0000A0  000050  0000F0        A0       1  BANK1       1
                dataBANK2                      000120  000026  000146       120       1  BANK2       1
                bssBANK3                       0001A0  000044  0001E4       1A0       1  BANK3       1
                idataBANK1                     000800  00000C  00080C      1000       0  CODE        2
                text78                         00080C  00002F  00083B      1018       0  CODE        2
                text4                          00083B  00002F  00086A      1076       0  CODE        2
                text27                         00086A  000030  00089A      10D4       0  CODE        2
                text96                         00089A  000032  0008CC      1134       0  CODE        2
                text75                         0008CC  000032  0008FE      1198       0  CODE        2
                text10                         0008FE  000036  000934      11FC       0  CODE        2
                text45                         000934  00003D  000971      1268       0  CODE        2
                text13                         000971  00004A  0009BB      12E2       0  CODE        2
                text80                         0009BB  000050  000A0B      1376       0  CODE        2
                text65                         000A0B  000050  000A5B      1416       0  CODE        2
                text7                          000A5B  000050  000AAB      14B6       0  CODE        2
                text44                         000AAB  00005C  000B07      1556       0  CODE        2
                text69                         000B07  000062  000B69      160E       0  CODE        2
                text48                         000B69  00007C  000BE5      16D2       0  CODE        2
                text83                         000BE5  000087  000C6C      17CA       0  CODE        2
                text77                         000C6C  00008F  000CFB      18D8       0  CODE        2
                text40                         000CFB  00008F  000D8A      19F6       0  CODE        2
                text57                         000D8A  000098  000E22      1B14       0  CODE        2
                text90                         000E22  00009D  000EBF      1C44       0  CODE        2
                text89                         000EBF  00009D  000F5C      1D7E       0  CODE        2
                text68                         000F5C  0000A4  001000      1EB8       0  CODE        2
                stringtext3                    001000  000044  001044      2000       0  STRCODE     2
                text98                         001359  000001  00135A      26B2       0  CODE        2
                text94                         00135A  000001  00135B      26B4       0  CODE        2
                text72                         00135B  000001  00135C      26B6       0  CODE        2
                text43                         00135C  000001  00135D      26B8       0  CODE        2
                text99                         00135D  000003  001360      26BA       0  CODE        2
                text86                         001360  000003  001363      26C0       0  CODE        2
                text51                         001363  000003  001366      26C6       0  CODE        2
                text50                         001366  000003  001369      26CC       0  CODE        2
                text34                         001369  000003  00136C      26D2       0  CODE        2
                idataBANK0                     00136C  000003  00136F      26D8       0  CODE        2
                text97                         00136F  000004  001373      26DE       0  CODE        2
                text15                         001373  000004  001377      26E6       0  CODE        2
                text52                         001377  000005  00137C      26EE       0  CODE        2
                text11                         00137C  000005  001381      26F8       0  CODE        2
                text85                         001381  000006  001387      2702       0  CODE        2
                text84                         001387  000006  00138D      270E       0  CODE        2
                text31                         00138D  000006  001393      271A       0  CODE        2
                text30                         001393  000006  001399      2726       0  CODE        2
                text29                         001399  000006  00139F      2732       0  CODE        2
                text28                         00139F  000006  0013A5      273E       0  CODE        2
                text21                         0013A5  000006  0013AB      274A       0  CODE        2
                text19                         0013AB  000006  0013B1      2756       0  CODE        2
                clrtext                        0013B1  000006  0013B7      2762       0  CODE        2
                inittext                       0013B7  000006  0013BD      276E       0  CODE        2
                text47                         0013BD  000008  0013C5      277A       0  CODE        2
                text46                         0013C5  000008  0013CD      278A       0  CODE        2
                text41                         0013CD  000008  0013D5      279A       0  CODE        2
                text38                         0013D5  000008  0013DD      27AA       0  CODE        2
                text16                         0013DD  000008  0013E5      27BA       0  CODE        2
                text61                         0013E5  000009  0013EE      27CA       0  CODE        2
                text54                         0013EE  00000A  0013F8      27DC       0  CODE        2
                text93                         0013F8  00000B  001403      27F0       0  CODE        2
                text79                         001403  00000E  001411      2806       0  CODE        2
                text76                         001411  00000E  00141F      2822       0  CODE        2
                text59                         00141F  00000E  00142D      283E       0  CODE        2
                text56                         00142D  00000E  00143B      285A       0  CODE        2
                text24                         00143B  00000E  001449      2876       0  CODE        2
                text95                         001449  00000F  001458      2892       0  CODE        2
                text66                         001458  00000F  001467      28B0       0  CODE        2
                text60                         001467  00000F  001476      28CE       0  CODE        2
                text74                         001476  000010  001486      28EC       0  CODE        2
                text67                         001486  000010  001496      290C       0  CODE        2
                text64                         001496  000010  0014A6      292C       0  CODE        2
                text63                         0014A6  000010  0014B6      294C       0  CODE        2
                text22                         0014B6  000010  0014C6      296C       0  CODE        2
                text82                         0014C6  000011  0014D7      298C       0  CODE        2
                text81                         0014D7  000011  0014E8      29AE       0  CODE        2
                text55                         0014E8  000011  0014F9      29D0       0  CODE        2
                text35                         0014F9  000011  00150A      29F2       0  CODE        2
                text3                          00150A  000011  00151B      2A14       0  CODE        2
                text37                         00151B  000013  00152E      2A36       0  CODE        2
                text20                         00152E  000013  001541      2A5C       0  CODE        2
                text92                         001541  000015  001556      2A82       0  CODE        2
                text23                         001556  000015  00156B      2AAC       0  CODE        2
                text14                         00156B  000015  001580      2AD6       0  CODE        2
                text39                         001580  000016  001596      2B00       0  CODE        2
                text100                        001596  000017  0015AD      2B2C       0  CODE        2
                text58                         0015AD  000017  0015C4      2B5A       0  CODE        2
                text8                          0015C4  000017  0015DB      2B88       0  CODE        2
                text17                         0015DB  00001B  0015F6      2BB6       0  CODE        2
                text25                         0015F6  00001C  001612      2BEC       0  CODE        2
                text32                         001612  00001D  00162F      2C24       0  CODE        2
                text18                         00162F  00001D  00164C      2C5E       0  CODE        2
                text73                         00164C  000020  00166C      2C98       0  CODE        2
                idataBANK2                     00166C  000024  001690      2CD8       0  CODE        2
                text87                         001690  000025  0016B5      2D20       0  CODE        2
                text9                          0016B5  000025  0016DA      2D6A       0  CODE        2
                text36                         0016DA  000027  001701      2DB4       0  CODE        2
                text2                          001701  000027  001728      2E02       0  CODE        2
                text42                         001728  000028  001750      2E50       0  CODE        2
                text6                          001750  000029  001779      2EA0       0  CODE        2
                text26                         001779  00002C  0017A5      2EF2       0  CODE        2
                text62                         0017A5  00002D  0017D2      2F4A       0  CODE        2
                text71                         0017D2  00002E  001800      2FA4       0  CODE        2
                stringtext4                    001800  00006B  00186B      3000       0  STRCODE     2
                config                         008007  000002  008009     1000E       0  CONFIG      2


UNUSED ADDRESS RANGES

        Name                Unused          Largest block    Delta
        BANK2            00146-0016F              2A           1
        BANK3            001E4-001EF               C           1
        BANK4            00220-0026F              50           1
        BANK5            002A0-002EF              50           1
        BANK6            00320-0032F              10           1
        BIGRAM           02000-021EF             1F0           1
        CODE             01044-01358             315           2
                         0186B-01FFF             795
        COMMON           0007C-0007D               2           1
        CONST            01044-01358             100           2
                         0186B-01FFF             100
        ENTRY            01044-01358             100           2
                         0186B-01FFF             100
        IDLOC            08000-08003               4           2
        RAM              00146-0016F              2A           1
                         001E4-001EF               C
                         00220-0026F              50
                         002A0-002EF              50
                         00320-0032F              10
        SFR0             00000-0001F              20           1
        SFR1             00080-0009F              20           1
        SFR10            00500-0056F              70           1
        SFR11            00580-005EF              70           1
        SFR12            00600-0066F              70           1
        SFR13            00680-006EF              70           1
        SFR14            00700-0076F              70           1
        SFR15            00780-007EF              70           1
        SFR16            00800-0086F              70           1
        SFR17            00880-008EF              70           1
        SFR18            00900-0096F              70           1
        SFR19            00980-009EF              70           1
        SFR2             00100-0011F              20           1
        SFR20            00A00-00A6F              70           1
        SFR21            00A80-00AEF              70           1
        SFR22            00B00-00B6F              70           1
        SFR23            00B80-00BEF              70           1
        SFR24            00C00-00C6F              70           1
        SFR25            00C80-00CEF              70           1
        SFR26            00D00-00D6F              70           1
        SFR27            00D80-00DEF              70           1
        SFR28            00E00-00E6F              70           1
        SFR29            00E80-00EEF              70           1
        SFR3             00180-0019F              20           1
        SFR30            00F00-00F6F              70           1
        SFR31            00F80-00FEF              70           1
        SFR4             00200-0021F              20           1
        SFR5             00280-0029F              20           1
        SFR6             00300-0031F              20           1
        SFR7             00380-003EF              70           1
        SFR8             00400-0046F              70           1
        SFR9             00480-004EF              70           1
        STACK            02134-021EF              BC           1
        STRCODE          01044-01358             315           2
                         0186B-01FFF             795
        STRING           01044-01358             100           2
                         0186B-01FFF             100

                                  Symbol Table

?_MTOUCH_Sensor_RawSample_Get                         cstackCOMMON 00076
?_abs                                                 cstackCOMMON 00072
?_ctoa                                                cstackBANK0  00033
?_pad                                                 cstackBANK0  0002A
?_printf                                              cstackBANK0  0004A
?_strlen                                              cstackCOMMON 00072
?_vfpfcnvrt                                           cstackBANK0  00039
?_vfprintf                                            cstackBANK0  00042
Button_Baseline_Initialize@button                     cstackBANK0  00024
Button_Baseline_Update@button                         cstackCOMMON 00078
Button_Deviation_Update@button                        cstackCOMMON 00072
Button_Deviation_Update@deviation                     cstackCOMMON 00073
Button_Reading_Update@button                          cstackBANK0  00023
Button_Reading_Update_Helper@button                   cstackBANK0  00022
Button_Service@button                                 cstackBANK0  0002C
Button_Service@name                                   cstackBANK0  0002B
Button_State_Initializing@button                      cstackBANK0  00025
Button_State_NotPressed@button                        cstackBANK0  00025
Button_State_Pressed@button                           cstackBANK0  00025
Button_Tick_helper@button                             cstackCOMMON 00074
DATA_PROCESS@x                                        cstackCOMMON 00077
EUSART_Read@readValue                                 cstackCOMMON 00073
EUSART_SetErrorHandler@interruptHandler               cstackCOMMON 00072
EUSART_SetFramingErrorHandler@interruptHandler        cstackCOMMON 00072
EUSART_SetOverrunErrorHandler@interruptHandler        cstackCOMMON 00072
EUSART_SetRxInterruptHandler@interruptHandler         cstackCOMMON 00072
EUSART_Write@txData                                   cstackCOMMON 00072
LED_PROCESS@x                                         cstackCOMMON 00074
MTOUCH_Button_Initialize@button                       cstackBANK0  00021
MTOUCH_Button_Initialize@name                         cstackBANK0  00020
MTOUCH_Button_SetNotPressedCallback@callback          cstackCOMMON 00072
MTOUCH_Button_SetPressedCallback@callback             cstackCOMMON 00072
MTOUCH_Button_Tick@i                                  cstackCOMMON 00076
MTOUCH_Button_isPressed@name                          cstackCOMMON 00072
MTOUCH_Sensor_Calibrate@sensor                        cstackCOMMON 00077
MTOUCH_Sensor_Enable@sensor                           cstackCOMMON 00077
MTOUCH_Sensor_Initialize@sensor                       cstackCOMMON 00079
MTOUCH_Sensor_RawSample_Get@name                      cstackCOMMON 00079
MTOUCH_Sensor_SampleAll@group                         cstackBANK0  0004C
MTOUCH_Sensor_Sampled_ResetAll@sensor                 cstackCOMMON 00074
MTOUCH_Sensor_isCalibrated@sensor                     cstackCOMMON 00077
MTOUCH_Sensor_wasSampled@sensor                       cstackCOMMON 00077
RELAY_PROCESS@x                                       cstackCOMMON 00074
Sensor_Acq_ExecutePacket@AD1CON2_temp                 cstackBANK0  00027
Sensor_Acq_ExecutePacket@AD2CON2_temp                 cstackBANK0  00028
Sensor_Acq_ExecutePacket@ADCOMCON_temp                cstackBANK0  00026
Sensor_Acq_ExecutePacket@ADxIF_flag                   cstackBANK0  0002B
Sensor_Acq_ExecutePacket@activeSensor                 cstackBANK0  0002C
Sensor_Acq_ExecutePacket@last_a                       cstackBANK0  0002D
Sensor_Acq_ExecutePacket@last_b                       cstackBANK0  0002F
Sensor_Acq_ExecutePacket@packet_counter               cstackBANK0  00031
Sensor_Acq_ExecutePacket@sensor1ForceEnabled          cstackBANK0  00029
Sensor_Acq_ExecutePacket@sensor2ForceEnabled          cstackBANK0  0002A
Sensor_Acq_ExecutePacket@sensor_adc1                  cstackBANK0  00032
Sensor_Acq_ExecutePacket@sensor_adc2                  cstackBANK0  00024
Sensor_Acquisition@retry                              cstackBANK0  00042
Sensor_Acquisition@sensor_adc1                        cstackBANK0  00043
Sensor_Acquisition@sensor_adc2                        cstackBANK0  00040
Sensor_DefaultCallback@sensor                         cstackCOMMON 00072
Sensor_RawSample_Update@adcIndex                      cstackCOMMON 00077
Sensor_RawSample_Update@sensor                        cstackCOMMON 00078
Sensor_Sampled_Reset@sensor                           cstackCOMMON 00072
Sensor_Scanfrequency_Evaluation@best_packet_sample    cstackBANK0  0003B
Sensor_Scanfrequency_Evaluation@best_sample_period    cstackBANK0  00039
Sensor_Scanfrequency_Evaluation@frequency_hop         stringtext1  0180F
Sensor_Scanfrequency_Evaluation@i                     cstackBANK0  0003F
Sensor_Scanfrequency_Evaluation@packet_noise_Max      cstackBANK0  00037
Sensor_Scanfrequency_Evaluation@retry                 cstackBANK0  0003A
Sensor_Scanfrequency_Evaluation@sensor_adc1           cstackBANK0  00036
Sensor_Scanfrequency_Evaluation@sensor_adc2           cstackBANK0  00033
Sensor_Service@error                                  cstackBANK0  00048
Sensor_Service@scanGroup                              cstackBANK0  00047
Sensor_Service@sensor_adc1                            cstackBANK0  00049
Sensor_Service@sensor_adc2                            cstackBANK0  0004A
Sensor_autoCalibration@adcIndex                       cstackBANK0  00020
Sensor_autoCalibration@sensor                         cstackBANK0  00021
Sensor_getScanGroupIndex@sensor                       cstackCOMMON 00074
Sensor_getScanGroupIndex@sensorGroup                  cstackCOMMON 00075
Sensor_isActive@sensor                                cstackCOMMON 00072
Sensor_isCalibrated@sensor                            cstackCOMMON 00072
Sensor_isCalibratingAcqTime@sensor                    cstackCOMMON 00072
Sensor_isEnabled@sensor                               cstackCOMMON 00073
Sensor_loadADCSettings@adc_index                      cstackCOMMON 00073
Sensor_loadADCSettings@addressOffset                  cstackBANK0  00022
Sensor_loadADCSettings@sensor                         cstackBANK0  00023
Sensor_postAcquisitionProcess@adcIndex                cstackBANK0  00020
Sensor_postAcquisitionProcess@deviation               cstackBANK0  00021
Sensor_postAcquisitionProcess@sensor                  cstackBANK0  00023
Sensor_setActive@sensor                               cstackCOMMON 00072
Sensor_setCalibratAcqTime@sensor                      cstackCOMMON 00072
Sensor_setCalibrated@sensor                           cstackCOMMON 00072
Sensor_setInactive@sensor                             cstackCOMMON 00072
Sensor_setSampled@sensor                              cstackCOMMON 00072
TMR1_SetInterruptHandler@InterruptHandler             cstackCOMMON 00072
TMR1_WriteTimer@timerVal                              cstackCOMMON 00070
TMR2_LoadPeriodRegister@periodVal                     cstackCOMMON 00072
_AAD1CAP                                              (abs)        00719
_AAD1CON2                                             (abs)        00713
_AAD1CON3                                             (abs)        00714
_AAD1GRD                                              (abs)        00718
_AAD1RES0                                             (abs)        0071A
_AAD2CON3                                             (abs)        00794
_AAD2GRD                                              (abs)        00798
_AAD2RES0                                             (abs)        0079A
_AD1ACQCON                                            (abs)        00717
_AD1CON0                                              (abs)        00711
_AD1CON0bits                                          (abs)        00711
_AD1CON2                                              (abs)        00713
_AD1CON3                                              (abs)        00714
_AD1PRECON                                            (abs)        00716
_AD2ACQCON                                            (abs)        00797
_AD2CON0                                              (abs)        00791
_AD2CON0bits                                          (abs)        00791
_AD2CON2                                              (abs)        00793
_AD2CON3                                              (abs)        00794
_AD2PRECON                                            (abs)        00796
_ADCOMCON                                             (abs)        00712
_ANSELA                                               (abs)        0018C
_ANSELB                                               (abs)        0018D
_ANSELC                                               (abs)        0018E
_APFCON                                               (abs)        0011D
_APFCONbits                                           (abs)        0011D
_BAUDCON                                              (abs)        0019F
_BORCON                                               (abs)        00116
_Button_Baseline_Initialize                           text78       0080C
_Button_Baseline_Update                               text77       00C6C
_Button_DefaultCallback                               text72       0135B
_Button_Deviation_Update                              text83       00BE5
_Button_Reading_Update                                text79       01403
_Button_Reading_Update_Helper                         text80       009BB
_Button_Service                                       text65       00A0B
_Button_StateMachine                                  dataBANK1    000E4
_Button_State_Initializing                            text69       00B07
_Button_State_NotPressed                              text68       00F5C
_Button_State_Pressed                                 text70       00786
_Button_Tick_helper                                   text36       016DA
_DATA_PROCESS                                         text88       00459
_EUSART_DefaultErrorHandler                           text99       0135D
_EUSART_DefaultFramingErrorHandler                    text98       01359
_EUSART_DefaultOverrunErrorHandler                    text97       0136F
_EUSART_ErrorHandler                                  nvBANK1      000DC
_EUSART_FramingErrorHandler                           nvBANK1      000E0
_EUSART_Initialize                                    text27       0086A
_EUSART_OverrunErrorHandler                           nvBANK1      000DE
_EUSART_Read                                          text87       01690
_EUSART_Receive_ISR                                   text96       0089A
_EUSART_RxDataHandler                                 text100      01596
_EUSART_RxDefaultInterruptHandler                     nvBANK1      000E2
_EUSART_SetErrorHandler                               text31       0138D
_EUSART_SetFramingErrorHandler                        text30       01393
_EUSART_SetOverrunErrorHandler                        text29       01399
_EUSART_SetRxInterruptHandler                         text28       0139F
_EUSART_Write                                         text12       007F8
_EUSART_is_rx_ready                                   text86       01360
_GIE                                                  (abs)        0005F
_INTCONbits                                           (abs)        0000B
_INTERRUPT_InterruptManager                           intentry     00004
_LATA                                                 (abs)        0010C
_LATAbits                                             (abs)        0010C
_LATB                                                 (abs)        0010D
_LATBbits                                             (abs)        0010D
_LATC                                                 (abs)        0010E
_LATCbits                                             (abs)        0010E
_LED_PROCESS                                          text90       00E22
_MTOUCH_Button_Initialize                             text75       008CC
_MTOUCH_Button_InitializeAll                          text25       015F6
_MTOUCH_Button_ServiceAll                             text64       01496
_MTOUCH_Button_SetNotPressedCallback                  text85       01381
_MTOUCH_Button_SetPressedCallback                     text84       01387
_MTOUCH_Button_Tick                                   text35       014F9
_MTOUCH_Button_isPressed                              text74       01476
_MTOUCH_Initialize                                    text20       0152E
_MTOUCH_ScanScheduler                                 text93       013F8
_MTOUCH_Sensor_Calibrate                              text76       01411
_MTOUCH_Sensor_Enable                                 text24       0143B
_MTOUCH_Sensor_Initialize                             text23       01556
_MTOUCH_Sensor_InitializeAll                          text22       014B6
_MTOUCH_Sensor_RawSample_Get                          text81       014D7
_MTOUCH_Sensor_SampleAll                              text39       01580
_MTOUCH_Sensor_Sampled_ResetAll                       text37       0151B
_MTOUCH_Sensor_Scan_Initialize                        text63       014A6
_MTOUCH_Sensor_isCalibrated                           text67       01486
_MTOUCH_Sensor_wasSampled                             text66       01458
_MTOUCH_Service_Mainloop                              text32       01612
_MTOUCH_Tick                                          text34       01369
_MTOUCH_needReburst                                   text33       00002
_OPTION_REGbits                                       (abs)        00095
_OSCCON                                               (abs)        00099
_OSCILLATOR_Initialize                                text19       013AB
_PIE1bits                                             (abs)        00091
_PIN_MANAGER_Initialize                               text18       0162F
_PIR1bits                                             (abs)        00011
_PIR2bits                                             (abs)        00012
_PR2                                                  (abs)        0001B
_RCREG                                                (abs)        00199
_RCSTA                                                (abs)        0019D
_RCSTAbits                                            (abs)        0019D
_RELAY_PROCESS                                        text89       00EBF
_SPBRGH                                               (abs)        0019C
_SPBRGL                                               (abs)        0019B
_SYSTEM_Initialize                                    text14       0156B
_Sensor_Acq_ExecutePacket                             text49       0028B
_Sensor_Acquisition                                   text44       00AAB
_Sensor_DefaultCallback                               text43       0135C
_Sensor_RawSample_Update                              text42       01728
_Sensor_Sampled_Reset                                 text38       013D5
_Sensor_Scanfrequency_Evaluation                      text48       00B69
_Sensor_Service                                       text40       00CFB
_Sensor_autoCalibration                               text57       00D8A
_Sensor_getScanGroupIndex                             text62       017A5
_Sensor_isActive                                      text56       0142D
_Sensor_isCalibrated                                  text54       013EE
_Sensor_isCalibratingAcqTime                          text61       013E5
_Sensor_isEnabled                                     text55       014E8
_Sensor_loadADCSettings                               text53       0057F
_Sensor_loadADCSettings$550                           cstackBANK0  00020
_Sensor_postAcquisitionProcess                        text45       00934
_Sensor_setActive                                     text47       013BD
_Sensor_setCalibratAcqTime                            text60       01467
_Sensor_setCalibrated                                 text59       0141F
_Sensor_setInactive                                   text46       013C5
_Sensor_setSampled                                    text41       013CD
_T1CON                                                (abs)        00018
_T1CONbits                                            (abs)        00018
_T1GCON                                               (abs)        00019
_T2CON                                                (abs)        0001C
_T2CONbits                                            (abs)        0001C
_TMR1H                                                (abs)        00017
_TMR1L                                                (abs)        00016
_TMR1_DefaultInterruptHandler                         text94       0135A
_TMR1_ISR                                             text92       01541
_TMR1_Initialize                                      text17       015DB
_TMR1_InterruptHandler                                nvBANK1      000D8
_TMR1_SetInterruptHandler                             text21       013A5
_TMR1_WriteTimer                                      text95       01449
_TMR2                                                 (abs)        0001A
_TMR2_Initialize                                      text16       013DD
_TMR2_LoadPeriodRegister                              text52       01377
_TMR2_StartTimer                                      text51       01363
_TMR2_StopTimer                                       text50       01366
_TRISA                                                (abs)        0008C
_TRISB                                                (abs)        0008D
_TRISC                                                (abs)        0008E
_TXREG                                                (abs)        0019A
_TXSTA                                                (abs)        0019E
_WDTCON                                               (abs)        00097
_WDT_Initialize                                       text15       01373
_WPUA                                                 (abs)        0020C
_WPUB                                                 (abs)        0020D
__CFG_BOREN$NSLEEP                                    (abs)        00000
__CFG_BORV$LO                                         (abs)        00000
__CFG_CLKOUTEN$OFF                                    (abs)        00000
__CFG_CP$OFF                                          (abs)        00000
__CFG_FOSC$INTOSC                                     (abs)        00000
__CFG_LPBOR$OFF                                       (abs)        00000
__CFG_LVP$ON                                          (abs)        00000
__CFG_MCLRE$ON                                        (abs)        00000
__CFG_PWRTE$OFF                                       (abs)        00000
__CFG_STVREN$ON                                       (abs)        00000
__CFG_WDTE$OFF                                        (abs)        00000
__CFG_WRT$OFF                                         (abs)        00000
__Habs1                                               abs1         00000
__Hbank0                                              bank0        00000
__Hbank1                                              bank1        00000
__Hbank10                                             bank10       00000
__Hbank11                                             bank11       00000
__Hbank12                                             bank12       00000
__Hbank13                                             bank13       00000
__Hbank14                                             bank14       00000
__Hbank15                                             bank15       00000
__Hbank16                                             bank16       00000
__Hbank17                                             bank17       00000
__Hbank18                                             bank18       00000
__Hbank19                                             bank19       00000
__Hbank2                                              bank2        00000
__Hbank20                                             bank20       00000
__Hbank21                                             bank21       00000
__Hbank22                                             bank22       00000
__Hbank23                                             bank23       00000
__Hbank24                                             bank24       00000
__Hbank25                                             bank25       00000
__Hbank26                                             bank26       00000
__Hbank27                                             bank27       00000
__Hbank28                                             bank28       00000
__Hbank29                                             bank29       00000
__Hbank3                                              bank3        00000
__Hbank30                                             bank30       00000
__Hbank31                                             bank31       00000
__Hbank4                                              bank4        00000
__Hbank5                                              bank5        00000
__Hbank6                                              bank6        00000
__Hbank7                                              bank7        00000
__Hbank8                                              bank8        00000
__Hbank9                                              bank9        00000
__Hbigram                                             bigram       00000
__HbssBANK0                                           bssBANK0     00000
__HbssBANK1                                           bssBANK1     00000
__HbssBANK3                                           bssBANK3     00000
__HbssCOMMON                                          bssCOMMON    00000
__Hcinit                                              cinit        00062
__Hclrtext                                            clrtext      00000
__Hcode                                               code         00000
__Hcommon                                             common       00000
__Hconfig                                             config       08009
__HcstackBANK0                                        cstackBANK0  00000
__HcstackBANK2                                        cstackBANK2  00000
__HcstackCOMMON                                       cstackCOMMON 00000
__HdataBANK0                                          dataBANK0    00000
__HdataBANK1                                          dataBANK1    00000
__HdataBANK2                                          dataBANK2    00000
__Heeprom_data                                        eeprom_data  00000
__Hend_init                                           end_init     00021
__Hfunctab                                            functab      00000
__HidataBANK0                                         idataBANK0   00000
__HidataBANK1                                         idataBANK1   00000
__HidataBANK2                                         idataBANK2   00000
__Hidloc                                              idloc        00000
__Hinit                                               init         0001F
__Hinittext                                           inittext     00000
__Hintentry                                           intentry     0001F
__Hmaintext                                           maintext     00000
__HnvBANK1                                            nvBANK1      00000
__Hpowerup                                            powerup      00000
__Hram                                                ram          00000
__Hreset_vec                                          reset_vec    00002
__Hsfr0                                               sfr0         00000
__Hsfr1                                               sfr1         00000
__Hsfr10                                              sfr10        00000
__Hsfr11                                              sfr11        00000
__Hsfr12                                              sfr12        00000
__Hsfr13                                              sfr13        00000
__Hsfr14                                              sfr14        00000
__Hsfr15                                              sfr15        00000
__Hsfr16                                              sfr16        00000
__Hsfr17                                              sfr17        00000
__Hsfr18                                              sfr18        00000
__Hsfr19                                              sfr19        00000
__Hsfr2                                               sfr2         00000
__Hsfr20                                              sfr20        00000
__Hsfr21                                              sfr21        00000
__Hsfr22                                              sfr22        00000
__Hsfr23                                              sfr23        00000
__Hsfr24                                              sfr24        00000
__Hsfr25                                              sfr25        00000
__Hsfr26                                              sfr26        00000
__Hsfr27                                              sfr27        00000
__Hsfr28                                              sfr28        00000
__Hsfr29                                              sfr29        00000
__Hsfr3                                               sfr3         00000
__Hsfr30                                              sfr30        00000
__Hsfr31                                              sfr31        00000
__Hsfr4                                               sfr4         00000
__Hsfr5                                               sfr5         00000
__Hsfr6                                               sfr6         00000
__Hsfr7                                               sfr7         00000
__Hsfr8                                               sfr8         00000
__Hsfr9                                               sfr9         00000
__Hspace_0                                            (abs)        08009
__Hspace_1                                            (abs)        001E4
__Hspace_2                                            (abs)        00000
__Hspace_3                                            (abs)        00000
__Hstack                                              stack        00000
__Hstrings                                            strings      00000
__Hstringtext1                                        stringtext1  00000
__Hstringtext10                                       stringtext10 00000
__Hstringtext11                                       stringtext11 00000
__Hstringtext12                                       stringtext12 00000
__Hstringtext13                                       stringtext13 00000
__Hstringtext14                                       stringtext14 00000
__Hstringtext15                                       stringtext15 00000
__Hstringtext16                                       stringtext16 00000
__Hstringtext17                                       stringtext17 00000
__Hstringtext18                                       stringtext18 00000
__Hstringtext19                                       stringtext19 00000
__Hstringtext2                                        stringtext2  00000
__Hstringtext20                                       stringtext20 00000
__Hstringtext21                                       stringtext21 00000
__Hstringtext22                                       stringtext22 00000
__Hstringtext23                                       stringtext23 00000
__Hstringtext3                                        stringtext3  00000
__Hstringtext4                                        stringtext4  00000
__Hstringtext5                                        stringtext5  00000
__Hstringtext6                                        stringtext6  00000
__Hstringtext7                                        stringtext7  00000
__Hstringtext8                                        stringtext8  00000
__Hstringtext9                                        stringtext9  00000
__Htext                                               text         00000
__Labs1                                               abs1         00000
__Lbank0                                              bank0        00000
__Lbank1                                              bank1        00000
__Lbank10                                             bank10       00000
__Lbank11                                             bank11       00000
__Lbank12                                             bank12       00000
__Lbank13                                             bank13       00000
__Lbank14                                             bank14       00000
__Lbank15                                             bank15       00000
__Lbank16                                             bank16       00000
__Lbank17                                             bank17       00000
__Lbank18                                             bank18       00000
__Lbank19                                             bank19       00000
__Lbank2                                              bank2        00000
__Lbank20                                             bank20       00000
__Lbank21                                             bank21       00000
__Lbank22                                             bank22       00000
__Lbank23                                             bank23       00000
__Lbank24                                             bank24       00000
__Lbank25                                             bank25       00000
__Lbank26                                             bank26       00000
__Lbank27                                             bank27       00000
__Lbank28                                             bank28       00000
__Lbank29                                             bank29       00000
__Lbank3                                              bank3        00000
__Lbank30                                             bank30       00000
__Lbank31                                             bank31       00000
__Lbank4                                              bank4        00000
__Lbank5                                              bank5        00000
__Lbank6                                              bank6        00000
__Lbank7                                              bank7        00000
__Lbank8                                              bank8        00000
__Lbank9                                              bank9        00000
__Lbigram                                             bigram       00000
__LbssBANK0                                           bssBANK0     00000
__LbssBANK1                                           bssBANK1     00000
__LbssBANK3                                           bssBANK3     00000
__LbssCOMMON                                          bssCOMMON    00000
__Lcinit                                              cinit        00021
__Lclrtext                                            clrtext      00000
__Lcode                                               code         00000
__Lcommon                                             common       00000
__Lconfig                                             config       08007
__LcstackBANK0                                        cstackBANK0  00000
__LcstackBANK2                                        cstackBANK2  00000
__LcstackCOMMON                                       cstackCOMMON 00000
__LdataBANK0                                          dataBANK0    00000
__LdataBANK1                                          dataBANK1    00000
__LdataBANK2                                          dataBANK2    00000
__Leeprom_data                                        eeprom_data  00000
__Lend_init                                           end_init     0001F
__Lfunctab                                            functab      00000
__LidataBANK0                                         idataBANK0   00000
__LidataBANK1                                         idataBANK1   00000
__LidataBANK2                                         idataBANK2   00000
__Lidloc                                              idloc        00000
__Linit                                               init         0001F
__Linittext                                           inittext     00000
__Lintentry                                           intentry     00004
__Lmaintext                                           maintext     00000
__LnvBANK1                                            nvBANK1      00000
__Lpowerup                                            powerup      00000
__Lram                                                ram          00000
__Lreset_vec                                          reset_vec    00000
__Lsfr0                                               sfr0         00000
__Lsfr1                                               sfr1         00000
__Lsfr10                                              sfr10        00000
__Lsfr11                                              sfr11        00000
__Lsfr12                                              sfr12        00000
__Lsfr13                                              sfr13        00000
__Lsfr14                                              sfr14        00000
__Lsfr15                                              sfr15        00000
__Lsfr16                                              sfr16        00000
__Lsfr17                                              sfr17        00000
__Lsfr18                                              sfr18        00000
__Lsfr19                                              sfr19        00000
__Lsfr2                                               sfr2         00000
__Lsfr20                                              sfr20        00000
__Lsfr21                                              sfr21        00000
__Lsfr22                                              sfr22        00000
__Lsfr23                                              sfr23        00000
[...]
      Locals:         1       0       0       0       0       0       0       0
      Temps:          2       0       0       0       0       0       0       0
      Totals:         3       0       0       0       0       0       0       0
Total ram usage:        3 bytes
 Hardware stack levels used:    1
 Hardware stack levels required when called:    4
 This function calls:
		Nothing
 This function is called by:
		_main
		_myButtonPressedCallback
		_DATA_PROCESS
 This function uses a non-reentrant model


 *************** function _INTERRUPT_InterruptManager *****************
 Defined at:
		line 52 in file "mcc_generated_files/interrupt_manager.c"
 Parameters:    Size  Location     Type
		None
 Auto vars:     Size  Location     Type
		None
 Return value:  Size  Location     Type
                  1    wreg      void 
 Registers used:
		wreg, fsr1l, fsr1h, status,2, status,0, pclath, cstack
 Tracked objects:
		On entry : 
		On exit  : 
		Unchanged: 
 Data sizes:     COMMON   BANK0   BANK1   BANK2   BANK3   BANK4   BANK5   BANK6
      Params:         0       0       0       0       0       0       0       0
      Locals:         0       0       0       0       0       0       0       0
      Temps:          0       0       0       0       0       0       0       0
      Totals:         0       0       0       0       0       0       0       0
Total ram usage:        0 bytes
 Hardware stack levels used:    1
 Hardware stack levels required when called:    3
 This function calls:
		Absolute function
		_EUSART_Receive_ISR
		_TMR1_ISR
 This function is called by:
		Interrupt level 1
 This function uses a non-reentrant model


 *************** function _TMR1_ISR *****************
 Defined at:
		line 122 in file "mcc_generated_files/tmr1.c"
 Parameters:    Size  Location     Type
		None
 Auto vars:     Size  Location     Type
		None
 Return value:  Size  Location     Type
                  1    wreg      void 
 Registers used:
		wreg, status,2, status,0, pclath, cstack
 Tracked objects:
		On entry : 
		On exit  : 
		Unchanged: 
 Data sizes:     COMMON   BANK0   BANK1   BANK2   BANK3   BANK4   BANK5   BANK6
      Params:         0       0       0       0       0       0       0       0
      Locals:         0       0       0       0       0       0       0       0
      Temps:          0       0       0       0       0       0       0       0
      Totals:         0       0       0       0       0       0       0       0
Total ram usage:        0 bytes
 Hardware stack levels used:    1
 Hardware stack levels required when called:    2
 This function calls:
		Absolute function
		_MTOUCH_ScanScheduler
		_TMR1_DefaultInterruptHandler
		_TMR1_WriteTimer
 This function is called by:
		_INTERRUPT_InterruptManager
 This function uses a non-reentrant model


 *************** function _MTOUCH_ScanScheduler *****************
 Defined at:
		line 71 in file "mcc_generated_files/mtouch/mtouch.c"
 Parameters:    Size  Location     Type
		None
 Auto vars:     Size  Location     Type
		None
 Return value:  Size  Location     Type
                  1    wreg      void 
 Registers used:
		wreg, status,2, status,0, pclath, cstack
 Tracked objects:
		On entry : 
		On exit  : 
		Unchanged: 
 Data sizes:     COMMON   BANK0   BANK1   BANK2   BANK3   BANK4   BANK5   BANK6
      Params:         0       0       0       0       0       0       0       0
      Locals:         0       0       0       0       0       0       0       0
      Temps:          0       0       0       0       0       0       0       0
      Totals:         0       0       0       0       0       0       0       0
Total ram usage:        0 bytes
 Hardware stack levels used:    1
 Hardware stack levels required when called:    1
 This function calls:
		_TMR1_WriteTimer
 This function is called by:
		_MTOUCH_Initialize
		_TMR1_ISR
 This function uses a non-reentrant model


 *************** function _TMR1_DefaultInterruptHandler *****************
 Defined at:
		line 140 in file "mcc_generated_files/tmr1.c"
 Parameters:    Size  Location     Type
		None
 Auto vars:     Size  Location     Type
		None
 Return value:  Size  Location     Type
                  1    wreg      void 
 Registers used:
		None
 Tracked objects:
		On entry : 
		On exit  : 
		Unchanged: 
 Data sizes:     COMMON   BANK0   BANK1   BANK2   BANK3   BANK4   BANK5   BANK6
      Params:         0       0       0       0       0       0       0       0
      Locals:         0       0       0       0       0       0       0       0
      Temps:          0       0       0       0       0       0       0       0
      Totals:         0       0       0       0       0       0       0       0
Total ram usage:        0 bytes
 Hardware stack levels used:    1
 This function calls:
		Nothing
 This function is called by:
		_TMR1_Initialize
		_TMR1_ISR
 This function uses a non-reentrant model


 *************** function _TMR1_WriteTimer *****************
 Defined at:
		line 95 in file "mcc_generated_files/tmr1.c"
 Parameters:    Size  Location     Type
  timerVal        2    0[COMMON] unsigned short 
 Auto vars:     Size  Location     Type
		None
 Return value:  Size  Location     Type
                  1    wreg      void 
 Registers used:
		wreg, status,2
 Tracked objects:
		On entry : 
		On exit  : 
		Unchanged: 
 Data sizes:     COMMON   BANK0   BANK1   BANK2   BANK3   BANK4   BANK5   BANK6
      Params:         2       0       0       0       0       0       0       0
      Locals:         0       0       0       0       0       0       0       0
      Temps:          0       0       0       0       0       0       0       0
      Totals:         2       0       0       0       0       0       0       0
Total ram usage:        2 bytes
 Hardware stack levels used:    1
 This function calls:
		Nothing
 This function is called by:
		_MTOUCH_ScanScheduler
		_TMR1_ISR
 This function uses a non-reentrant model


 *************** function _EUSART_Receive_ISR *****************
 Defined at:
		line 164 in file "mcc_generated_files/eusart.c"
 Parameters:    Size  Location     Type
		None
 Auto vars:     Size  Location     Type
		None
 Return value:  Size  Location     Type
                  1    wreg      void 
 Registers used:
		wreg, fsr1l, fsr1h, status,2, status,0, pclath, cstack
 Tracked objects:
		On entry : 
		On exit  : 
		Unchanged: 
 Data sizes:     COMMON   BANK0   BANK1   BANK2   BANK3   BANK4   BANK5   BANK6
      Params:         0       0       0       0       0       0       0       0
      Locals:         0       0       0       0       0       0       0       0
      Temps:          0       0       0       0       0       0       0       0
      Totals:         0       0       0       0       0       0       0       0
Total ram usage:        0 bytes
 Hardware stack levels used:    1
 Hardware stack levels required when called:    2
 This function calls:
		Absolute function
		_EUSART_DefaultErrorHandler
		_EUSART_DefaultFramingErrorHandler
		_EUSART_DefaultOverrunErrorHandler
		_EUSART_RxDataHandler
 This function is called by:
		_EUSART_Initialize
		_INTERRUPT_InterruptManager
 This function uses a non-reentrant model


 *************** function _EUSART_DefaultOverrunErrorHandler *****************
 Defined at:
		line 200 in file "mcc_generated_files/eusart.c"
 Parameters:    Size  Location     Type
		None
 Auto vars:     Size  Location     Type
		None
 Return value:  Size  Location     Type
                  1    wreg      void 
 Registers used:
		None
 Tracked objects:
		On entry : 
		On exit  : 
		Unchanged: 
 Data sizes:     COMMON   BANK0   BANK1   BANK2   BANK3   BANK4   BANK5   BANK6
      Params:         0       0       0       0       0       0       0       0
      Locals:         0       0       0       0       0       0       0       0
      Temps:          0       0       0       0       0       0       0       0
      Totals:         0       0       0       0       0       0       0       0
Total ram usage:        0 bytes
 Hardware stack levels used:    1
 This function calls:
		Nothing
 This function is called by:
		_EUSART_Initialize
		_EUSART_Receive_ISR
 This function uses a non-reentrant model


 *************** function _EUSART_DefaultFramingErrorHandler *****************
 Defined at:
		line 198 in file "mcc_generated_files/eusart.c"
 Parameters:    Size  Location     Type
		None
 Auto vars:     Size  Location     Type
		None
 Return value:  Size  Location     Type
                  1    wreg      void 
 Registers used:
		None
 Tracked objects:
		On entry : 
		On exit  : 
		Unchanged: 
 Data sizes:     COMMON   BANK0   BANK1   BANK2   BANK3   BANK4   BANK5   BANK6
      Params:         0       0       0       0       0       0       0       0
      Locals:         0       0       0       0       0       0       0       0
      Temps:          0       0       0       0       0       0       0       0
      Totals:         0       0       0       0       0       0       0       0
Total ram usage:        0 bytes
 Hardware stack levels used:    1
 This function calls:
		Nothing
 This function is called by:
		_EUSART_Initialize
		_EUSART_Receive_ISR
 This function uses a non-reentrant model


 *************** function _EUSART_DefaultErrorHandler *****************
 Defined at:
		line 208 in file "mcc_generated_files/eusart.c"
 Parameters:    Size  Location     Type
		None
 Auto vars:     Size  Location     Type
		None
 Return value:  Size  Location     Type
                  1    wreg      void 
 Registers used:
		wreg, fsr1l, fsr1h, status,2, status,0, pclath, cstack
 Tracked objects:
		On entry : 
		On exit  : 
		Unchanged: 
 Data sizes:     COMMON   BANK0   BANK1   BANK2   BANK3   BANK4   BANK5   BANK6
      Params:         0       0       0       0       0       0       0       0
      Locals:         0       0       0       0       0       0       0       0
      Temps:          0       0       0       0       0       0       0       0
      Totals:         0       0       0       0       0       0       0       0
Total ram usage:        0 bytes
 Hardware stack levels used:    1
 Hardware stack levels required when called:    1
 This function calls:
		_EUSART_RxDataHandler
 This function is called by:
		_EUSART_Initialize
		_EUSART_Receive_ISR
 This function uses a non-reentrant model


 *************** function _EUSART_RxDataHandler *****************
 Defined at:
		line 188 in file "mcc_generated_files/eusart.c"
 Parameters:    Size  Location     Type
		None
 Auto vars:     Size  Location     Type
		None
 Return value:  Size  Location     Type
                  1    wreg      void 
 Registers used:
		wreg, fsr1l, fsr1h, status,2, status,0
 Tracked objects:
		On entry : 
		On exit  : 
		Unchanged: 
 Data sizes:     COMMON   BANK0   BANK1   BANK2   BANK3   BANK4   BANK5   BANK6
      Params:         0       0       0       0       0       0       0       0
      Locals:         0       0       0       0       0       0       0       0
      Temps:          1       0       0       0       0       0       0       0
      Totals:         1       0       0       0       0       0       0       0
Total ram usage:        1 bytes
 Hardware stack levels used:    1
 This function calls:
		Nothing
 This function is called by:
		_EUSART_Receive_ISR
		_EUSART_DefaultErrorHandler
 This function uses a non-reentrant model



MODULE INFORMATION

Module		Function		Class		Link	Load	Size
mcc_generated_files/mtouch/mtouch_button.c
		_Button_Deviation_Update		CODE           	0BE5	0000	136
		_MTOUCH_Button_SetNotPressedCallback		CODE           	1381	0000	7
		_MTOUCH_Button_isPressed		CODE           	1476	0000	17
		_MTOUCH_Button_Initialize		CODE           	08CC	0000	51
		_Button_Tick_helper		CODE           	16DA	0000	40
		_MTOUCH_Button_InitializeAll		CODE           	15F6	0000	29
		_Button_Baseline_Update		CODE           	0C6C	0000	144
		_Button_State_Pressed		CODE           	0786	0000	115
		_Button_Reading_Update		CODE           	1403	0000	15
		_Button_DefaultCallback		CODE           	135B	0000	2
		_MTOUCH_Button_Tick		CODE           	14F9	0000	18
		_Button_State_NotPressed		CODE           	0F5C	0000	165
		_MTOUCH_Button_SetPressedCallback		CODE           	1387	0000	7
		_Button_Reading_Update_Helper		CODE           	09BB	0000	81
		_Button_Service		CODE           	0A0B	0000	81
		_Button_State_Initializing		CODE           	0B07	0000	99
		_MTOUCH_Button_ServiceAll		CODE           	1496	0000	17
		_Button_Baseline_Initialize		CODE           	080C	0000	48

mcc_generated_files/mtouch/mtouch_button.c estimated size: 1072

C:\Program Files (x86)\Microchip\xc8\v2.05\pic\sources\c99\common\printf.c
		_printf        		CODE           	150A	0000	18

C:\Program Files (x86)\Microchip\xc8\v2.05\pic\sources\c99\common\printf.c estimated size: 18

relay.c
		_RELAY_PROCESS 		CODE           	0EBF	0000	158

relay.c estimated size: 158

mcc_generated_files/tmr2.c
		_TMR2_LoadPeriodRegister		CODE           	1377	0000	6
		_TMR2_Initialize		CODE           	13DD	0000	9
		_TMR2_StopTimer		CODE           	1366	0000	4
		_TMR2_StartTimer		CODE           	1363	0000	4

mcc_generated_files/tmr2.c estimated size: 23

mcc_generated_files/interrupt_manager.c
		_INTERRUPT_InterruptManager		CODE           	0004	0000	28

mcc_generated_files/interrupt_manager.c estimated size: 28

C:\Program Files (x86)\Microchip\xc8\v2.05\pic\sources\c99\common\nf_fputc.c
		_fputc         		CODE           	08FE	0000	55

C:\Program Files (x86)\Microchip\xc8\v2.05\pic\sources\c99\common\nf_fputc.c estimated size: 55

mcc_generated_files/mtouch/mtouch.c
		_MTOUCH_Tick   		CODE           	1369	0000	4
		_MTOUCH_Initialize		CODE           	152E	0000	20
		_MTOUCH_Service_Mainloop		CODE           	1612	0000	30
		_MTOUCH_ScanScheduler		CODE           	13F8	0000	12
		_MTOUCH_needReburst		CODE           	0002	0000	3

mcc_generated_files/mtouch/mtouch.c estimated size: 69

mcc_generated_files/pin_manager.c
		_PIN_MANAGER_Initialize		CODE           	162F	0000	30

mcc_generated_files/pin_manager.c estimated size: 30

C:\Program Files (x86)\Microchip\xc8\v2.05\pic\sources\c99\common\strlen.c
		_strlen        		CODE           	15C4	0000	24

C:\Program Files (x86)\Microchip\xc8\v2.05\pic\sources\c99\common\strlen.c estimated size: 24

C:\Program Files (x86)\Microchip\xc8\v2.05\pic\sources\c99\common\Umul8.c
		___bmul        		CODE           	14C6	0000	18

C:\Program Files (x86)\Microchip\xc8\v2.05\pic\sources\c99\common\Umul8.c estimated size: 18

C:\Program Files (x86)\Microchip\xc8\v2.05\pic\sources\c99\common\doprnt.c
		_vfpfcnvrt     		CODE           	06DE	0000	169
		_pad           		CODE           	0A5B	0000	81
		_ctoa          		CODE           	1750	0000	42
		_vfprintf      		CODE           	083B	0000	48

C:\Program Files (x86)\Microchip\xc8\v2.05\pic\sources\c99\common\doprnt.c estimated size: 340

shared
		Sensor_Scanfrequency_Evaluation@frequency_hop		STRCODE        	180F	0000	6
		_sensor_scan_group		STRCODE        	1864	0000	5
		__initialization		CODE           	0021	0000	62
		_mtouch_button_init		STRCODE        	1000	0000	69

shared estimated size: 142

mcc_generated_files/mcc.c
		_WDT_Initialize		CODE           	1373	0000	5
		_OSCILLATOR_Initialize		CODE           	13AB	0000	7
		_SYSTEM_Initialize		CODE           	156B	0000	22

mcc_generated_files/mcc.c estimated size: 34

mcc_generated_files/tmr1.c
		_TMR1_Initialize		CODE           	15DB	0000	28
		_TMR1_SetInterruptHandler		CODE           	13A5	0000	7
		_TMR1_DefaultInterruptHandler		CODE           	135A	0000	2
		_TMR1_WriteTimer		CODE           	1449	0000	16
		_TMR1_ISR      		CODE           	1541	0000	22

mcc_generated_files/tmr1.c estimated size: 75

C:\Program Files (x86)\Microchip\xc8\v2.05\pic\sources\c99\common\abs.c
		_abs           		CODE           	15AD	0000	24

C:\Program Files (x86)\Microchip\xc8\v2.05\pic\sources\c99\common\abs.c estimated size: 24

C:\Program Files (x86)\Microchip\xc8\v2.05\pic\sources\c99\common\nf_fputs.c
		_fputs         		CODE           	16B5	0000	38

C:\Program Files (x86)\Microchip\xc8\v2.05\pic\sources\c99\common\nf_fputs.c estimated size: 38

mcc_generated_files/eusart.c
		_EUSART_SetRxInterruptHandler		CODE           	139F	0000	7
		_putch         		CODE           	137C	0000	6
		_EUSART_Read   		CODE           	1690	0000	38
		_EUSART_DefaultOverrunErrorHandler		CODE           	136F	0000	5
		_EUSART_Write  		CODE           	07F8	0000	9
		_EUSART_DefaultErrorHandler		CODE           	135D	0000	4
		_EUSART_Initialize		CODE           	086A	0000	49
		_EUSART_SetFramingErrorHandler		CODE           	1393	0000	7
		_EUSART_SetErrorHandler		CODE           	138D	0000	7
		_EUSART_SetOverrunErrorHandler		CODE           	1399	0000	7
		_EUSART_Receive_ISR		CODE           	089A	0000	51
		_EUSART_RxDataHandler		CODE           	1596	0000	24
		_EUSART_DefaultFramingErrorHandler		CODE           	1359	0000	2
		_EUSART_is_rx_ready		CODE           	1360	0000	4

mcc_generated_files/eusart.c estimated size: 220

C:\Program Files (x86)\Microchip\xc8\v2.05\pic\sources\c99\common\memcpy.c
		_memcpy        		CODE           	1779	0000	45

C:\Program Files (x86)\Microchip\xc8\v2.05\pic\sources\c99\common\memcpy.c estimated size: 45

main.c
		_check_data    		CODE           	0971	0000	75
		_myButtonReleasedCallback		CODE           	164C	0000	33
		_main          		CODE           	0062	0000	554
		_check_message 		CODE           	1701	0000	40
		_update_state  		CODE           	0634	0000	171
		_myButtonPressedCallback		CODE           	17D2	0000	47
		_DATA_PROCESS  		CODE           	0459	0000	295

main.c estimated size: 1215

mcc_generated_files/mtouch/mtouch_sensor.c
		_Sensor_setCalibrated		CODE           	141F	0000	15
		_Sensor_Acq_ExecutePacket		CODE           	028B	0000	463
		_Sensor_getScanGroupIndex		CODE           	17A5	0000	46
		_Sensor_Acquisition		CODE           	0AAB	0000	93
		_Sensor_postAcquisitionProcess		CODE           	0934	0000	62
		_Sensor_isCalibrated		CODE           	13EE	0000	11
		_MTOUCH_Sensor_Initialize		CODE           	1556	0000	22
		_Sensor_Sampled_Reset		CODE           	13D5	0000	9
		_MTOUCH_Sensor_InitializeAll		CODE           	14B6	0000	17
		_Sensor_DefaultCallback		CODE           	135C	0000	2
		_Sensor_loadADCSettings		CODE           	057F	0000	182
		_Sensor_isEnabled		CODE           	14E8	0000	18
		_MTOUCH_Sensor_isCalibrated		CODE           	1486	0000	17
		_MTOUCH_Sensor_Calibrate		CODE           	1411	0000	15
		_MTOUCH_Sensor_Sampled_ResetAll		CODE           	151B	0000	20
		_Sensor_setActive		CODE           	13BD	0000	9
		_Sensor_Scanfrequency_Evaluation		CODE           	0B69	0000	125
		_MTOUCH_Sensor_Enable		CODE           	143B	0000	15
		_Sensor_setSampled		CODE           	13CD	0000	9
		_Sensor_isCalibratingAcqTime		CODE           	13E5	0000	10
		_MTOUCH_Sensor_RawSample_Get		CODE           	14D7	0000	18
		_MTOUCH_Sensor_SampleAll		CODE           	1580	0000	23
		_MTOUCH_Sensor_wasSampled		CODE           	1458	0000	16
		_Sensor_Service		CODE           	0CFB	0000	144
		_Sensor_autoCalibration		CODE           	0D8A	0000	153
		_MTOUCH_Sensor_Scan_Initialize		CODE           	14A6	0000	17
		_Sensor_RawSample_Update		CODE           	1728	0000	41
		_Sensor_isActive		CODE           	142D	0000	15
		_Sensor_setCalibratAcqTime		CODE           	1467	0000	16
		_Sensor_setInactive		CODE           	13C5	0000	9

mcc_generated_files/mtouch/mtouch_sensor.c estimated size: 1612

led.c
		_LED_PROCESS   		CODE           	0E22	0000	158

led.c estimated size: 158

