Microchip MPLAB XC8 Compiler V2.05 ()

Linker command line:

-W-3 --edf=C:\Program Files (x86)\Microchip\xc8\v2.05\pic\dat\en_msgs.txt \
  -cs -h+dist/default/production\SQ_04.X.production.sym \
  --cmf=dist/default/production\SQ_04.X.production.cmf -z -Q16LF1559 \
  -oC:\Users\ngodi\AppData\Local\Temp\s3mo.2 --defsym=__MPLAB_BUILD=1 \
  -Mdist/default/production/SQ_04.X.production.map -E1 -ver=XC8 \
  --acfsm=1493 -ASTACK=02110h-021EFh -pstack=STACK -ACODE=00h-07FFhx4 \
  -ASTRCODE=00h-01FFFh -ASTRING=00h-0FFhx32 -ACONST=00h-0FFhx32 \
  -AENTRY=00h-0FFhx32 -ACOMMON=070h-07Fh -ABANK0=020h-06Fh \
  -ABANK1=0A0h-0EFh -ABANK2=0120h-016Fh -ABANK3=01A0h-01EFh \
  -ABANK4=0220h-026Fh -ABANK5=02A0h-02EFh -ABANK6=0320h-032Fh \
  -ABIGRAM=02000h-021EFh \
  -ARAM=020h-06Fh,0A0h-0EFh,0120h-016Fh,01A0h-01EFh,0220h-026Fh,02A0h-02EFh,0320h-032Fh \
  -AABS1=020h-07Fh,0A0h-0EFh,0120h-016Fh,01A0h-01EFh,0220h-026Fh,02A0h-02EFh,0320h-032Fh \
  -ASFR0=00h-01Fh -ASFR1=080h-09Fh -ASFR2=0100h-011Fh -ASFR3=0180h-019Fh \
  -ASFR4=0200h-021Fh -ASFR5=0280h-029Fh -ASFR6=0300h-031Fh \
  -ASFR7=0380h-03EFh -ASFR8=0400h-046Fh -ASFR9=0480h-04EFh \
  -ASFR10=0500h-056Fh -ASFR11=0580h-05EFh -ASFR12=0600h-066Fh \
  -ASFR13=0680h-06EFh -ASFR14=0700h-076Fh -ASFR15=0780h-07EFh \
  -ASFR16=0800h-086Fh -ASFR17=0880h-08EFh -ASFR18=0900h-096Fh \
  -ASFR19=0980h-09EFh -ASFR20=0A00h-0A6Fh -ASFR21=0A80h-0AEFh \
  -ASFR22=0B00h-0B6Fh -ASFR23=0B80h-0BEFh -ASFR24=0C00h-0C6Fh \
  -ASFR25=0C80h-0CEFh -ASFR26=0D00h-0D6Fh -ASFR27=0D80h-0DEFh \
  -ASFR28=0E00h-0E6Fh -ASFR29=0E80h-0EEFh -ASFR30=0F00h-0F6Fh \
  -ASFR31=0F80h-0FEFh -preset_vec=00h,intentry=04h,init,end_init \
  -ppowerup=CODE -pcinit=CODE -pfunctab=ENTRY -ACONFIG=08007h-08008h \
  -pconfig=CONFIG -DCONFIG=2 -AIDLOC=08000h-08003h -pidloc=IDLOC -DIDLOC=2 \
  -DCODE=2 -DSTRCODE=2 -DSTRING=2 -DCONST=2 -DENTRY=2 -k \
  C:\Users\ngodi\AppData\Local\Temp\s3mo.o \
  dist/default/production\SQ_04.X.production.o 

Object code version is 3.11

Machine type is 16LF1559



                Name                               Link     Load   Length Selector   Space Scale
C:\Users\ngodi\AppData\Local\Temp\s3mo.o
                end_init                             16       16        2        8       0
                reset_vec                             0        0        2        0       0
                config                             8007     8007        2    1000E       0
dist/default/production\SQ_04.X.production.o
                cinit                                18       18       3C        8       0
                intentry                              4        4       12        8       0
                text94                             17A3     17A3       17     2F46       0
                text93                             15C7     15C7        3     2B8E       0
                text92                             15C4     15C4        1     2B88       0
                text91                             15D9     15D9        4     2BB2       0
                text90                              A9C      A9C       32     1538       0
                text88                              6EC      6EC       9D        8       0
                text87                              64F      64F       9D        8       0
                text86                             1637     1637        8     2C6E       0
                text85                             15E1     15E1        5     2BC2       0
                text84                              ACE      ACE       35     159C       0
                text83                              89B      89B       26     1136       0
                text82                             17E8     17E8       18     2FD0       0
                text81                              BBA      BBA       4D     1774       0
                text80                              935      935       29     126A       0
                text79                              503      503       A8        8       0
                text78                              A3D      A3D       2F     147A       0
                text77                             16E4     16E4       11     2DC8       0
                text76                              3B1      3B1       AA        8       0
                text75                              45B      45B       A8        8       0
                text74                              876      876       25     10EC       0
                text73                             15CA     15CA        3     2B94       0
                text72                             15EB     15EB        6     2BD6       0
                text71                             15F1     15F1        6     2BE2       0
                text70                              806      806       1B     100C       0
                text69                              DCD      DCD       87     1B9A       0
                text68                             16F5     16F5       11     2DEA       0
                text67                             17BA     17BA       17     2F74       0
                text66                              C07      C07       4D     180E       0
                text65                             168A     168A        E     2D14       0
                text64                              9E1      9E1       2E     13C2       0
                text63                              EDE      EDE       8F     1DBC       0
                text62                             1706     1706       11     2E0C       0
                text61                              B03      B03       36     1606       0
                text60                             15C5     15C5        1     2B8A       0
                text59                             15C6     15C6        1     2B8C       0
                text58                              95E      95E       2B     12BC       0
                text57                              D67      D67       66     1ACE       0
                text56                              D05      D05       62     1A0A       0
                text55                              5AB      5AB       A4        8       0
                text54                             174D     174D       15     2E9A       0
                text53                             1698     1698        E     2D30       0
                text52                              C54      C54       55     18A8       0
                text51                             16B4     16B4       10     2D68       0
                text50                             16C4     16C4       10     2D88       0
                text49                              9B4      9B4       2D     1368       0
                text48                             163F     163F        8     2C7E       0
                text47                             1670     1670        D     2CE0       0
                text46                             1658     1658        C     2CB0       0
                text45                             17D1     17D1       17     2FA2       0
                text44                              E54      E54       8A     1CA8       0
                text43                             167D     167D        D     2CFA       0
                text42                             16D4     16D4       10     2DA8       0
                text41                             164F     164F        9     2C9E       0
                text40                              306      306       AB        8       0
                text39                             15E6     15E6        5     2BCC       0
                text38                             15CD     15CD        3     2B9A       0
                text37                             15D0     15D0        3     2BA0       0
                text36                               54       54      1BE        8       0
                text35                              789      789       76        8       0
                text34                             161B     161B        7     2C36       0
                text33                             1622     1622        7     2C44       0
                text32                              B39      B39       37     1672       0
                text31                              CA9      CA9       5C     1952       0
                text30                              7FF      7FF        1        8       0
                text29                              8C1      8C1       26     1182       0
                text28                             1629     1629        7     2C52       0
                text27                              F6D      F6D       93     1EDA       0
                text26                             1777     1777       16     2EEE       0
                text25                             1630     1630        7     2C60       0
                text24                             173A     173A       13     2E74       0
                text23                              8E7      8E7       27     11CE       0
                text22                             178D     178D       16     2F1A       0
                text21                             15D3     15D3        3     2BA6       0
                text20                                2        2        2        0       0
                text19                              821      821       1C     1042       0
                text18                             15F7     15F7        6     2BEE       0
                text17                             15FD     15FD        6     2BFA       0
                text16                             1603     1603        6     2C06       0
                text15                             1609     1609        6     2C12       0
                text14                              A6C      A6C       30     14D8       0
                text13                              989      989       2B     1312       0
                text12                              83D      83D       1C     107A       0
                text11                             1717     1717       11     2E2E       0
                text10                             1762     1762       15     2EC4       0
                text9                              16A6     16A6        E     2D4C       0
                text8                              1664     1664        C     2CC8       0
                text7                              160F     160F        6     2C1E       0
                text6                               859      859       1D     10B2       0
                text5                              1647     1647        8     2C8E       0
                text4                              15DD     15DD        4     2BBA       0
                text3                              1728     1728       12     2E50       0
                text2                               B70      B70       4A     16E0       0
                text1                               90E      90E       27     121C       0
                maintext                            212      212       F4        8       0
                cstackBANK0                          20       20       32       20       1
                cstackCOMMON                         70       70        C       70       1
                cstackBANK1                          EA       EA        2       A0       1
                clrtext                            1615     1615        6     2C2A       0
                inittext                            800      800        6     1000       0
                bssBANK3                            1A0      1A0       20      1A0       1
                bssBANK2                            120      120       40      120       1
                dataBANK1                            A0       A0       2E       A0       1
                bssBANK1                             CE       CE       14       A0       1
                dataBANK0                            6C       6C        3       20       1
                bssBANK0                             52       52       1A       20       1
                bssCOMMON                            7C       7C        1       70       1
                stringtext21                       1862     1862        3     3000       0
                stringtext20                       1859     1859        5     3000       0
                stringtext19                       1854     1854        5     3000       0
                stringtext18                       184F     184F        5     3000       0
                stringtext17                       184A     184A        5     3000       0
                stringtext16                       1845     1845        5     3000       0
                stringtext15                       1840     1840        5     3000       0
                stringtext14                       183B     183B        5     3000       0
                stringtext13                       1836     1836        5     3000       0
                stringtext12                       1831     1831        5     3000       0
                stringtext11                       182C     182C        5     3000       0
                stringtext10                       1827     1827        5     3000       0
                stringtext9                        1822     1822        5     3000       0
                stringtext8                        181D     181D        5     3000       0
                stringtext7                        1818     1818        5     3000       0
                stringtext6                        1813     1813        5     3000       0
                stringtext5                        180E     180E        5     3000       0
                stringtext4                        1800     1800        9     3000       0
                nvBANK1                              E2       E2        8       A0       1
                stringtext3                        1000     1000       40     2000       0
                stringtext2                        185E     185E        4     3000       0
                stringtext1                        1809     1809        5     3000       0
                idataBANK1                          A0F      A0F       2E     141E       0
                idataBANK0                         15D6     15D6        3     2BAC       0

TOTAL           Name                               Link     Load   Length     Space
        CLASS   STACK          

        CLASS   CODE           
                end_init                             16       16        2         0
                cinit                                18       18       3C         0
                intentry                              4        4       12         0
                reset_vec                             0        0        2         0
                text94                             17A3     17A3       17         0
                text93                             15C7     15C7        3         0
                text92                             15C4     15C4        1         0
                text91                             15D9     15D9        4         0
                text90                              A9C      A9C       32         0
                text88                              6EC      6EC       9D         0
                text87                              64F      64F       9D         0
                text86                             1637     1637        8         0
                text85                             15E1     15E1        5         0
                text84                              ACE      ACE       35         0
                text83                              89B      89B       26         0
                text82                             17E8     17E8       18         0
                text81                              BBA      BBA       4D         0
                text80                              935      935       29         0
                text79                              503      503       A8         0
                text78                              A3D      A3D       2F         0
                text77                             16E4     16E4       11         0
                text76                              3B1      3B1       AA         0
                text75                              45B      45B       A8         0
                text74                              876      876       25         0
                text73                             15CA     15CA        3         0
                text72                             15EB     15EB        6         0
                text71                             15F1     15F1        6         0
                text70                              806      806       1B         0
                text69                              DCD      DCD       87         0
                text68                             16F5     16F5       11         0
                text67                             17BA     17BA       17         0
                text66                              C07      C07       4D         0
                text65                             168A     168A        E         0
                text64                              9E1      9E1       2E         0
                text63                              EDE      EDE       8F         0
                text62                             1706     1706       11         0
                text61                              B03      B03       36         0
                text60                             15C5     15C5        1         0
                text59                             15C6     15C6        1         0
                text58                              95E      95E       2B         0
                text57                              D67      D67       66         0
                text56                              D05      D05       62         0
                text55                              5AB      5AB       A4         0
                text54                             174D     174D       15         0
                text53                             1698     1698        E         0
                text52                              C54      C54       55         0
                text51                             16B4     16B4       10         0
                text50                             16C4     16C4       10         0
                text49                              9B4      9B4       2D         0
                text48                             163F     163F        8         0
                text47                             1670     1670        D         0
                text46                             1658     1658        C         0
                text45                             17D1     17D1       17         0
                text44                              E54      E54       8A         0
                text43                             167D     167D        D         0
                text42                             16D4     16D4       10         0
                text41                             164F     164F        9         0
                text40                              306      306       AB         0
                text39                             15E6     15E6        5         0
                text38                             15CD     15CD        3         0
                text37                             15D0     15D0        3         0
                text36                               54       54      1BE         0
                text35                              789      789       76         0
                text34                             161B     161B        7         0
                text33                             1622     1622        7         0
                text32                              B39      B39       37         0
                text31                              CA9      CA9       5C         0
                text30                              7FF      7FF        1         0
                text29                              8C1      8C1       26         0
                text28                             1629     1629        7         0
                text27                              F6D      F6D       93         0
                text26                             1777     1777       16         0
                text25                             1630     1630        7         0
                text24                             173A     173A       13         0
                text23                              8E7      8E7       27         0
                text22                             178D     178D       16         0
                text21                             15D3     15D3        3         0
                text20                                2        2        2         0
                text19                              821      821       1C         0
                text18                             15F7     15F7        6         0
                text17                             15FD     15FD        6         0
                text16                             1603     1603        6         0
                text15                             1609     1609        6         0
                text14                              A6C      A6C       30         0
                text13                              989      989       2B         0
                text12                              83D      83D       1C         0
                text11                             1717     1717       11         0
                text10                             1762     1762       15         0
                text9                              16A6     16A6        E         0
                text8                              1664     1664        C         0
                text7                              160F     160F        6         0
                text6                               859      859       1D         0
                text5                              1647     1647        8         0
                text4                              15DD     15DD        4         0
                text3                              1728     1728       12         0
                text2                               B70      B70       4A         0
                text1                               90E      90E       27         0
                maintext                            212      212       F4         0
                clrtext                            1615     1615        6         0
                inittext                            800      800        6         0
                idataBANK1                          A0F      A0F       2E         0
                idataBANK0                         15D6     15D6        3         0

        CLASS   STRCODE        
                stringtext21                       1862     1862        3         0
                stringtext20                       1859     1859        5         0
                stringtext19                       1854     1854        5         0
                stringtext18                       184F     184F        5         0
                stringtext17                       184A     184A        5         0
                stringtext16                       1845     1845        5         0
                stringtext15                       1840     1840        5         0
                stringtext14                       183B     183B        5         0
                stringtext13                       1836     1836        5         0
                stringtext12                       1831     1831        5         0
                stringtext11                       182C     182C        5         0
                stringtext10                       1827     1827        5         0
                stringtext9                        1822     1822        5         0
                stringtext8                        181D     181D        5         0
                stringtext7                        1818     1818        5         0
                stringtext6                        1813     1813        5         0
                stringtext5                        180E     180E        5         0
                stringtext4                        1800     1800        9         0
                stringtext3                        1000     1000       40         0
                stringtext2                        185E     185E        4         0
                stringtext1                        1809     1809        5         0

        CLASS   STRING         

        CLASS   CONST          

        CLASS   ENTRY          

        CLASS   COMMON         
                cstackCOMMON                         70       70        C         1
                bssCOMMON                            7C       7C        1         1

        CLASS   BANK0          
                cstackBANK0                          20       20       32         1
                dataBANK0                            6C       6C        3         1
                bssBANK0                             52       52       1A         1

        CLASS   BANK1          
                cstackBANK1                          EA       EA        2         1
                dataBANK1                            A0       A0       2E         1
                bssBANK1                             CE       CE       14         1
                nvBANK1                              E2       E2        8         1

        CLASS   BANK2          
                bssBANK2                            120      120       40         1

        CLASS   BANK3          
                bssBANK3                            1A0      1A0       20         1

        CLASS   BANK4          

        CLASS   BANK5          

        CLASS   BANK6          

        CLASS   BIGRAM         

        CLASS   RAM            

        CLASS   ABS1           
                abs_s1                               7E       7E        2         1

        CLASS   SFR0           

        CLASS   SFR1           

        CLASS   SFR2           

        CLASS   SFR3           

        CLASS   SFR4           

        CLASS   SFR5           

        CLASS   SFR6           

        CLASS   SFR7           

        CLASS   SFR8           

        CLASS   SFR9           

        CLASS   SFR10          

        CLASS   SFR11          

        CLASS   SFR12          

        CLASS   SFR13          

        CLASS   SFR14          

        CLASS   SFR15          

        CLASS   SFR16          

        CLASS   SFR17          

        CLASS   SFR18          

        CLASS   SFR19          

        CLASS   SFR20          

        CLASS   SFR21          

        CLASS   SFR22          

        CLASS   SFR23          

        CLASS   SFR24          

        CLASS   SFR25          

        CLASS   SFR26          

        CLASS   SFR27          

        CLASS   SFR28          

        CLASS   SFR29          

        CLASS   SFR30          

        CLASS   SFR31          

        CLASS   CONFIG         
                config                             8007     8007        2         0

        CLASS   IDLOC          

        CLASS   BANK31         

        CLASS   BANK30         

        CLASS   BANK29         

        CLASS   BANK28         

        CLASS   BANK27         

        CLASS   BANK26         

        CLASS   BANK25         

        CLASS   BANK24         

        CLASS   BANK23         

        CLASS   BANK22         

        CLASS   BANK21         

        CLASS   BANK20         

        CLASS   BANK19         

        CLASS   BANK18         

        CLASS   BANK17         

        CLASS   BANK16         

        CLASS   BANK15         

        CLASS   BANK14         

        CLASS   BANK13         

        CLASS   BANK12         

        CLASS   BANK11         

        CLASS   BANK10         

        CLASS   BANK9          

        CLASS   BANK8          

        CLASS   BANK7          

        CLASS   EEDATA         



SEGMENTS        Name                           Load    Length   Top    Selector   Space  Class     Delta

                reset_vec                      000000  000004  000004         0       0  CODE        2
                intentry                       000004  0007FC  000800         8       0  CODE        2
                cstackBANK0                    000020  00004F  00006F        20       1  BANK0       1
                cstackCOMMON                   000070  00000D  00007D        70       1  COMMON      1
                dataBANK1                      0000A0  00004C  0000EC        A0       1  BANK1       1
                bssBANK2                       000120  000040  000160       120       1  BANK2       1
                bssBANK3                       0001A0  000020  0001C0       1A0       1  BANK3       1
                inittext                       000800  000006  000806      1000       0  CODE        2
                text70                         000806  00001B  000821      100C       0  CODE        2
                text19                         000821  00001C  00083D      1042       0  CODE        2
                text12                         00083D  00001C  000859      107A       0  CODE        2
                text6                          000859  00001D  000876      10B2       0  CODE        2
                text74                         000876  000025  00089B      10EC       0  CODE        2
                text83                         00089B  000026  0008C1      1136       0  CODE        2
                text29                         0008C1  000026  0008E7      1182       0  CODE        2
                text23                         0008E7  000027  00090E      11CE       0  CODE        2
                text1                          00090E  000027  000935      121C       0  CODE        2
                text80                         000935  000029  00095E      126A       0  CODE        2
                text58                         00095E  00002B  000989      12BC       0  CODE        2
                text13                         000989  00002B  0009B4      1312       0  CODE        2
                text49                         0009B4  00002D  0009E1      1368       0  CODE        2
                text64                         0009E1  00002E  000A0F      13C2       0  CODE        2
                idataBANK1                     000A0F  00002E  000A3D      141E       0  CODE        2
                text78                         000A3D  00002F  000A6C      147A       0  CODE        2
                text14                         000A6C  000030  000A9C      14D8       0  CODE        2
                text90                         000A9C  000032  000ACE      1538       0  CODE        2
                text84                         000ACE  000035  000B03      159C       0  CODE        2
                text61                         000B03  000036  000B39      1606       0  CODE        2
                text32                         000B39  000037  000B70      1672       0  CODE        2
                text2                          000B70  00004A  000BBA      16E0       0  CODE        2
                text81                         000BBA  00004D  000C07      1774       0  CODE        2
                text66                         000C07  00004D  000C54      180E       0  CODE        2
                text52                         000C54  000055  000CA9      18A8       0  CODE        2
                text31                         000CA9  00005C  000D05      1952       0  CODE        2
                text56                         000D05  000062  000D67      1A0A       0  CODE        2
                text57                         000D67  000066  000DCD      1ACE       0  CODE        2
                text69                         000DCD  000087  000E54      1B9A       0  CODE        2
                text44                         000E54  00008A  000EDE      1CA8       0  CODE        2
                text63                         000EDE  00008F  000F6D      1DBC       0  CODE        2
                text27                         000F6D  000093  001000      1EDA       0  CODE        2
                stringtext3                    001000  000040  001040      2000       0  STRCODE     2
                text92                         0015C4  000001  0015C5      2B88       0  CODE        2
                text60                         0015C5  000001  0015C6      2B8A       0  CODE        2
                text59                         0015C6  000001  0015C7      2B8C       0  CODE        2
                text93                         0015C7  000003  0015CA      2B8E       0  CODE        2
                text73                         0015CA  000003  0015CD      2B94       0  CODE        2
                text38                         0015CD  000003  0015D0      2B9A       0  CODE        2
                text37                         0015D0  000003  0015D3      2BA0       0  CODE        2
                text21                         0015D3  000003  0015D6      2BA6       0  CODE        2
                idataBANK0                     0015D6  000003  0015D9      2BAC       0  CODE        2
                text91                         0015D9  000004  0015DD      2BB2       0  CODE        2
                text4                          0015DD  000004  0015E1      2BBA       0  CODE        2
                text85                         0015E1  000005  0015E6      2BC2       0  CODE        2
                text39                         0015E6  000005  0015EB      2BCC       0  CODE        2
                text72                         0015EB  000006  0015F1      2BD6       0  CODE        2
                text71                         0015F1  000006  0015F7      2BE2       0  CODE        2
                text18                         0015F7  000006  0015FD      2BEE       0  CODE        2
                text17                         0015FD  000006  001603      2BFA       0  CODE        2
                text16                         001603  000006  001609      2C06       0  CODE        2
                text15                         001609  000006  00160F      2C12       0  CODE        2
                text7                          00160F  000006  001615      2C1E       0  CODE        2
                clrtext                        001615  000006  00161B      2C2A       0  CODE        2
                text34                         00161B  000007  001622      2C36       0  CODE        2
                text33                         001622  000007  001629      2C44       0  CODE        2
                text28                         001629  000007  001630      2C52       0  CODE        2
                text25                         001630  000007  001637      2C60       0  CODE        2
                text86                         001637  000008  00163F      2C6E       0  CODE        2
                text48                         00163F  000008  001647      2C7E       0  CODE        2
                text5                          001647  000008  00164F      2C8E       0  CODE        2
                text41                         00164F  000009  001658      2C9E       0  CODE        2
                text46                         001658  00000C  001664      2CB0       0  CODE        2
                text8                          001664  00000C  001670      2CC8       0  CODE        2
                text47                         001670  00000D  00167D      2CE0       0  CODE        2
                text43                         00167D  00000D  00168A      2CFA       0  CODE        2
                text65                         00168A  00000E  001698      2D14       0  CODE        2
                text53                         001698  00000E  0016A6      2D30       0  CODE        2
                text9                          0016A6  00000E  0016B4      2D4C       0  CODE        2
                text51                         0016B4  000010  0016C4      2D68       0  CODE        2
                text50                         0016C4  000010  0016D4      2D88       0  CODE        2
                text42                         0016D4  000010  0016E4      2DA8       0  CODE        2
                text77                         0016E4  000011  0016F5      2DC8       0  CODE        2
                text68                         0016F5  000011  001706      2DEA       0  CODE        2
                text62                         001706  000011  001717      2E0C       0  CODE        2
                text11                         001717  000011  001728      2E2E       0  CODE        2
                text3                          001728  000012  00173A      2E50       0  CODE        2
                text24                         00173A  000013  00174D      2E74       0  CODE        2
                text54                         00174D  000015  001762      2E9A       0  CODE        2
                text10                         001762  000015  001777      2EC4       0  CODE        2
                text26                         001777  000016  00178D      2EEE       0  CODE        2
                text22                         00178D  000016  0017A3      2F1A       0  CODE        2
                text94                         0017A3  000017  0017BA      2F46       0  CODE        2
                text67                         0017BA  000017  0017D1      2F74       0  CODE        2
                text45                         0017D1  000017  0017E8      2FA2       0  CODE        2
                text82                         0017E8  000018  001800      2FD0       0  CODE        2
                stringtext4                    001800  000065  001865      3000       0  STRCODE     2
                config                         008007  000002  008009     1000E       0  CONFIG      2


UNUSED ADDRESS RANGES

        Name                Unused          Largest block    Delta
        BANK0            0006F-0006F               1           1
        BANK1            000EC-000EF               4           1
        BANK2            00160-0016F              10           1
        BANK3            001C0-001EF              30           1
        BANK4            00220-0026F              50           1
        BANK5            002A0-002EF              50           1
        BANK6            00320-0032F              10           1
        BIGRAM           02000-021EF             1F0           1
        CODE             01040-015C3             584           2
                         01865-01FFF             79B
        COMMON           0007D-0007D               1           1
        CONST            01040-015C3             100           2
                         01865-01FFF             100
        ENTRY            01040-015C3             100           2
                         01865-01FFF             100
        IDLOC            08000-08003               4           2
        RAM              0006F-0006F               1           1
                         000EC-000EF               4
                         00160-0016F              10
                         001C0-001EF              30
                         00220-0026F              50
                         002A0-002EF              50
                         00320-0032F              10
        SFR0             00000-0001F              20           1
        SFR1             00080-0009F              20           1
        SFR10            00500-0056F              70           1
        SFR11            00580-005EF              70           1
        SFR12            00600-0066F              70           1
        SFR13            00680-006EF              70           1
        SFR14            00700-0076F              70           1
        SFR15            00780-007EF              70           1
        SFR16            00800-0086F              70           1
        SFR17            00880-008EF              70           1
        SFR18            00900-0096F              70           1
        SFR19            00980-009EF              70           1
        SFR2             00100-0011F              20           1
        SFR20            00A00-00A6F              70           1
        SFR21            00A80-00AEF              70           1
        SFR22            00B00-00B6F              70           1
        SFR23            00B80-00BEF              70           1
        SFR24            00C00-00C6F              70           1
        SFR25            00C80-00CEF              70           1
        SFR26            00D00-00D6F              70           1
        SFR27            00D80-00DEF              70           1
        SFR28            00E00-00E6F              70           1
        SFR29            00E80-00EEF              70           1
        SFR3             00180-0019F              20           1
        SFR30            00F00-00F6F              70           1
        SFR31            00F80-00FEF              70           1
        SFR4             00200-0021F              20           1
        SFR5             00280-0029F              20           1
        SFR6             00300-0031F              20           1
        SFR7             00380-003EF              70           1
        SFR8             00400-0046F              70           1
        SFR9             00480-004EF              70           1
        STACK            02110-021EF              E0           1
        STRCODE          01040-015C3             584           2
                         01865-01FFF             79B
        STRING           01040-015C3             100           2
                         01865-01FFF             100

                                  Symbol Table

?_MTOUCH_Sensor_RawSample_Get                         cstackCOMMON 00075
?_abs                                                 cstackCOMMON 00071
?_ctoa                                                cstackBANK0  00030
?_pad                                                 cstackBANK0  00027
?_printf                                              cstackBANK0  00047
?_strlen                                              cstackCOMMON 00071
?_vfpfcnvrt                                           cstackBANK0  00036
?_vfprintf                                            cstackBANK0  0003F
Button_Baseline_Initialize@button                     cstackCOMMON 00079
Button_Baseline_Update@button                         cstackCOMMON 00077
Button_DefaultCallback@button                         cstackCOMMON 00074
Button_Deviation_Update@button                        cstackBANK0  00020
Button_Deviation_Update@deviation                     cstackBANK0  00021
Button_Reading_Update@button                          cstackBANK0  00020
Button_Reading_Update_Helper@button                   cstackCOMMON 0007B
Button_Service@button                                 cstackBANK0  0002C
Button_Service@name                                   cstackBANK0  0002B
Button_State_Initializing@button                      cstackBANK0  00024
Button_State_NotPressed@button                        cstackBANK0  00024
Button_State_Pressed@button                           cstackBANK0  00024
Button_Tick_helper@button                             cstackCOMMON 00073
DATA_PROCESS@x                                        cstackBANK0  00051
EUSART_Read@readValue                                 cstackCOMMON 00072
EUSART_SetErrorHandler@interruptHandler               cstackCOMMON 00071
EUSART_SetFramingErrorHandler@interruptHandler        cstackCOMMON 00071
EUSART_SetOverrunErrorHandler@interruptHandler        cstackCOMMON 00071
EUSART_SetRxInterruptHandler@interruptHandler         cstackCOMMON 00071
EUSART_Write@txData                                   cstackCOMMON 00071
LED_PROCESS@x                                         cstackCOMMON 00073
MTOUCH_Button_Initialize@button                       cstackCOMMON 0007A
MTOUCH_Button_Initialize@name                         cstackCOMMON 00079
MTOUCH_Button_InitializeAll@button                    cstackBANK0  00020
MTOUCH_Button_ServiceAll@button                       cstackBANK0  0002E
MTOUCH_Button_SetNotPressedCallback@callback          cstackCOMMON 00071
MTOUCH_Button_SetPressedCallback@callback             cstackCOMMON 00071
MTOUCH_Button_Tick@i                                  cstackCOMMON 00075
MTOUCH_Button_isPressed@name                          cstackCOMMON 00072
MTOUCH_Sensor_Calibrate@sensor                        cstackCOMMON 00076
MTOUCH_Sensor_Enable@sensor                           cstackCOMMON 00076
MTOUCH_Sensor_Initialize@sensor                       cstackCOMMON 00078
MTOUCH_Sensor_InitializeAll@sensor                    cstackCOMMON 0007A
MTOUCH_Sensor_RawSample_Get@name                      cstackCOMMON 00078
MTOUCH_Sensor_SampleAll@group                         cstackBANK0  00047
MTOUCH_Sensor_Sampled_ResetAll@sensor                 cstackCOMMON 00073
MTOUCH_Sensor_isCalibrated@sensor                     cstackCOMMON 00076
MTOUCH_Sensor_wasSampled@sensor                       cstackCOMMON 00076
RELAY_PROCESS@x                                       cstackCOMMON 00073
Sensor_Acq_ExecutePacket@AD1CON2_temp                 cstackBANK0  00022
Sensor_Acq_ExecutePacket@AD2CON2_temp                 cstackBANK0  00023
Sensor_Acq_ExecutePacket@ADCOMCON_temp                cstackBANK0  00021
Sensor_Acq_ExecutePacket@ADxIF_flag                   cstackBANK0  00026
Sensor_Acq_ExecutePacket@activeSensor                 cstackBANK0  00027
Sensor_Acq_ExecutePacket@last_a                       cstackBANK0  00028
Sensor_Acq_ExecutePacket@last_b                       cstackBANK0  0002A
Sensor_Acq_ExecutePacket@packet_counter               cstackBANK0  0002C
Sensor_Acq_ExecutePacket@sensor1ForceEnabled          cstackBANK0  00024
Sensor_Acq_ExecutePacket@sensor2ForceEnabled          cstackBANK0  00025
Sensor_Acq_ExecutePacket@sensor_adc1                  cstackBANK0  0002D
Sensor_Acq_ExecutePacket@sensor_adc2                  cstackCOMMON 0007B
Sensor_Acquisition@retry                              cstackBANK0  0003D
Sensor_Acquisition@sensor_adc1                        cstackBANK0  0003E
Sensor_Acquisition@sensor_adc2                        cstackBANK0  0003B
Sensor_DefaultCallback@sensor                         cstackCOMMON 00071
Sensor_RawSample_Update@adcIndex                      cstackCOMMON 00076
Sensor_RawSample_Update@sensor                        cstackCOMMON 00077
Sensor_Sampled_Reset@sensor                           cstackCOMMON 00071
Sensor_Scanfrequency_Evaluation@best_packet_sample    cstackBANK0  00036
Sensor_Scanfrequency_Evaluation@best_sample_period    cstackBANK0  00034
Sensor_Scanfrequency_Evaluation@frequency_hop         stringtext1  01809
Sensor_Scanfrequency_Evaluation@i                     cstackBANK0  0003A
Sensor_Scanfrequency_Evaluation@packet_noise_Max      cstackBANK0  00032
Sensor_Scanfrequency_Evaluation@retry                 cstackBANK0  00035
Sensor_Scanfrequency_Evaluation@sensor_adc1           cstackBANK0  00031
Sensor_Scanfrequency_Evaluation@sensor_adc2           cstackBANK0  0002E
Sensor_Service@error                                  cstackBANK0  00043
Sensor_Service@scanGroup                              cstackBANK0  00042
Sensor_Service@sensor_adc1                            cstackBANK0  00044
Sensor_Service@sensor_adc2                            cstackBANK0  00045
Sensor_autoCalibration@adcIndex                       cstackCOMMON 00079
Sensor_autoCalibration@sensor                         cstackCOMMON 0007A
Sensor_getScanGroupIndex@sensor                       cstackCOMMON 00073
Sensor_getScanGroupIndex@sensorGroup                  cstackCOMMON 00074
Sensor_isActive@sensor                                cstackCOMMON 00071
Sensor_isCalibrated@sensor                            cstackCOMMON 00071
Sensor_isCalibratingAcqTime@sensor                    cstackCOMMON 00071
Sensor_isEnabled@sensor                               cstackCOMMON 00072
Sensor_loadADCSettings@adc_index                      cstackCOMMON 00072
Sensor_loadADCSettings@addressOffset                  cstackCOMMON 00078
Sensor_loadADCSettings@sensor                         cstackCOMMON 00079
Sensor_postAcquisitionProcess@adcIndex                cstackCOMMON 00078
Sensor_postAcquisitionProcess@deviation               cstackCOMMON 00076
Sensor_postAcquisitionProcess@sensor                  cstackCOMMON 00079
Sensor_setActive@sensor                               cstackCOMMON 00071
Sensor_setCalibratAcqTime@sensor                      cstackCOMMON 00071
Sensor_setCalibrated@sensor                           cstackCOMMON 00071
Sensor_setInactive@sensor                             cstackCOMMON 00071
Sensor_setSampled@sensor                              cstackCOMMON 00071
TMR2_LoadPeriodRegister@periodVal                     cstackCOMMON 00071
_AAD1CAP                                              (abs)        00719
_AAD1CON2                                             (abs)        00713
_AAD1CON3                                             (abs)        00714
_AAD1GRD                                              (abs)        00718
_AAD1RES0                                             (abs)        0071A
_AAD2CON3                                             (abs)        00794
_AAD2GRD                                              (abs)        00798
_AAD2RES0                                             (abs)        0079A
_AD1ACQCON                                            (abs)        00717
_AD1CON0                                              (abs)        00711
_AD1CON0bits                                          (abs)        00711
_AD1CON2                                              (abs)        00713
_AD1CON3                                              (abs)        00714
_AD1PRECON                                            (abs)        00716
_AD2ACQCON                                            (abs)        00797
_AD2CON0                                              (abs)        00791
_AD2CON0bits                                          (abs)        00791
_AD2CON2                                              (abs)        00793
_AD2CON3                                              (abs)        00794
_AD2PRECON                                            (abs)        00796
_ADCOMCON                                             (abs)        00712
_ANSELA                                               (abs)        0018C
_ANSELB                                               (abs)        0018D
_ANSELC                                               (abs)        0018E
_APFCON                                               (abs)        0011D
_APFCONbits                                           (abs)        0011D
_BAUDCON                                              (abs)        0019F
_BORCON                                               (abs)        00116
_Button_Baseline_Initialize                           text64       009E1
_Button_Baseline_Update                               text63       00EDE
_Button_DefaultCallback                               text59       015C6
_Button_Deviation_Update                              text69       00DCD
_Button_Reading_Update                                text65       0168A
_Button_Reading_Update_Helper                         text66       00C07
_Button_Service                                       text52       00C54
_Button_StateMachine                                  dataBANK1    000A0
_Button_State_Initializing                            text56       00D05
_Button_State_NotPressed                              text55       005AB
_Button_State_Pressed                                 text57       00D67
_Button_Tick_helper                                   text23       008E7
_DATA_PROCESS                                         text75       0045B
_EUSART_DefaultErrorHandler                           text93       015C7
_EUSART_DefaultFramingErrorHandler                    text92       015C4
_EUSART_DefaultOverrunErrorHandler                    text91       015D9
_EUSART_ErrorHandler                                  nvBANK1      000E2
_EUSART_FramingErrorHandler                           nvBANK1      000E6
_EUSART_Initialize                                    text14       00A6C
_EUSART_OverrunErrorHandler                           nvBANK1      000E4
_EUSART_Read                                          text74       00876
_EUSART_Receive_ISR                                   text90       00A9C
_EUSART_RxDataHandler                                 text94       017A3
_EUSART_RxDefaultInterruptHandler                     nvBANK1      000E8
_EUSART_SetErrorHandler                               text18       015F7
_EUSART_SetFramingErrorHandler                        text17       015FD
_EUSART_SetOverrunErrorHandler                        text16       01603
_EUSART_SetRxInterruptHandler                         text15       01609
_EUSART_Write                                         text86       01637
_EUSART_is_rx_ready                                   text73       015CA
_GIE                                                  (abs)        0005F
_INTCONbits                                           (abs)        0000B
_INTERRUPT_InterruptManager                           intentry     00004
_LATA                                                 (abs)        0010C
_LATAbits                                             (abs)        0010C
_LATB                                                 (abs)        0010D
_LATBbits                                             (abs)        0010D
_LATC                                                 (abs)        0010E
_LATCbits                                             (abs)        0010E
_LED_PROCESS                                          text88       006EC
_MTOUCH_Button_Initialize                             text61       00B03
_MTOUCH_Button_InitializeAll                          text12       0083D
_MTOUCH_Button_ServiceAll                             text51       016B4
_MTOUCH_Button_SetNotPressedCallback                  text72       015EB
_MTOUCH_Button_SetPressedCallback                     text71       015F1
_MTOUCH_Button_Tick                                   text22       0178D
_MTOUCH_Button_isPressed                              text70       00806
_MTOUCH_Initialize                                    text8        01664
_MTOUCH_Sensor_Calibrate                              text62       01706
_MTOUCH_Sensor_Enable                                 text11       01717
_MTOUCH_Sensor_Initialize                             text10       01762
_MTOUCH_Sensor_InitializeAll                          text9        016A6
_MTOUCH_Sensor_RawSample_Get                          text67       017BA
_MTOUCH_Sensor_SampleAll                              text26       01777
_MTOUCH_Sensor_Sampled_ResetAll                       text24       0173A
_MTOUCH_Sensor_Scan_Initialize                        text50       016C4
_MTOUCH_Sensor_isCalibrated                           text54       0174D
_MTOUCH_Sensor_wasSampled                             text53       01698
_MTOUCH_Service_Mainloop                              text19       00821
_MTOUCH_Tick                                          text21       015D3
_MTOUCH_needReburst                                   text20       00002
_OPTION_REGbits                                       (abs)        00095
_OSCCON                                               (abs)        00099
_OSCILLATOR_Initialize                                text7        0160F
_PIE1bits                                             (abs)        00091
_PIN_MANAGER_Initialize                               text6        00859
_PIR1bits                                             (abs)        00011
_PIR2bits                                             (abs)        00012
_PR2                                                  (abs)        0001B
_RCREG                                                (abs)        00199
_RCSTA                                                (abs)        0019D
_RCSTAbits                                            (abs)        0019D
_RELAY_PROCESS                                        text87       0064F
_SPBRGH                                               (abs)        0019C
_SPBRGL                                               (abs)        0019B
_SYSTEM_Initialize                                    text3        01728
_Sensor_Acq_ExecutePacket                             text36       00054
_Sensor_Acquisition                                   text31       00CA9
_Sensor_DefaultCallback                               text30       007FF
_Sensor_RawSample_Update                              text29       008C1
_Sensor_Sampled_Reset                                 text25       01630
_Sensor_Scanfrequency_Evaluation                      text35       00789
_Sensor_Service                                       text27       00F6D
_Sensor_autoCalibration                               text44       00E54
_Sensor_getScanGroupIndex                             text49       009B4
_Sensor_isActive                                      text43       0167D
_Sensor_isCalibrated                                  text41       0164F
_Sensor_isCalibratingAcqTime                          text48       0163F
_Sensor_isEnabled                                     text42       016D4
_Sensor_loadADCSettings                               text40       00306
_Sensor_loadADCSettings$1223                          cstackCOMMON 00076
_Sensor_postAcquisitionProcess                        text32       00B39
_Sensor_setActive                                     text34       0161B
_Sensor_setCalibratAcqTime                            text47       01670
_Sensor_setCalibrated                                 text46       01658
_Sensor_setInactive                                   text33       01622
_Sensor_setSampled                                    text28       01629
_T2CON                                                (abs)        0001C
_T2CONbits                                            (abs)        0001C
_TMR2                                                 (abs)        0001A
_TMR2_Initialize                                      text5        01647
_TMR2_LoadPeriodRegister                              text39       015E6
_TMR2_StartTimer                                      text38       015CD
_TMR2_StopTimer                                       text37       015D0
_TRISA                                                (abs)        0008C
_TRISB                                                (abs)        0008D
_TRISC                                                (abs)        0008E
_TXREG                                                (abs)        0019A
_TXSTA                                                (abs)        0019E
_TXSTAbits                                            (abs)        0019E
_WDTCON                                               (abs)        00097
_WDT_Initialize                                       text4        015DD
_WPUA                                                 (abs)        0020C
_WPUB                                                 (abs)        0020D
__CFG_BOREN$NSLEEP                                    (abs)        00000
__CFG_BORV$LO                                         (abs)        00000
__CFG_CLKOUTEN$OFF                                    (abs)        00000
__CFG_CP$OFF                                          (abs)        00000
__CFG_FOSC$INTOSC                                     (abs)        00000
__CFG_LPBOR$OFF                                       (abs)        00000
__CFG_LVP$ON                                          (abs)        00000
__CFG_MCLRE$ON                                        (abs)        00000
__CFG_PWRTE$OFF                                       (abs)        00000
__CFG_STVREN$ON                                       (abs)        00000
__CFG_WDTE$OFF                                        (abs)        00000
__CFG_WRT$OFF                                         (abs)        00000
__Habs1                                               abs1         00000
__Hbank0                                              bank0        00000
__Hbank1                                              bank1        00000
__Hbank10                                             bank10       00000
__Hbank11                                             bank11       00000
__Hbank12                                             bank12       00000
__Hbank13                                             bank13       00000
__Hbank14                                             bank14       00000
__Hbank15                                             bank15       00000
__Hbank16                                             bank16       00000
__Hbank17                                             bank17       00000
__Hbank18                                             bank18       00000
__Hbank19                                             bank19       00000
__Hbank2                                              bank2        00000
__Hbank20                                             bank20       00000
__Hbank21                                             bank21       00000
__Hbank22                                             bank22       00000
__Hbank23                                             bank23       00000
__Hbank24                                             bank24       00000
__Hbank25                                             bank25       00000
__Hbank26                                             bank26       00000
__Hbank27                                             bank27       00000
__Hbank28                                             bank28       00000
__Hbank29                                             bank29       00000
__Hbank3                                              bank3        00000
__Hbank30                                             bank30       00000
__Hbank31                                             bank31       00000
__Hbank4                                              bank4        00000
__Hbank5                                              bank5        00000
__Hbank6                                              bank6        00000
__Hbank7                                              bank7        00000
__Hbank8                                              bank8        00000
__Hbank9                                              bank9        00000
__Hbigram                                             bigram       00000
__HbssBANK0                                           bssBANK0     00000
__HbssBANK1                                           bssBANK1     00000
__HbssBANK2                                           bssBANK2     00000
__HbssBANK3                                           bssBANK3     00000
__HbssCOMMON                                          bssCOMMON    00000
__Hcinit                                              cinit        00054
__Hclrtext                                            clrtext      00000
__Hcode                                               code         00000
__Hcommon                                             common       00000
__Hconfig                                             config       08009
__HcstackBANK0                                        cstackBANK0  00000
__HcstackBANK1                                        cstackBANK1  00000
__HcstackCOMMON                                       cstackCOMMON 00000
__HdataBANK0                                          dataBANK0    00000
__HdataBANK1                                          dataBANK1    00000
__Heeprom_data                                        eeprom_data  00000
__Hend_init                                           end_init     00018
__Hfunctab                                            functab      00000
__HidataBANK0                                         idataBANK0   00000
__HidataBANK1                                         idataBANK1   00000
__Hidloc                                              idloc        00000
__Hinit                                               init         00016
__Hinittext                                           inittext     00000
__Hintentry                                           intentry     00016
__Hmaintext                                           maintext     00000
__HnvBANK1                                            nvBANK1      00000
__Hpowerup                                            powerup      00000
__Hram                                                ram          00000
__Hreset_vec                                          reset_vec    00002
__Hsfr0                                               sfr0         00000
__Hsfr1                                               sfr1         00000
__Hsfr10                                              sfr10        00000
__Hsfr11                                              sfr11        00000
__Hsfr12                                              sfr12        00000
__Hsfr13                                              sfr13        00000
__Hsfr14                                              sfr14        00000
__Hsfr15                                              sfr15        00000
__Hsfr16                                              sfr16        00000
__Hsfr17                                              sfr17        00000
__Hsfr18                                              sfr18        00000
__Hsfr19                                              sfr19        00000
__Hsfr2                                               sfr2         00000
__Hsfr20                                              sfr20        00000
__Hsfr21                                              sfr21        00000
__Hsfr22                                              sfr22        00000
__Hsfr23                                              sfr23        00000
__Hsfr24                                              sfr24        00000
__Hsfr25                                              sfr25        00000
__Hsfr26                                              sfr26        00000
__Hsfr27                                              sfr27        00000
__Hsfr28                                              sfr28        00000
__Hsfr29                                              sfr29        00000
__Hsfr3                                               sfr3         00000
__Hsfr30                                              sfr30        00000
__Hsfr31                                              sfr31        00000
__Hsfr4                                               sfr4         00000
__Hsfr5                                               sfr5         00000
__Hsfr6                                               sfr6         00000
__Hsfr7                                               sfr7         00000
__Hsfr8                                               sfr8         00000
__Hsfr9                                               sfr9         00000
__Hspace_0                                            (abs)        08009
__Hspace_1                                            (abs)        001C0
__Hspace_2                                            (abs)        00000
__Hspace_3                                            (abs)        00000
__Hstack                                              stack        00000
__Hstrings                                            strings      00000
__Hstringtext1                                        stringtext1  00000
__Hstringtext10                                       stringtext10 00000
__Hstringtext11                                       stringtext11 00000
__Hstringtext12                                       stringtext12 00000
__Hstringtext13                                       stringtext13 00000
__Hstringtext14                                       stringtext14 00000
__Hstringtext15                                       stringtext15 00000
__Hstringtext16                                       stringtext16 00000
__Hstringtext17                                       stringtext17 00000
__Hstringtext18                                       stringtext18 00000
__Hstringtext19                                       stringtext19 00000
__Hstringtext2                                        stringtext2  00000
__Hstringtext20                                       stringtext20 00000
__Hstringtext21                                       stringtext21 00000
__Hstringtext22                                       stringtext22 00000
__Hstringtext3                                        stringtext3  00000
__Hstringtext4                                        stringtext4  00000
__Hstringtext5                                        stringtext5  00000
__Hstringtext6                                        stringtext6  00000
__Hstringtext7                                        stringtext7  00000
__Hstringtext8                                        stringtext8  00000
__Hstringtext9                                        stringtext9  00000
__Htext                                               text         00000
__Labs1                                               abs1         00000
__Lbank0                                              bank0        00000
__Lbank1                                              bank1        00000
__Lbank10                                             bank10       00000
__Lbank11                                             bank11       00000
__Lbank12                                             bank12       00000
__Lbank13                                             bank13       00000
__Lbank14                                             bank14       00000
__Lbank15                                             bank15       00000
__Lbank16                                             bank16       00000
__Lbank17                                             bank17       00000
__Lbank18                                             bank18       00000
__Lbank19                                             bank19       00000
__Lbank2                                              bank2        00000
__Lbank20                                             bank20       00000
__Lbank21                                             bank21       00000
__Lbank22                                             bank22       00000
__Lbank23                                             bank23       00000
__Lbank24                                             bank24       00000
__Lbank25                                             bank25       00000
__Lbank26                                             bank26       00000
__Lbank27                                             bank27       00000
__Lbank28                                             bank28       00000
__Lbank29                                             bank29       00000
__Lbank3                                              bank3        00000
__Lbank30                                             bank30       00000
__Lbank31                                             bank31       00000
__Lbank4                                              bank4        00000
__Lbank5                                              bank5        00000
__Lbank6                                              bank6        00000
__Lbank7                                              bank7        00000
__Lbank8                                              bank8        00000
__Lbank9                                              bank9        00000
__Lbigram                                             bigram       00000
__LbssBANK0                                           bssBANK0     00000
__LbssBANK1                                           bssBANK1     00000
__LbssBANK2                                           bssBANK2     00000
__LbssBANK3                                           bssBANK3     00000
__LbssCOMMON                                          bssCOMMON    00000
__Lcinit                                              cinit        00018
__Lclrtext                                            clrtext      00000
__Lcode                                               code         00000
__Lcommon                                             common       00000
__Lconfig                                             config       08007
__LcstackBANK0                                        cstackBANK0  00000
__LcstackBANK1                                        cstackBANK1  00000
__LcstackCOMMON                                       cstackCOMMON 00000
__LdataBANK0                                          dataBANK0    00000
__LdataBANK1                                          dataBANK1    00000
__Leeprom_data                                        eeprom_data  00000
__Lend_init                                           end_init     00016
__Lfunctab                                            functab      00000
__LidataBANK0                                         idataBANK0   00000
__LidataBANK1                                         idataBANK1   00000
__Lidloc                                              idloc        00000
__Linit                                               init         00016
__Linittext                                           inittext     00000
__Lintentry                                           intentry     00004
__Lmaintext                                           maintext     00000
__LnvBANK1                                            nvBANK1      00000
__Lpowerup                                            powerup      00000
__Lram                                                ram          00000
__Lreset_vec                                          reset_vec    00000
__Lsfr0                                               sfr0         00000
__Lsfr1                                               sfr1         00000
__Lsfr10                                              sfr10        00000
__Lsfr11                                              sfr11        00000
__Lsfr12                                              sfr12        00000
__Lsfr13                                              sfr13        00000
__Lsfr14                                              sfr14        00000
__Lsfr15                                              sfr15        00000
__Lsfr16                                              sfr16        00000
__Lsfr17                                              sfr17        00000
__Lsfr18                                              sfr18        00000
__Lsfr19                                              sfr19        00000
__Lsfr2                                               sfr2         00000
__Lsfr20                                              sfr20        00000
__Lsfr21                                              sfr21        00000
__Lsfr22                                              sfr22        00000
__Lsfr23                                              sfr23        00000
__Lsfr24                                              sfr24        00000
__Lsfr25                                              sfr25        00000
__Lsfr26                                              sfr26        00000
__Lsfr27                                              sfr27        00000
__Lsfr28                                              sfr28        00000
__Lsfr29                                              sfr29        00000
__Lsfr3                                               sfr3         00000
__Lsfr30                                              sfr30        00000
__Lsfr31                                              sfr31        00000
__Lsfr4                                               sfr4         00000
__Lsfr5                                               sfr5         00000
__Lsfr6                                               sfr6         00000
__Lsfr7                                               sfr7         00000
__Lsfr8                                               sfr8         00000
__Lsfr9                                               sfr9         00000
__Lspace_0                                            (abs)        00000
__Lspace_1                                            (abs)        00000
__Lspace_2                                            (abs)        00000
__Lspace_3                                            (abs)        00000
__Lstack                                              stack        00000
__Lstrings                                            strings      00000
__Lstringtext1                                        stringtext1  00000
__Lstringtext10                                       stringtext10 00000
__Lstringtext11                                       stringtext11 00000
__Lstringtext12                                       stringtext12 00000
__Lstringtext13                                       stringtext13 00000
__Lstringtext14                                       stringtext14 00000
__Lstringtext15                                       stringtext15 00000
__Lstringtext16                                       stringtext16 00000
__Lstringtext17                                       stringtext17 00000
__Lstringtext18                                       stringtext18 00000
__Lstringtext19                                       stringtext19 00000
__Lstringtext2                                        stringtext2  00000
__Lstringtext20                                       stringtext20 00000
__Lstringtext21                                       stringtext21 00000
__Lstringtext22                                       stringtext22 00000
__Lstringtext3                                        stringtext3  00000
__Lstringtext4                                        stringtext4  00000
__Lstringtext5                                        stringtext5  00000
__Lstringtext6                                        stringtext6  00000
__Lstringtext7                                        stringtext7  00000
__Lstringtext8                                        stringtext8  00000
__Lstringtext9                                        stringtext9  00000
[...]
 Tracked objects:
		On entry : 
		On exit  : 
		Unchanged: 
 Data sizes:     COMMON   BANK0   BANK1   BANK2   BANK3   BANK4   BANK5   BANK6
      Params:         3       0       0       0       0       0       0       0
      Locals:         0       0       0       0       0       0       0       0
      Temps:          5       0       0       0       0       0       0       0
      Totals:         8       0       0       0       0       0       0       0
Total ram usage:        8 bytes
 Hardware stack levels used:    1
 Hardware stack levels required when called:    6
 This function calls:
		_putch
 This function is called by:
		_pad
		_vfpfcnvrt
		_fputs
 This function uses a non-reentrant model


 *************** function _putch *****************
 Defined at:
		line 174 in file "mcc_generated_files/eusart.c"
 Parameters:    Size  Location     Type
  txData          1    wreg     unsigned char 
 Auto vars:     Size  Location     Type
  txData          1    2[COMMON] unsigned char 
 Return value:  Size  Location     Type
                  1    wreg      void 
 Registers used:
		wreg, status,2, status,0, pclath, cstack
 Tracked objects:
		On entry : 
		On exit  : 
		Unchanged: 
 Data sizes:     COMMON   BANK0   BANK1   BANK2   BANK3   BANK4   BANK5   BANK6
      Params:         0       0       0       0       0       0       0       0
      Locals:         1       0       0       0       0       0       0       0
      Temps:          0       0       0       0       0       0       0       0
      Totals:         1       0       0       0       0       0       0       0
Total ram usage:        1 bytes
 Hardware stack levels used:    1
 Hardware stack levels required when called:    5
 This function calls:
		_EUSART_Write
 This function is called by:
		_fputc
 This function uses a non-reentrant model


 *************** function _EUSART_Write *****************
 Defined at:
		line 160 in file "mcc_generated_files/eusart.c"
 Parameters:    Size  Location     Type
  txData          1    wreg     unsigned char 
 Auto vars:     Size  Location     Type
  txData          1    1[COMMON] unsigned char 
 Return value:  Size  Location     Type
                  1    wreg      void 
 Registers used:
		wreg
 Tracked objects:
		On entry : 
		On exit  : 
		Unchanged: 
 Data sizes:     COMMON   BANK0   BANK1   BANK2   BANK3   BANK4   BANK5   BANK6
      Params:         0       0       0       0       0       0       0       0
      Locals:         1       0       0       0       0       0       0       0
      Temps:          0       0       0       0       0       0       0       0
      Totals:         1       0       0       0       0       0       0       0
Total ram usage:        1 bytes
 Hardware stack levels used:    1
 Hardware stack levels required when called:    4
 This function calls:
		Nothing
 This function is called by:
		_putch
 This function uses a non-reentrant model


 *************** function _RELAY_PROCESS *****************
 Defined at:
		line 5 in file "relay.c"
 Parameters:    Size  Location     Type
  x               1    wreg     unsigned char 
 Auto vars:     Size  Location     Type
  x               1    3[COMMON] unsigned char 
 Return value:  Size  Location     Type
                  1    wreg      void 
 Registers used:
		wreg, fsr0l, fsr0h, status,2, status,0
 Tracked objects:
		On entry : 
		On exit  : 
		Unchanged: 
 Data sizes:     COMMON   BANK0   BANK1   BANK2   BANK3   BANK4   BANK5   BANK6
      Params:         0       0       0       0       0       0       0       0
      Locals:         1       0       0       0       0       0       0       0
      Temps:          2       0       0       0       0       0       0       0
      Totals:         3       0       0       0       0       0       0       0
Total ram usage:        3 bytes
 Hardware stack levels used:    1
 Hardware stack levels required when called:    4
 This function calls:
		Nothing
 This function is called by:
		_myButtonPressedCallback
		_DATA_PROCESS
 This function uses a non-reentrant model


 *************** function _LED_PROCESS *****************
 Defined at:
		line 10 in file "led.c"
 Parameters:    Size  Location     Type
  x               1    wreg     unsigned char 
 Auto vars:     Size  Location     Type
  x               1    3[COMMON] unsigned char 
 Return value:  Size  Location     Type
                  1    wreg      void 
 Registers used:
		wreg, fsr0l, fsr0h, status,2, status,0
 Tracked objects:
		On entry : 
		On exit  : 
		Unchanged: 
 Data sizes:     COMMON   BANK0   BANK1   BANK2   BANK3   BANK4   BANK5   BANK6
      Params:         0       0       0       0       0       0       0       0
      Locals:         1       0       0       0       0       0       0       0
      Temps:          2       0       0       0       0       0       0       0
      Totals:         3       0       0       0       0       0       0       0
Total ram usage:        3 bytes
 Hardware stack levels used:    1
 Hardware stack levels required when called:    4
 This function calls:
		Nothing
 This function is called by:
		_main
		_myButtonPressedCallback
		_DATA_PROCESS
 This function uses a non-reentrant model


 *************** function _INTERRUPT_InterruptManager *****************
 Defined at:
		line 52 in file "mcc_generated_files/interrupt_manager.c"
 Parameters:    Size  Location     Type
		None
 Auto vars:     Size  Location     Type
		None
 Return value:  Size  Location     Type
                  1    wreg      void 
 Registers used:
		wreg, fsr1l, fsr1h, status,2, status,0, pclath, cstack
 Tracked objects:
		On entry : 
		On exit  : 
		Unchanged: 
 Data sizes:     COMMON   BANK0   BANK1   BANK2   BANK3   BANK4   BANK5   BANK6
      Params:         0       0       0       0       0       0       0       0
      Locals:         0       0       0       0       0       0       0       0
      Temps:          0       0       0       0       0       0       0       0
      Totals:         0       0       0       0       0       0       0       0
Total ram usage:        0 bytes
 Hardware stack levels used:    1
 Hardware stack levels required when called:    3
 This function calls:
		Absolute function
		_EUSART_Receive_ISR
 This function is called by:
		Interrupt level 1
 This function uses a non-reentrant model


 *************** function _EUSART_Receive_ISR *****************
 Defined at:
		line 180 in file "mcc_generated_files/eusart.c"
 Parameters:    Size  Location     Type
		None
 Auto vars:     Size  Location     Type
		None
 Return value:  Size  Location     Type
                  1    wreg      void 
 Registers used:
		wreg, fsr1l, fsr1h, status,2, status,0, pclath, cstack
 Tracked objects:
		On entry : 
		On exit  : 
		Unchanged: 
 Data sizes:     COMMON   BANK0   BANK1   BANK2   BANK3   BANK4   BANK5   BANK6
      Params:         0       0       0       0       0       0       0       0
      Locals:         0       0       0       0       0       0       0       0
      Temps:          0       0       0       0       0       0       0       0
      Totals:         0       0       0       0       0       0       0       0
Total ram usage:        0 bytes
 Hardware stack levels used:    1
 Hardware stack levels required when called:    2
 This function calls:
		Absolute function
		_EUSART_DefaultErrorHandler
		_EUSART_DefaultFramingErrorHandler
		_EUSART_DefaultOverrunErrorHandler
		_EUSART_RxDataHandler
 This function is called by:
		_EUSART_Initialize
		_INTERRUPT_InterruptManager
 This function uses a non-reentrant model


 *************** function _EUSART_DefaultOverrunErrorHandler *****************
 Defined at:
		line 216 in file "mcc_generated_files/eusart.c"
 Parameters:    Size  Location     Type
		None
 Auto vars:     Size  Location     Type
		None
 Return value:  Size  Location     Type
                  1    wreg      void 
 Registers used:
		None
 Tracked objects:
		On entry : 
		On exit  : 
		Unchanged: 
 Data sizes:     COMMON   BANK0   BANK1   BANK2   BANK3   BANK4   BANK5   BANK6
      Params:         0       0       0       0       0       0       0       0
      Locals:         0       0       0       0       0       0       0       0
      Temps:          0       0       0       0       0       0       0       0
      Totals:         0       0       0       0       0       0       0       0
Total ram usage:        0 bytes
 Hardware stack levels used:    1
 This function calls:
		Nothing
 This function is called by:
		_EUSART_Initialize
		_EUSART_Receive_ISR
 This function uses a non-reentrant model


 *************** function _EUSART_DefaultFramingErrorHandler *****************
 Defined at:
		line 214 in file "mcc_generated_files/eusart.c"
 Parameters:    Size  Location     Type
		None
 Auto vars:     Size  Location     Type
		None
 Return value:  Size  Location     Type
                  1    wreg      void 
 Registers used:
		None
 Tracked objects:
		On entry : 
		On exit  : 
		Unchanged: 
 Data sizes:     COMMON   BANK0   BANK1   BANK2   BANK3   BANK4   BANK5   BANK6
      Params:         0       0       0       0       0       0       0       0
      Locals:         0       0       0       0       0       0       0       0
      Temps:          0       0       0       0       0       0       0       0
      Totals:         0       0       0       0       0       0       0       0
Total ram usage:        0 bytes
 Hardware stack levels used:    1
 This function calls:
		Nothing
 This function is called by:
		_EUSART_Initialize
		_EUSART_Receive_ISR
 This function uses a non-reentrant model


 *************** function _EUSART_DefaultErrorHandler *****************
 Defined at:
		line 224 in file "mcc_generated_files/eusart.c"
 Parameters:    Size  Location     Type
		None
 Auto vars:     Size  Location     Type
		None
 Return value:  Size  Location     Type
                  1    wreg      void 
 Registers used:
		wreg, fsr1l, fsr1h, status,2, status,0, pclath, cstack
 Tracked objects:
		On entry : 
		On exit  : 
		Unchanged: 
 Data sizes:     COMMON   BANK0   BANK1   BANK2   BANK3   BANK4   BANK5   BANK6
      Params:         0       0       0       0       0       0       0       0
      Locals:         0       0       0       0       0       0       0       0
      Temps:          0       0       0       0       0       0       0       0
      Totals:         0       0       0       0       0       0       0       0
Total ram usage:        0 bytes
 Hardware stack levels used:    1
 Hardware stack levels required when called:    1
 This function calls:
		_EUSART_RxDataHandler
 This function is called by:
		_EUSART_Initialize
		_EUSART_Receive_ISR
 This function uses a non-reentrant model


 *************** function _EUSART_RxDataHandler *****************
 Defined at:
		line 204 in file "mcc_generated_files/eusart.c"
 Parameters:    Size  Location     Type
		None
 Auto vars:     Size  Location     Type
		None
 Return value:  Size  Location     Type
                  1    wreg      void 
 Registers used:
		wreg, fsr1l, fsr1h, status,2, status,0
 Tracked objects:
		On entry : 
		On exit  : 
		Unchanged: 
 Data sizes:     COMMON   BANK0   BANK1   BANK2   BANK3   BANK4   BANK5   BANK6
      Params:         0       0       0       0       0       0       0       0
      Locals:         0       0       0       0       0       0       0       0
      Temps:          1       0       0       0       0       0       0       0
      Totals:         1       0       0       0       0       0       0       0
Total ram usage:        1 bytes
 Hardware stack levels used:    1
 This function calls:
		Nothing
 This function is called by:
		_EUSART_Receive_ISR
		_EUSART_DefaultErrorHandler
 This function uses a non-reentrant model



MODULE INFORMATION

Module		Function		Class		Link	Load	Size
mcc_generated_files/mtouch/mtouch_button.c
		_Button_Deviation_Update		CODE           	0DCD	0000	136
		_MTOUCH_Button_SetNotPressedCallback		CODE           	15EB	0000	7
		_MTOUCH_Button_isPressed		CODE           	0806	0000	28
		_MTOUCH_Button_Initialize		CODE           	0B03	0000	55
		_Button_Tick_helper		CODE           	08E7	0000	40
		_MTOUCH_Button_InitializeAll		CODE           	083D	0000	29
		_Button_Baseline_Update		CODE           	0EDE	0000	144
		_Button_State_Pressed		CODE           	0D67	0000	103
		_Button_Reading_Update		CODE           	168A	0000	15
		_Button_DefaultCallback		CODE           	15C6	0000	2
		_MTOUCH_Button_Tick		CODE           	178D	0000	23
		_Button_State_NotPressed		CODE           	05AB	0000	165
		_MTOUCH_Button_SetPressedCallback		CODE           	15F1	0000	7
		_Button_Reading_Update_Helper		CODE           	0C07	0000	78
		_Button_Service		CODE           	0C54	0000	86
		_Button_State_Initializing		CODE           	0D05	0000	99
		_MTOUCH_Button_ServiceAll		CODE           	16B4	0000	17
		_Button_Baseline_Initialize		CODE           	09E1	0000	47

mcc_generated_files/mtouch/mtouch_button.c estimated size: 1081

C:\Program Files (x86)\Microchip\xc8\v2.05\pic\sources\c99\common\printf.c
		_printf        		CODE           	16E4	0000	18

C:\Program Files (x86)\Microchip\xc8\v2.05\pic\sources\c99\common\printf.c estimated size: 18

relay.c
		_RELAY_PROCESS 		CODE           	064F	0000	158

relay.c estimated size: 158

mcc_generated_files/tmr2.c
		_TMR2_LoadPeriodRegister		CODE           	15E6	0000	6
		_TMR2_Initialize		CODE           	1647	0000	9
		_TMR2_StopTimer		CODE           	15D0	0000	4
		_TMR2_StartTimer		CODE           	15CD	0000	4

mcc_generated_files/tmr2.c estimated size: 23

mcc_generated_files/interrupt_manager.c
		_INTERRUPT_InterruptManager		CODE           	0004	0000	19

mcc_generated_files/interrupt_manager.c estimated size: 19

C:\Program Files (x86)\Microchip\xc8\v2.05\pic\sources\c99\common\nf_fputc.c
		_fputc         		CODE           	0ACE	0000	54

C:\Program Files (x86)\Microchip\xc8\v2.05\pic\sources\c99\common\nf_fputc.c estimated size: 54

mcc_generated_files/mtouch/mtouch.c
		_MTOUCH_Tick   		CODE           	15D3	0000	4
		_MTOUCH_Initialize		CODE           	1664	0000	13
		_MTOUCH_Service_Mainloop		CODE           	0821	0000	29
		_MTOUCH_needReburst		CODE           	0002	0000	3

mcc_generated_files/mtouch/mtouch.c estimated size: 49

mcc_generated_files/pin_manager.c
		_PIN_MANAGER_Initialize		CODE           	0859	0000	30

mcc_generated_files/pin_manager.c estimated size: 30

C:\Program Files (x86)\Microchip\xc8\v2.05\pic\sources\c99\common\strlen.c
		_strlen        		CODE           	17E8	0000	25

C:\Program Files (x86)\Microchip\xc8\v2.05\pic\sources\c99\common\strlen.c estimated size: 25

C:\Program Files (x86)\Microchip\xc8\v2.05\pic\sources\c99\common\Umul8.c
		___bmul        		CODE           	16F5	0000	18

C:\Program Files (x86)\Microchip\xc8\v2.05\pic\sources\c99\common\Umul8.c estimated size: 18

C:\Program Files (x86)\Microchip\xc8\v2.05\pic\sources\c99\common\doprnt.c
		_vfpfcnvrt     		CODE           	0503	0000	169
		_pad           		CODE           	0BBA	0000	78
		_ctoa          		CODE           	0935	0000	42
		_vfprintf      		CODE           	0A3D	0000	48

C:\Program Files (x86)\Microchip\xc8\v2.05\pic\sources\c99\common\doprnt.c estimated size: 337

shared
		Sensor_Scanfrequency_Evaluation@frequency_hop		STRCODE        	1809	0000	6
		_sensor_scan_group		STRCODE        	185E	0000	5
		__initialization		CODE           	0018	0000	57
		_mtouch_button_init		STRCODE        	1000	0000	65

shared estimated size: 133

mcc_generated_files/mcc.c
		_WDT_Initialize		CODE           	15DD	0000	5
		_OSCILLATOR_Initialize		CODE           	160F	0000	7
		_SYSTEM_Initialize		CODE           	1728	0000	19

mcc_generated_files/mcc.c estimated size: 31

C:\Program Files (x86)\Microchip\xc8\v2.05\pic\sources\c99\common\abs.c
		_abs           		CODE           	17D1	0000	24

C:\Program Files (x86)\Microchip\xc8\v2.05\pic\sources\c99\common\abs.c estimated size: 24

C:\Program Files (x86)\Microchip\xc8\v2.05\pic\sources\c99\common\nf_fputs.c
		_fputs         		CODE           	089B	0000	39

C:\Program Files (x86)\Microchip\xc8\v2.05\pic\sources\c99\common\nf_fputs.c estimated size: 39

mcc_generated_files/eusart.c
		_EUSART_SetRxInterruptHandler		CODE           	1609	0000	7
		_putch         		CODE           	15E1	0000	6
		_EUSART_Read   		CODE           	0876	0000	38
		_EUSART_DefaultOverrunErrorHandler		CODE           	15D9	0000	5
		_EUSART_Write  		CODE           	1637	0000	9
		_EUSART_DefaultErrorHandler		CODE           	15C7	0000	4
		_EUSART_Initialize		CODE           	0A6C	0000	49
		_EUSART_SetFramingErrorHandler		CODE           	15FD	0000	7
		_EUSART_SetErrorHandler		CODE           	15F7	0000	7
		_EUSART_SetOverrunErrorHandler		CODE           	1603	0000	7
		_EUSART_Receive_ISR		CODE           	0A9C	0000	51
		_EUSART_RxDataHandler		CODE           	17A3	0000	24
		_EUSART_DefaultFramingErrorHandler		CODE           	15C4	0000	2
		_EUSART_is_rx_ready		CODE           	15CA	0000	4

mcc_generated_files/eusart.c estimated size: 220

C:\Program Files (x86)\Microchip\xc8\v2.05\pic\sources\c99\common\memcpy.c
		_memcpy        		CODE           	0989	0000	44

C:\Program Files (x86)\Microchip\xc8\v2.05\pic\sources\c99\common\memcpy.c estimated size: 44

main.c
		_check_data    		CODE           	0B70	0000	75
		_myButtonReleasedCallback		CODE           	15C5	0000	2
		_main          		CODE           	0212	0000	245
		_check_message 		CODE           	090E	0000	40
		_update_state  		CODE           	03B1	0000	171
		_myButtonPressedCallback		CODE           	095E	0000	44
		_DATA_PROCESS  		CODE           	045B	0000	169

main.c estimated size: 746

mcc_generated_files/mtouch/mtouch_sensor.c
		_Sensor_setCalibrated		CODE           	1658	0000	13
		_Sensor_Acq_ExecutePacket		CODE           	0054	0000	447
		_Sensor_getScanGroupIndex		CODE           	09B4	0000	46
		_Sensor_Acquisition		CODE           	0CA9	0000	93
		_Sensor_postAcquisitionProcess		CODE           	0B39	0000	56
		_Sensor_isCalibrated		CODE           	164F	0000	10
		_MTOUCH_Sensor_Initialize		CODE           	1762	0000	22
		_Sensor_Sampled_Reset		CODE           	1630	0000	8
		_MTOUCH_Sensor_InitializeAll		CODE           	16A6	0000	15
		_Sensor_DefaultCallback		CODE           	07FF	0000	2
		_Sensor_loadADCSettings		CODE           	0306	0000	172
		_Sensor_isEnabled		CODE           	16D4	0000	17
		_MTOUCH_Sensor_isCalibrated		CODE           	174D	0000	22
		_MTOUCH_Sensor_Calibrate		CODE           	1706	0000	18
		_MTOUCH_Sensor_Sampled_ResetAll		CODE           	173A	0000	20
		_Sensor_setActive		CODE           	161B	0000	8
		_Sensor_Scanfrequency_Evaluation		CODE           	0789	0000	119
		_MTOUCH_Sensor_Enable		CODE           	1717	0000	18
		_Sensor_setSampled		CODE           	1629	0000	8
		_Sensor_isCalibratingAcqTime		CODE           	163F	0000	9
		_MTOUCH_Sensor_RawSample_Get		CODE           	17BA	0000	24
		_MTOUCH_Sensor_SampleAll		CODE           	1777	0000	23
		_MTOUCH_Sensor_wasSampled		CODE           	1698	0000	15
		_Sensor_Service		CODE           	0F6D	0000	148
		_Sensor_autoCalibration		CODE           	0E54	0000	139
		_MTOUCH_Sensor_Scan_Initialize		CODE           	16C4	0000	17
		_Sensor_RawSample_Update		CODE           	08C1	0000	39
		_Sensor_isActive		CODE           	167D	0000	14
		_Sensor_setCalibratAcqTime		CODE           	1670	0000	14
		_Sensor_setInactive		CODE           	1622	0000	8

mcc_generated_files/mtouch/mtouch_sensor.c estimated size: 1564

led.c
		_LED_PROCESS   		CODE           	06EC	0000	158

led.c estimated size: 158

