Microchip MPLAB XC8 Compiler V2.05 ()

Linker command line:

-W-3 --edf=C:\Program Files (x86)\Microchip\xc8\v2.05\pic\dat\en_msgs.txt \
  -cs -h+dist/default/production\SQ_04.X.production.sym \
  --cmf=dist/default/production\SQ_04.X.production.cmf -z -Q16LF1559 \
  -oC:\Users\ngodi\AppData\Local\Temp\s3ho.2 --defsym=__MPLAB_BUILD=1 \
  -Mdist/default/production/SQ_04.X.production.map -E1 -ver=XC8 \
  --acfsm=1493 -ASTACK=020E0h-021EFh -pstack=STACK -ACODE=00h-07FFhx4 \
  -ASTRCODE=00h-01FFFh -ASTRING=00h-0FFhx32 -ACONST=00h-0FFhx32 \
  -AENTRY=00h-0FFhx32 -ACOMMON=070h-07Fh -ABANK0=020h-06Fh \
  -ABANK1=0A0h-0EFh -ABANK2=0120h-016Fh -ABANK3=01A0h-01EFh \
  -ABANK4=0220h-026Fh -ABANK5=02A0h-02EFh -ABANK6=0320h-032Fh \
  -ABIGRAM=02000h-021EFh \
  -ARAM=020h-06Fh,0A0h-0EFh,0120h-016Fh,01A0h-01EFh,0220h-026Fh,02A0h-02EFh,0320h-032Fh \
  -AABS1=020h-07Fh,0A0h-0EFh,0120h-016Fh,01A0h-01EFh,0220h-026Fh,02A0h-02EFh,0320h-032Fh \
  -ASFR0=00h-01Fh -ASFR1=080h-09Fh -ASFR2=0100h-011Fh -ASFR3=0180h-019Fh \
  -ASFR4=0200h-021Fh -ASFR5=0280h-029Fh -ASFR6=0300h-031Fh \
  -ASFR7=0380h-03EFh -ASFR8=0400h-046Fh -ASFR9=0480h-04EFh \
  -ASFR10=0500h-056Fh -ASFR11=0580h-05EFh -ASFR12=0600h-066Fh \
  -ASFR13=0680h-06EFh -ASFR14=0700h-076Fh -ASFR15=0780h-07EFh \
  -ASFR16=0800h-086Fh -ASFR17=0880h-08EFh -ASFR18=0900h-096Fh \
  -ASFR19=0980h-09EFh -ASFR20=0A00h-0A6Fh -ASFR21=0A80h-0AEFh \
  -ASFR22=0B00h-0B6Fh -ASFR23=0B80h-0BEFh -ASFR24=0C00h-0C6Fh \
  -ASFR25=0C80h-0CEFh -ASFR26=0D00h-0D6Fh -ASFR27=0D80h-0DEFh \
  -ASFR28=0E00h-0E6Fh -ASFR29=0E80h-0EEFh -ASFR30=0F00h-0F6Fh \
  -ASFR31=0F80h-0FEFh -preset_vec=00h,intentry=04h,init,end_init \
  -ppowerup=CODE -pcinit=CODE -pfunctab=ENTRY -ACONFIG=08007h-08008h \
  -pconfig=CONFIG -DCONFIG=2 -AIDLOC=08000h-08003h -pidloc=IDLOC -DIDLOC=2 \
  -DCODE=2 -DSTRCODE=2 -DSTRING=2 -DCONST=2 -DENTRY=2 -k \
  C:\Users\ngodi\AppData\Local\Temp\s3ho.o \
  dist/default/production\SQ_04.X.production.o 

Object code version is 3.11

Machine type is 16LF1559



                Name                               Link     Load   Length Selector   Space Scale
C:\Users\ngodi\AppData\Local\Temp\s3ho.o
                end_init                             15       15        2        8       0
                reset_vec                             0        0        2        0       0
                config                             8007     8007        2    1000E       0
dist/default/production\SQ_04.X.production.o
                cinit                                17       17       34        8       0
                intentry                              4        4       11        8       0
                text79                              C4A      C4A       17     1894       0
                text78                              A70      A70        3     14E0       0
                text77                              A6C      A6C        1     14D8       0
                text76                              A7C      A7C        4     14F8       0
                text75                              E5D      E5D       32     1CBA       0
                text73                              A85      A85        6     150A       0
                text72                              A8B      A8B        6     1516       0
                text71                              63D      63D       87        8       0
                text70                              B89      B89       11     1712       0
                text69                              C61      C61       17     18C2       0
                text68                              EFC      EFC       4D     1DF8       0
                text67                              B2F      B2F        E     165E       0
                text66                              DFF      DFF       2E     1BFE       0
                text65                              524      524       8F        8       0
                text64                              B9A      B9A       11     1734       0
                text63                              E8F      E8F       36     1D1E       0
                text62                              3F4      3F4       9D        8       0
                text61                              CA8      CA8       1B     1950       0
                text60                              D18      D18       1E     1A30       0
                text59                              357      357       9D        8       0
                text58                              A6D      A6D        1     14DA       0
                text57                              A6E      A6E        1     14DC       0
                text56                              BCE      BCE       13     179C       0
                text55                              73A      73A       66        8       0
                text54                              F9E      F9E       62     1F3C       0
                text53                              2B4      2B4       A3        8       0
                text52                              BF4      BF4       15     17E8       0
                text51                              B3D      B3D        E     167A       0
                text50                              F49      F49       55     1E92       0
                text49                              B59      B59       10     16B2       0
                text48                              B69      B69       10     16D2       0
                text47                              DD2      DD2       2D     1BA4       0
                text46                              AD7      AD7        8     15AE       0
                text45                              B08      B08        D     1610       0
                text44                              AF0      AF0        C     15E0       0
                text43                              C78      C78       17     18F0       0
                text42                              5B3      5B3       8A        8       0
                text41                              B15      B15        D     162A       0
                text40                              B79      B79       10     16F2       0
                text39                              AE7      AE7        9     15CE       0
                text38                              209      209       AB        8       0
                text37                              A80      A80        5     1500       0
                text36                              A73      A73        3     14E6       0
                text35                              A76      A76        3     14EC       0
                text34                               4B       4B      1BE        8       0
                text33                              6C4      6C4       76        8       0
                text32                              ABB      ABB        7     1576       0
                text31                              AC2      AC2        7     1584       0
                text30                              EC5      EC5       37     1D8A       0
                text29                              7A0      7A0       5C        8       0
                text28                              A6F      A6F        1     14DE       0
                text27                              D5A      D5A       26     1AB4       0
                text26                              AC9      AC9        7     1592       0
                text25                              491      491       93        8       0
                text24                              C1E      C1E       16     183C       0
                text23                              AD0      AD0        7     15A0       0
                text22                              BE1      BE1       13     17C2       0
                text21                              D80      D80       27     1B00       0
                text20                              C34      C34       16     1868       0
                text19                              A79      A79        3     14F2       0
                text18                                2        2        2        0       0
                text17                              CC3      CC3       1C     1986       0
                text16                              A91      A91        6     1522       0
                text15                              A97      A97        6     152E       0
                text14                              A9D      A9D        6     153A       0
                text13                              AA3      AA3        6     1546       0
                text12                              E2D      E2D       30     1C5A       0
                text11                              DA7      DA7       2B     1B4E       0
                text10                              CDF      CDF       1C     19BE       0
                text9                               BAB      BAB       11     1756       0
                text8                               C09      C09       15     1812       0
                text7                               B4B      B4B        E     1696       0
                text6                               AFC      AFC        C     15F8       0
                text5                               AA9      AA9        6     1552       0
                text4                               CFB      CFB       1D     19F6       0
                text3                               ADF      ADF        8     15BE       0
                text2                               7FC      7FC        4        8       0
                text1                               BBC      BBC       12     1778       0
                maintext                            C8F      C8F       19     191E       0
                cstackBANK0                          20       20       29       20       1
                cstackCOMMON                         70       70        C       70       1
                clrtext                             AAF      AAF        6     155E       0
                inittext                            AB5      AB5        6     156A       0
                bssBANK2                            120      120       40      120       1
                dataBANK1                            A0       A0       24       A0       1
                bssBANK1                             C4       C4        8       A0       1
                dataBANK0                            5F       5F        D       20       1
                bssBANK0                             49       49       16       20       1
                bssCOMMON                            7C       7C        1       70       1
                nvBANK1                              CC       CC        4       A0       1
                nvBANK0                              6C       6C        4       20       1
                stringtext3                        1000     1000       40     2000       0
                stringtext2                        1045     1045        4     2000       0
                stringtext1                        1040     1040        5     2000       0
                idataBANK1                          D36      D36       24     1A6C       0
                idataBANK0                          B22      B22        D     1644       0

TOTAL           Name                               Link     Load   Length     Space
        CLASS   STACK          

        CLASS   CODE           
                end_init                             15       15        2         0
                cinit                                17       17       34         0
                intentry                              4        4       11         0
                reset_vec                             0        0        2         0
                text79                              C4A      C4A       17         0
                text78                              A70      A70        3         0
                text77                              A6C      A6C        1         0
                text76                              A7C      A7C        4         0
                text75                              E5D      E5D       32         0
                text73                              A85      A85        6         0
                text72                              A8B      A8B        6         0
                text71                              63D      63D       87         0
                text70                              B89      B89       11         0
                text69                              C61      C61       17         0
                text68                              EFC      EFC       4D         0
                text67                              B2F      B2F        E         0
                text66                              DFF      DFF       2E         0
                text65                              524      524       8F         0
                text64                              B9A      B9A       11         0
                text63                              E8F      E8F       36         0
                text62                              3F4      3F4       9D         0
                text61                              CA8      CA8       1B         0
                text60                              D18      D18       1E         0
                text59                              357      357       9D         0
                text58                              A6D      A6D        1         0
                text57                              A6E      A6E        1         0
                text56                              BCE      BCE       13         0
                text55                              73A      73A       66         0
                text54                              F9E      F9E       62         0
                text53                              2B4      2B4       A3         0
                text52                              BF4      BF4       15         0
                text51                              B3D      B3D        E         0
                text50                              F49      F49       55         0
                text49                              B59      B59       10         0
                text48                              B69      B69       10         0
                text47                              DD2      DD2       2D         0
                text46                              AD7      AD7        8         0
                text45                              B08      B08        D         0
                text44                              AF0      AF0        C         0
                text43                              C78      C78       17         0
                text42                              5B3      5B3       8A         0
                text41                              B15      B15        D         0
                text40                              B79      B79       10         0
                text39                              AE7      AE7        9         0
                text38                              209      209       AB         0
                text37                              A80      A80        5         0
                text36                              A73      A73        3         0
                text35                              A76      A76        3         0
                text34                               4B       4B      1BE         0
                text33                              6C4      6C4       76         0
                text32                              ABB      ABB        7         0
                text31                              AC2      AC2        7         0
                text30                              EC5      EC5       37         0
                text29                              7A0      7A0       5C         0
                text28                              A6F      A6F        1         0
                text27                              D5A      D5A       26         0
                text26                              AC9      AC9        7         0
                text25                              491      491       93         0
                text24                              C1E      C1E       16         0
                text23                              AD0      AD0        7         0
                text22                              BE1      BE1       13         0
                text21                              D80      D80       27         0
                text20                              C34      C34       16         0
                text19                              A79      A79        3         0
                text18                                2        2        2         0
                text17                              CC3      CC3       1C         0
                text16                              A91      A91        6         0
                text15                              A97      A97        6         0
                text14                              A9D      A9D        6         0
                text13                              AA3      AA3        6         0
                text12                              E2D      E2D       30         0
                text11                              DA7      DA7       2B         0
                text10                              CDF      CDF       1C         0
                text9                               BAB      BAB       11         0
                text8                               C09      C09       15         0
                text7                               B4B      B4B        E         0
                text6                               AFC      AFC        C         0
                text5                               AA9      AA9        6         0
                text4                               CFB      CFB       1D         0
                text3                               ADF      ADF        8         0
                text2                               7FC      7FC        4         0
                text1                               BBC      BBC       12         0
                maintext                            C8F      C8F       19         0
                clrtext                             AAF      AAF        6         0
                inittext                            AB5      AB5        6         0
                idataBANK1                          D36      D36       24         0
                idataBANK0                          B22      B22        D         0

        CLASS   STRCODE        
                stringtext3                        1000     1000       40         0
                stringtext2                        1045     1045        4         0
                stringtext1                        1040     1040        5         0

        CLASS   STRING         

        CLASS   CONST          

        CLASS   ENTRY          

        CLASS   COMMON         
                cstackCOMMON                         70       70        C         1
                bssCOMMON                            7C       7C        1         1

        CLASS   BANK0          
                cstackBANK0                          20       20       29         1
                dataBANK0                            5F       5F        D         1
                bssBANK0                             49       49       16         1
                nvBANK0                              6C       6C        4         1

        CLASS   BANK1          
                dataBANK1                            A0       A0       24         1
                bssBANK1                             C4       C4        8         1
                nvBANK1                              CC       CC        4         1

        CLASS   BANK2          
                bssBANK2                            120      120       40         1

        CLASS   BANK3          

        CLASS   BANK4          

        CLASS   BANK5          

        CLASS   BANK6          

        CLASS   BIGRAM         

        CLASS   RAM            

        CLASS   ABS1           
                abs_s1                               7E       7E        2         1

        CLASS   SFR0           

        CLASS   SFR1           

        CLASS   SFR2           

        CLASS   SFR3           

        CLASS   SFR4           

        CLASS   SFR5           

        CLASS   SFR6           

        CLASS   SFR7           

        CLASS   SFR8           

        CLASS   SFR9           

        CLASS   SFR10          

        CLASS   SFR11          

        CLASS   SFR12          

        CLASS   SFR13          

        CLASS   SFR14          

        CLASS   SFR15          

        CLASS   SFR16          

        CLASS   SFR17          

        CLASS   SFR18          

        CLASS   SFR19          

        CLASS   SFR20          

        CLASS   SFR21          

        CLASS   SFR22          

        CLASS   SFR23          

        CLASS   SFR24          

        CLASS   SFR25          

        CLASS   SFR26          

        CLASS   SFR27          

        CLASS   SFR28          

        CLASS   SFR29          

        CLASS   SFR30          

        CLASS   SFR31          

        CLASS   CONFIG         
                config                             8007     8007        2         0

        CLASS   IDLOC          

        CLASS   BANK31         

        CLASS   BANK30         

        CLASS   BANK29         

        CLASS   BANK28         

        CLASS   BANK27         

        CLASS   BANK26         

        CLASS   BANK25         

        CLASS   BANK24         

        CLASS   BANK23         

        CLASS   BANK22         

        CLASS   BANK21         

        CLASS   BANK20         

        CLASS   BANK19         

        CLASS   BANK18         

        CLASS   BANK17         

        CLASS   BANK16         

        CLASS   BANK15         

        CLASS   BANK14         

        CLASS   BANK13         

        CLASS   BANK12         

        CLASS   BANK11         

        CLASS   BANK10         

        CLASS   BANK9          

        CLASS   BANK8          

        CLASS   BANK7          

        CLASS   EEDATA         



SEGMENTS        Name                           Load    Length   Top    Selector   Space  Class     Delta

                reset_vec                      000000  000004  000004         0       0  CODE        2
                intentry                       000004  0007FC  000800         8       0  CODE        2
                cstackBANK0                    000020  000050  000070        20       1  BANK0       1
                cstackCOMMON                   000070  00000D  00007D        70       1  COMMON      1
                dataBANK1                      0000A0  000030  0000D0        A0       1  BANK1       1
                bssBANK2                       000120  000040  000160       120       1  BANK2       1
                text77                         000A6C  000001  000A6D      14D8       0  CODE        2
                text58                         000A6D  000001  000A6E      14DA       0  CODE        2
                text57                         000A6E  000001  000A6F      14DC       0  CODE        2
                text28                         000A6F  000001  000A70      14DE       0  CODE        2
                text78                         000A70  000003  000A73      14E0       0  CODE        2
                text36                         000A73  000003  000A76      14E6       0  CODE        2
                text35                         000A76  000003  000A79      14EC       0  CODE        2
                text19                         000A79  000003  000A7C      14F2       0  CODE        2
                text76                         000A7C  000004  000A80      14F8       0  CODE        2
                text37                         000A80  000005  000A85      1500       0  CODE        2
                text73                         000A85  000006  000A8B      150A       0  CODE        2
                text72                         000A8B  000006  000A91      1516       0  CODE        2
                text16                         000A91  000006  000A97      1522       0  CODE        2
                text15                         000A97  000006  000A9D      152E       0  CODE        2
                text14                         000A9D  000006  000AA3      153A       0  CODE        2
                text13                         000AA3  000006  000AA9      1546       0  CODE        2
                text5                          000AA9  000006  000AAF      1552       0  CODE        2
                clrtext                        000AAF  000006  000AB5      155E       0  CODE        2
                inittext                       000AB5  000006  000ABB      156A       0  CODE        2
                text32                         000ABB  000007  000AC2      1576       0  CODE        2
                text31                         000AC2  000007  000AC9      1584       0  CODE        2
                text26                         000AC9  000007  000AD0      1592       0  CODE        2
                text23                         000AD0  000007  000AD7      15A0       0  CODE        2
                text46                         000AD7  000008  000ADF      15AE       0  CODE        2
                text3                          000ADF  000008  000AE7      15BE       0  CODE        2
                text39                         000AE7  000009  000AF0      15CE       0  CODE        2
                text44                         000AF0  00000C  000AFC      15E0       0  CODE        2
                text6                          000AFC  00000C  000B08      15F8       0  CODE        2
                text45                         000B08  00000D  000B15      1610       0  CODE        2
                text41                         000B15  00000D  000B22      162A       0  CODE        2
                idataBANK0                     000B22  00000D  000B2F      1644       0  CODE        2
                text67                         000B2F  00000E  000B3D      165E       0  CODE        2
                text51                         000B3D  00000E  000B4B      167A       0  CODE        2
                text7                          000B4B  00000E  000B59      1696       0  CODE        2
                text49                         000B59  000010  000B69      16B2       0  CODE        2
                text48                         000B69  000010  000B79      16D2       0  CODE        2
                text40                         000B79  000010  000B89      16F2       0  CODE        2
                text70                         000B89  000011  000B9A      1712       0  CODE        2
                text64                         000B9A  000011  000BAB      1734       0  CODE        2
                text9                          000BAB  000011  000BBC      1756       0  CODE        2
                text1                          000BBC  000012  000BCE      1778       0  CODE        2
                text56                         000BCE  000013  000BE1      179C       0  CODE        2
                text22                         000BE1  000013  000BF4      17C2       0  CODE        2
                text52                         000BF4  000015  000C09      17E8       0  CODE        2
                text8                          000C09  000015  000C1E      1812       0  CODE        2
                text24                         000C1E  000016  000C34      183C       0  CODE        2
                text20                         000C34  000016  000C4A      1868       0  CODE        2
                text79                         000C4A  000017  000C61      1894       0  CODE        2
                text69                         000C61  000017  000C78      18C2       0  CODE        2
                text43                         000C78  000017  000C8F      18F0       0  CODE        2
                maintext                       000C8F  000019  000CA8      191E       0  CODE        2
                text61                         000CA8  00001B  000CC3      1950       0  CODE        2
                text17                         000CC3  00001C  000CDF      1986       0  CODE        2
                text10                         000CDF  00001C  000CFB      19BE       0  CODE        2
                text4                          000CFB  00001D  000D18      19F6       0  CODE        2
                text60                         000D18  00001E  000D36      1A30       0  CODE        2
                idataBANK1                     000D36  000024  000D5A      1A6C       0  CODE        2
                text27                         000D5A  000026  000D80      1AB4       0  CODE        2
                text21                         000D80  000027  000DA7      1B00       0  CODE        2
                text11                         000DA7  00002B  000DD2      1B4E       0  CODE        2
                text47                         000DD2  00002D  000DFF      1BA4       0  CODE        2
                text66                         000DFF  00002E  000E2D      1BFE       0  CODE        2
                text12                         000E2D  000030  000E5D      1C5A       0  CODE        2
                text75                         000E5D  000032  000E8F      1CBA       0  CODE        2
                text63                         000E8F  000036  000EC5      1D1E       0  CODE        2
                text30                         000EC5  000037  000EFC      1D8A       0  CODE        2
                text68                         000EFC  00004D  000F49      1DF8       0  CODE        2
                text50                         000F49  000055  000F9E      1E92       0  CODE        2
                text54                         000F9E  000062  001000      1F3C       0  CODE        2
                stringtext3                    001000  000049  001049      2000       0  STRCODE     2
                config                         008007  000002  008009     1000E       0  CONFIG      2


UNUSED ADDRESS RANGES

        Name                Unused          Largest block    Delta
        BANK1            000D0-000EF              20           1
        BANK2            00160-0016F              10           1
        BANK3            001A0-001EF              50           1
        BANK4            00220-0026F              50           1
        BANK5            002A0-002EF              50           1
        BANK6            00320-0032F              10           1
        BIGRAM           02000-021EF             1F0           1
        CODE             00800-00A6B             26C           2
                         01049-01FFF             7B7
        COMMON           0007D-0007D               1           1
        CONST            00800-00A6B             100           2
                         01049-01FFF             100
        ENTRY            00800-00A6B             100           2
                         01049-01FFF             100
        IDLOC            08000-08003               4           2
        RAM              000D0-000EF              20           1
                         00160-0016F              10
                         001A0-001EF              50
                         00220-0026F              50
                         002A0-002EF              50
                         00320-0032F              10
        SFR0             00000-0001F              20           1
        SFR1             00080-0009F              20           1
        SFR10            00500-0056F              70           1
        SFR11            00580-005EF              70           1
        SFR12            00600-0066F              70           1
        SFR13            00680-006EF              70           1
        SFR14            00700-0076F              70           1
        SFR15            00780-007EF              70           1
        SFR16            00800-0086F              70           1
        SFR17            00880-008EF              70           1
        SFR18            00900-0096F              70           1
        SFR19            00980-009EF              70           1
        SFR2             00100-0011F              20           1
        SFR20            00A00-00A6F              70           1
        SFR21            00A80-00AEF              70           1
        SFR22            00B00-00B6F              70           1
        SFR23            00B80-00BEF              70           1
        SFR24            00C00-00C6F              70           1
        SFR25            00C80-00CEF              70           1
        SFR26            00D00-00D6F              70           1
        SFR27            00D80-00DEF              70           1
        SFR28            00E00-00E6F              70           1
        SFR29            00E80-00EEF              70           1
        SFR3             00180-0019F              20           1
        SFR30            00F00-00F6F              70           1
        SFR31            00F80-00FEF              70           1
        SFR4             00200-0021F              20           1
        SFR5             00280-0029F              20           1
        SFR6             00300-0031F              20           1
        SFR7             00380-003EF              70           1
        SFR8             00400-0046F              70           1
        SFR9             00480-004EF              70           1
        STACK            020E0-021EF             110           1
        STRCODE          00800-00A6B             26C           2
                         01049-01FFF             FB7
        STRING           00800-00A6B             100           2
                         01049-01FFF             100

                                  Symbol Table

?_MTOUCH_Sensor_RawSample_Get                         cstackCOMMON 00075
?_abs                                                 cstackCOMMON 00071
Button_Baseline_Initialize@button                     cstackCOMMON 00079
Button_Baseline_Update@button                         cstackCOMMON 00077
Button_DefaultCallback@button                         cstackCOMMON 00077
Button_Deviation_Update@button                        cstackBANK0  00020
Button_Deviation_Update@deviation                     cstackBANK0  00021
Button_Reading_Update@button                          cstackBANK0  00020
Button_Reading_Update_Helper@button                   cstackCOMMON 0007B
Button_Service@button                                 cstackBANK0  0002C
Button_Service@name                                   cstackBANK0  0002B
Button_State_Initializing@button                      cstackBANK0  00024
Button_State_NotPressed@button                        cstackBANK0  00024
Button_State_Pressed@button                           cstackBANK0  00024
Button_Tick_helper@button                             cstackCOMMON 00073
EUSART_SetErrorHandler@interruptHandler               cstackCOMMON 00071
EUSART_SetFramingErrorHandler@interruptHandler        cstackCOMMON 00071
EUSART_SetOverrunErrorHandler@interruptHandler        cstackCOMMON 00071
EUSART_SetRxInterruptHandler@interruptHandler         cstackCOMMON 00071
LED_PROCESS@x                                         cstackCOMMON 00073
MTOUCH_Button_Buttonmask_Get@i                        cstackCOMMON 00076
MTOUCH_Button_Buttonmask_Get@output                   cstackCOMMON 00075
MTOUCH_Button_Initialize@button                       cstackCOMMON 0007A
MTOUCH_Button_Initialize@name                         cstackCOMMON 00079
MTOUCH_Button_InitializeAll@button                    cstackBANK0  00020
MTOUCH_Button_ServiceAll@button                       cstackBANK0  0002E
MTOUCH_Button_SetNotPressedCallback@callback          cstackCOMMON 00071
MTOUCH_Button_SetPressedCallback@callback             cstackCOMMON 00071
MTOUCH_Button_Tick@i                                  cstackCOMMON 00075
MTOUCH_Button_isPressed@name                          cstackCOMMON 00072
MTOUCH_Sensor_Calibrate@sensor                        cstackCOMMON 00076
MTOUCH_Sensor_Enable@sensor                           cstackCOMMON 00076
MTOUCH_Sensor_Initialize@sensor                       cstackCOMMON 00078
MTOUCH_Sensor_InitializeAll@sensor                    cstackCOMMON 0007A
MTOUCH_Sensor_RawSample_Get@name                      cstackCOMMON 00078
MTOUCH_Sensor_SampleAll@group                         cstackBANK0  00047
MTOUCH_Sensor_Sampled_ResetAll@sensor                 cstackCOMMON 00073
MTOUCH_Sensor_isCalibrated@sensor                     cstackCOMMON 00076
MTOUCH_Sensor_wasSampled@sensor                       cstackCOMMON 00076
RELAY_PROCESS@x                                       cstackCOMMON 00073
Sensor_Acq_ExecutePacket@AD1CON2_temp                 cstackBANK0  00022
Sensor_Acq_ExecutePacket@AD2CON2_temp                 cstackBANK0  00023
Sensor_Acq_ExecutePacket@ADCOMCON_temp                cstackBANK0  00021
Sensor_Acq_ExecutePacket@ADxIF_flag                   cstackBANK0  00026
Sensor_Acq_ExecutePacket@activeSensor                 cstackBANK0  00027
Sensor_Acq_ExecutePacket@last_a                       cstackBANK0  00028
Sensor_Acq_ExecutePacket@last_b                       cstackBANK0  0002A
Sensor_Acq_ExecutePacket@packet_counter               cstackBANK0  0002C
Sensor_Acq_ExecutePacket@sensor1ForceEnabled          cstackBANK0  00024
Sensor_Acq_ExecutePacket@sensor2ForceEnabled          cstackBANK0  00025
Sensor_Acq_ExecutePacket@sensor_adc1                  cstackBANK0  0002D
Sensor_Acq_ExecutePacket@sensor_adc2                  cstackCOMMON 0007B
Sensor_Acquisition@retry                              cstackBANK0  0003D
Sensor_Acquisition@sensor_adc1                        cstackBANK0  0003E
Sensor_Acquisition@sensor_adc2                        cstackBANK0  0003B
Sensor_DefaultCallback@sensor                         cstackCOMMON 00071
Sensor_RawSample_Update@adcIndex                      cstackCOMMON 00076
Sensor_RawSample_Update@sensor                        cstackCOMMON 00077
Sensor_Sampled_Reset@sensor                           cstackCOMMON 00071
Sensor_Scanfrequency_Evaluation@best_packet_sample    cstackBANK0  00036
Sensor_Scanfrequency_Evaluation@best_sample_period    cstackBANK0  00034
Sensor_Scanfrequency_Evaluation@frequency_hop         stringtext1  01040
Sensor_Scanfrequency_Evaluation@i                     cstackBANK0  0003A
Sensor_Scanfrequency_Evaluation@packet_noise_Max      cstackBANK0  00032
Sensor_Scanfrequency_Evaluation@retry                 cstackBANK0  00035
Sensor_Scanfrequency_Evaluation@sensor_adc1           cstackBANK0  00031
Sensor_Scanfrequency_Evaluation@sensor_adc2           cstackBANK0  0002E
Sensor_Service@error                                  cstackBANK0  00043
Sensor_Service@scanGroup                              cstackBANK0  00042
Sensor_Service@sensor_adc1                            cstackBANK0  00044
Sensor_Service@sensor_adc2                            cstackBANK0  00045
Sensor_autoCalibration@adcIndex                       cstackCOMMON 00079
Sensor_autoCalibration@sensor                         cstackCOMMON 0007A
Sensor_getScanGroupIndex@sensor                       cstackCOMMON 00073
Sensor_getScanGroupIndex@sensorGroup                  cstackCOMMON 00074
Sensor_isActive@sensor                                cstackCOMMON 00071
Sensor_isCalibrated@sensor                            cstackCOMMON 00071
Sensor_isCalibratingAcqTime@sensor                    cstackCOMMON 00071
Sensor_isEnabled@sensor                               cstackCOMMON 00072
Sensor_loadADCSettings@adc_index                      cstackCOMMON 00072
Sensor_loadADCSettings@addressOffset                  cstackCOMMON 00078
Sensor_loadADCSettings@sensor                         cstackCOMMON 00079
Sensor_postAcquisitionProcess@adcIndex                cstackCOMMON 00078
Sensor_postAcquisitionProcess@deviation               cstackCOMMON 00076
Sensor_postAcquisitionProcess@sensor                  cstackCOMMON 00079
Sensor_setActive@sensor                               cstackCOMMON 00071
Sensor_setCalibratAcqTime@sensor                      cstackCOMMON 00071
Sensor_setCalibrated@sensor                           cstackCOMMON 00071
Sensor_setInactive@sensor                             cstackCOMMON 00071
Sensor_setSampled@sensor                              cstackCOMMON 00071
TMR2_LoadPeriodRegister@periodVal                     cstackCOMMON 00071
_AAD1CAP                                              (abs)        00719
_AAD1CON2                                             (abs)        00713
_AAD1CON3                                             (abs)        00714
_AAD1GRD                                              (abs)        00718
_AAD1RES0                                             (abs)        0071A
_AAD2CON3                                             (abs)        00794
_AAD2GRD                                              (abs)        00798
_AAD2RES0                                             (abs)        0079A
_AD1ACQCON                                            (abs)        00717
_AD1CON0                                              (abs)        00711
_AD1CON0bits                                          (abs)        00711
_AD1CON2                                              (abs)        00713
_AD1CON3                                              (abs)        00714
_AD1PRECON                                            (abs)        00716
_AD2ACQCON                                            (abs)        00797
_AD2CON0                                              (abs)        00791
_AD2CON0bits                                          (abs)        00791
_AD2CON2                                              (abs)        00793
_AD2CON3                                              (abs)        00794
_AD2PRECON                                            (abs)        00796
_ADCOMCON                                             (abs)        00712
_ANSELA                                               (abs)        0018C
_ANSELB                                               (abs)        0018D
_ANSELC                                               (abs)        0018E
_APFCON                                               (abs)        0011D
_APFCONbits                                           (abs)        0011D
_BAUDCON                                              (abs)        0019F
_BORCON                                               (abs)        00116
_Button_Baseline_Initialize                           text66       00DFF
_Button_Baseline_Update                               text65       00524
_Button_DefaultCallback                               text57       00A6E
_Button_Deviation_Update                              text71       0063D
_Button_Reading_Update                                text67       00B2F
_Button_Reading_Update_Helper                         text68       00EFC
_Button_Service                                       text50       00F49
_Button_StateMachine                                  dataBANK0    0005F
_Button_State_Initializing                            text54       00F9E
_Button_State_NotPressed                              text53       002B4
_Button_State_Pressed                                 text55       0073A
_Button_Tick_helper                                   text21       00D80
_EUSART_DefaultErrorHandler                           text78       00A70
_EUSART_DefaultFramingErrorHandler                    text77       00A6C
_EUSART_DefaultOverrunErrorHandler                    text76       00A7C
_EUSART_ErrorHandler                                  nvBANK1      000CC
_EUSART_FramingErrorHandler                           nvBANK0      0006C
_EUSART_Initialize                                    text12       00E2D
_EUSART_OverrunErrorHandler                           nvBANK1      000CE
_EUSART_Receive_ISR                                   text75       00E5D
_EUSART_RxDataHandler                                 text79       00C4A
_EUSART_RxDefaultInterruptHandler                     nvBANK0      0006E
_EUSART_SetErrorHandler                               text16       00A91
_EUSART_SetFramingErrorHandler                        text15       00A97
_EUSART_SetOverrunErrorHandler                        text14       00A9D
_EUSART_SetRxInterruptHandler                         text13       00AA3
_GIE                                                  (abs)        0005F
_INTCONbits                                           (abs)        0000B
_INTERRUPT_InterruptManager                           intentry     00004
_LATA                                                 (abs)        0010C
_LATAbits                                             (abs)        0010C
_LATB                                                 (abs)        0010D
_LATBbits                                             (abs)        0010D
_LATC                                                 (abs)        0010E
_LATCbits                                             (abs)        0010E
_LED_PROCESS                                          text62       003F4
_MTOUCH_Button_Buttonmask_Get                         text60       00D18
_MTOUCH_Button_Initialize                             text63       00E8F
_MTOUCH_Button_InitializeAll                          text10       00CDF
_MTOUCH_Button_ServiceAll                             text49       00B59
_MTOUCH_Button_SetNotPressedCallback                  text73       00A85
_MTOUCH_Button_SetPressedCallback                     text72       00A8B
_MTOUCH_Button_Tick                                   text20       00C34
_MTOUCH_Button_isPressed                              text61       00CA8
_MTOUCH_Initialize                                    text6        00AFC
_MTOUCH_Sensor_Calibrate                              text64       00B9A
_MTOUCH_Sensor_Enable                                 text9        00BAB
_MTOUCH_Sensor_Initialize                             text8        00C09
_MTOUCH_Sensor_InitializeAll                          text7        00B4B
_MTOUCH_Sensor_RawSample_Get                          text69       00C61
_MTOUCH_Sensor_SampleAll                              text24       00C1E
_MTOUCH_Sensor_Sampled_ResetAll                       text22       00BE1
_MTOUCH_Sensor_Scan_Initialize                        text48       00B69
_MTOUCH_Sensor_isCalibrated                           text52       00BF4
_MTOUCH_Sensor_wasSampled                             text51       00B3D
_MTOUCH_Service_Mainloop                              text17       00CC3
_MTOUCH_Tick                                          text19       00A79
_MTOUCH_needReburst                                   text18       00002
_OPTION_REGbits                                       (abs)        00095
_OSCCON                                               (abs)        00099
_OSCILLATOR_Initialize                                text5        00AA9
_PIE1bits                                             (abs)        00091
_PIN_MANAGER_Initialize                               text4        00CFB
_PIR1bits                                             (abs)        00011
_PIR2bits                                             (abs)        00012
_PR2                                                  (abs)        0001B
_RCREG                                                (abs)        00199
_RCSTA                                                (abs)        0019D
_RCSTAbits                                            (abs)        0019D
_RELAY_PROCESS                                        text59       00357
_SPBRGH                                               (abs)        0019C
_SPBRGL                                               (abs)        0019B
_SYSTEM_Initialize                                    text1        00BBC
_Sensor_Acq_ExecutePacket                             text34       0004B
_Sensor_Acquisition                                   text29       007A0
_Sensor_DefaultCallback                               text28       00A6F
_Sensor_RawSample_Update                              text27       00D5A
_Sensor_Sampled_Reset                                 text23       00AD0
_Sensor_Scanfrequency_Evaluation                      text33       006C4
_Sensor_Service                                       text25       00491
_Sensor_autoCalibration                               text42       005B3
_Sensor_getScanGroupIndex                             text47       00DD2
_Sensor_isActive                                      text41       00B15
_Sensor_isCalibrated                                  text39       00AE7
_Sensor_isCalibratingAcqTime                          text46       00AD7
_Sensor_isEnabled                                     text40       00B79
_Sensor_loadADCSettings                               text38       00209
_Sensor_loadADCSettings$1165                          cstackCOMMON 00076
_Sensor_postAcquisitionProcess                        text30       00EC5
_Sensor_setActive                                     text32       00ABB
_Sensor_setCalibratAcqTime                            text45       00B08
_Sensor_setCalibrated                                 text44       00AF0
_Sensor_setInactive                                   text31       00AC2
_Sensor_setSampled                                    text26       00AC9
_T2CON                                                (abs)        0001C
_T2CONbits                                            (abs)        0001C
_TMR2                                                 (abs)        0001A
_TMR2_Initialize                                      text3        00ADF
_TMR2_LoadPeriodRegister                              text37       00A80
_TMR2_StartTimer                                      text36       00A73
_TMR2_StopTimer                                       text35       00A76
_TRISA                                                (abs)        0008C
_TRISB                                                (abs)        0008D
_TRISC                                                (abs)        0008E
_TXREG                                                (abs)        0019A
_TXSTA                                                (abs)        0019E
_TXSTAbits                                            (abs)        0019E
_WDTCON                                               (abs)        00097
_WDT_Initialize                                       text2        007FC
_WPUA                                                 (abs)        0020C
_WPUB                                                 (abs)        0020D
__CFG_BOREN$NSLEEP                                    (abs)        00000
__CFG_BORV$LO                                         (abs)        00000
__CFG_CLKOUTEN$OFF                                    (abs)        00000
__CFG_CP$OFF                                          (abs)        00000
__CFG_FOSC$INTOSC                                     (abs)        00000
__CFG_LPBOR$OFF                                       (abs)        00000
__CFG_LVP$ON                                          (abs)        00000
__CFG_MCLRE$ON                                        (abs)        00000
__CFG_PWRTE$OFF                                       (abs)        00000
__CFG_STVREN$ON                                       (abs)        00000
__CFG_WDTE$OFF                                        (abs)        00000
__CFG_WRT$OFF                                         (abs)        00000
__Habs1                                               abs1         00000
__Hbank0                                              bank0        00000
__Hbank1                                              bank1        00000
__Hbank10                                             bank10       00000
__Hbank11                                             bank11       00000
__Hbank12                                             bank12       00000
__Hbank13                                             bank13       00000
__Hbank14                                             bank14       00000
__Hbank15                                             bank15       00000
__Hbank16                                             bank16       00000
__Hbank17                                             bank17       00000
__Hbank18                                             bank18       00000
__Hbank19                                             bank19       00000
__Hbank2                                              bank2        00000
__Hbank20                                             bank20       00000
__Hbank21                                             bank21       00000
__Hbank22                                             bank22       00000
__Hbank23                                             bank23       00000
__Hbank24                                             bank24       00000
__Hbank25                                             bank25       00000
__Hbank26                                             bank26       00000
__Hbank27                                             bank27       00000
__Hbank28                                             bank28       00000
__Hbank29                                             bank29       00000
__Hbank3                                              bank3        00000
__Hbank30                                             bank30       00000
__Hbank31                                             bank31       00000
__Hbank4                                              bank4        00000
__Hbank5                                              bank5        00000
__Hbank6                                              bank6        00000
__Hbank7                                              bank7        00000
__Hbank8                                              bank8        00000
__Hbank9                                              bank9        00000
__Hbigram                                             bigram       00000
__HbssBANK0                                           bssBANK0     00000
__HbssBANK1                                           bssBANK1     00000
__HbssBANK2                                           bssBANK2     00000
__HbssCOMMON                                          bssCOMMON    00000
__Hcinit                                              cinit        0004B
__Hclrtext                                            clrtext      00000
__Hcode                                               code         00000
__Hcommon                                             common       00000
__Hconfig                                             config       08009
__HcstackBANK0                                        cstackBANK0  00000
__HcstackCOMMON                                       cstackCOMMON 00000
__HdataBANK0                                          dataBANK0    00000
__HdataBANK1                                          dataBANK1    00000
__Heeprom_data                                        eeprom_data  00000
__Hend_init                                           end_init     00017
__Hfunctab                                            functab      00000
__HidataBANK0                                         idataBANK0   00000
__HidataBANK1                                         idataBANK1   00000
__Hidloc                                              idloc        00000
__Hinit                                               init         00015
__Hinittext                                           inittext     00000
__Hintentry                                           intentry     00015
__Hmaintext                                           maintext     00000
__HnvBANK0                                            nvBANK0      00000
__HnvBANK1                                            nvBANK1      00000
__Hpowerup                                            powerup      00000
__Hram                                                ram          00000
__Hreset_vec                                          reset_vec    00002
__Hsfr0                                               sfr0         00000
__Hsfr1                                               sfr1         00000
__Hsfr10                                              sfr10        00000
__Hsfr11                                              sfr11        00000
__Hsfr12                                              sfr12        00000
__Hsfr13                                              sfr13        00000
__Hsfr14                                              sfr14        00000
__Hsfr15                                              sfr15        00000
__Hsfr16                                              sfr16        00000
__Hsfr17                                              sfr17        00000
__Hsfr18                                              sfr18        00000
__Hsfr19                                              sfr19        00000
__Hsfr2                                               sfr2         00000
__Hsfr20                                              sfr20        00000
__Hsfr21                                              sfr21        00000
__Hsfr22                                              sfr22        00000
__Hsfr23                                              sfr23        00000
__Hsfr24                                              sfr24        00000
__Hsfr25                                              sfr25        00000
__Hsfr26                                              sfr26        00000
__Hsfr27                                              sfr27        00000
__Hsfr28                                              sfr28        00000
__Hsfr29                                              sfr29        00000
__Hsfr3                                               sfr3         00000
__Hsfr30                                              sfr30        00000
__Hsfr31                                              sfr31        00000
__Hsfr4                                               sfr4         00000
__Hsfr5                                               sfr5         00000
__Hsfr6                                               sfr6         00000
__Hsfr7                                               sfr7         00000
__Hsfr8                                               sfr8         00000
__Hsfr9                                               sfr9         00000
__Hspace_0                                            (abs)        08009
__Hspace_1                                            (abs)        00160
__Hspace_2                                            (abs)        00000
__Hspace_3                                            (abs)        00000
__Hstack                                              stack        00000
__Hstrings                                            strings      00000
__Hstringtext1                                        stringtext1  00000
__Hstringtext2                                        stringtext2  00000
__Hstringtext3                                        stringtext3  00000
__Htext                                               text         00000
__Labs1                                               abs1         00000
__Lbank0                                              bank0        00000
__Lbank1                                              bank1        00000
__Lbank10                                             bank10       00000
__Lbank11                                             bank11       00000
__Lbank12                                             bank12       00000
__Lbank13                                             bank13       00000
__Lbank14                                             bank14       00000
__Lbank15                                             bank15       00000
__Lbank16                                             bank16       00000
__Lbank17                                             bank17       00000
__Lbank18                                             bank18       00000
__Lbank19                                             bank19       00000
__Lbank2                                              bank2        00000
__Lbank20                                             bank20       00000
__Lbank21                                             bank21       00000
__Lbank22                                             bank22       00000
__Lbank23                                             bank23       00000
__Lbank24                                             bank24       00000
__Lbank25                                             bank25       00000
__Lbank26                                             bank26       00000
__Lbank27                                             bank27       00000
__Lbank28                                             bank28       00000
__Lbank29                                             bank29       00000
__Lbank3                                              bank3        00000
__Lbank30                                             bank30       00000
__Lbank31                                             bank31       00000
__Lbank4                                              bank4        00000
__Lbank5                                              bank5        00000
__Lbank6                                              bank6        00000
__Lbank7                                              bank7        00000
__Lbank8                                              bank8        00000
__Lbank9                                              bank9        00000
__Lbigram                                             bigram       00000
__LbssBANK0                                           bssBANK0     00000
__LbssBANK1                                           bssBANK1     00000
__LbssBANK2                                           bssBANK2     00000
__LbssCOMMON                                          bssCOMMON    00000
__Lcinit                                              cinit        00017
__Lclrtext                                            clrtext      00000
__Lcode                                               code         00000
__Lcommon                                             common       00000
__Lconfig                                             config       08007
__LcstackBANK0                                        cstackBANK0  00000
__LcstackCOMMON                                       cstackCOMMON 00000
__LdataBANK0                                          dataBANK0    00000
__LdataBANK1                                          dataBANK1    00000
__Leeprom_data                                        eeprom_data  00000
__Lend_init                                           end_init     00015
__Lfunctab                                            functab      00000
__LidataBANK0                                         idataBANK0   00000
__LidataBANK1                                         idataBANK1   00000
__Lidloc                                              idloc        00000
__Linit                                               init         00015
__Linittext                                           inittext     00000
__Lintentry                                           intentry     00004
__Lmaintext                                           maintext     00000
__LnvBANK0                                            nvBANK0      00000
__LnvBANK1                                            nvBANK1      00000
__Lpowerup                                            powerup      00000
__Lram                                                ram          00000
__Lreset_vec                                          reset_vec    00000
__Lsfr0                                               sfr0         00000
__Lsfr1                                               sfr1         00000
__Lsfr10                                              sfr10        00000
__Lsfr11                                              sfr11        00000
__Lsfr12                                              sfr12        00000
__Lsfr13                                              sfr13        00000
__Lsfr14                                              sfr14        00000
__Lsfr15                                              sfr15        00000
__Lsfr16                                              sfr16        00000
__Lsfr17                                              sfr17        00000
__Lsfr18                                              sfr18        00000
__Lsfr19                                              sfr19        00000
__Lsfr2                                               sfr2         00000
__Lsfr20                                              sfr20        00000
__Lsfr21                                              sfr21        00000
__Lsfr22                                              sfr22        00000
__Lsfr23                                              sfr23        00000
__Lsfr24                                              sfr24        00000
__Lsfr25                                              sfr25        00000
__Lsfr26                                              sfr26        00000
__Lsfr27                                              sfr27        00000
__Lsfr28                                              sfr28        00000
__Lsfr29                                              sfr29        00000
__Lsfr3                                               sfr3         00000
__Lsfr30                                              sfr30        00000
__Lsfr31                                              sfr31        00000
__Lsfr4                                               sfr4         00000
__Lsfr5                                               sfr5         00000
__Lsfr6                                               sfr6         00000
__Lsfr7                                               sfr7         00000
__Lsfr8                                               sfr8         00000
__Lsfr9                                               sfr9         00000
__Lspace_0                                            (abs)        00000
__Lspace_1                                            (abs)        00000
__Lspace_2                                            (abs)        00000
__Lspace_3                                            (abs)        00000
__Lstack                                              stack        00000
__Lstrings                                            strings      00000
__Lstringtext1                                        stringtext1  00000
__Lstringtext2                                        stringtext2  00000
__Lstringtext3                                        stringtext3  00000
__Ltext                                               text         00000
__S0                                                  (abs)        08009
__S1                                                  (abs)        00160
__S2                                                  (abs)        00000
___bmul                                               text70       00B89
___bmul@multiplicand                                  cstackCOMMON 00071
___bmul@multiplier                                    cstackCOMMON 00074
___bmul@product                                       cstackCOMMON 00073
___int_sp                                             stack        00000
___latbits                                            (abs)        00002
___sp                                                 stack        00000
___stackhi                                            (abs)        021EF
___stacklo                                            (abs)        020E0
__end_ofSensor_Scanfrequency_Evaluation@frequency_hop stringtext1  01045
__end_of_Button_Baseline_Initialize                   text66       00E2D
__end_of_Button_Baseline_Update                       text65       005B3
__end_of_Button_DefaultCallback                       text57       00A6F
__end_of_Button_Deviation_Update                      text71       006C4
__end_of_Button_Reading_Update                        text67       00B3D
__end_of_Button_Reading_Update_Helper                 text68       00F49
__end_of_Button_Service                               text50       00F9E
__end_of_Button_State_Initializing                    text54       01000
__end_of_Button_State_NotPressed                      text53       00357
__end_of_Button_State_Pressed                         text55       007A0
__end_of_Button_Tick_helper                           text21       00DA7
__end_of_EUSART_DefaultErrorHandler                   text78       00A73
__end_of_EUSART_DefaultFramingErrorHandler            text77       00A6D
__end_of_EUSART_DefaultOverrunErrorHandler            text76       00A80
__end_of_EUSART_Initialize                            text12       00E5D
__end_of_EUSART_Receive_ISR                           text75       00E8F
__end_of_EUSART_RxDataHandler                         text79       00C61
__end_of_EUSART_SetErrorHandler                       text16       00A97
__end_of_EUSART_SetFramingErrorHandler                text15       00A9D
__end_of_EUSART_SetOverrunErrorHandler                text14       00AA3
__end_of_EUSART_SetRxInterruptHandler                 text13       00AA9
__end_of_INTERRUPT_InterruptManager                   intentry     00015
__end_of_LED_PROCESS                                  text62       00491
__end_of_MTOUCH_Button_Buttonmask_Get                 text60       00D36
__end_of_MTOUCH_Button_Initialize                     text63       00EC5
__end_of_MTOUCH_Button_InitializeAll                  text10       00CFB
__end_of_MTOUCH_Button_ServiceAll                     text49       00B69
__end_of_MTOUCH_Button_SetNotPressedCallback          text73       00A8B
__end_of_MTOUCH_Button_SetPressedCallback             text72       00A91
__end_of_MTOUCH_Button_Tick                           text20       00C4A
__end_of_MTOUCH_Button_isPressed                      text61       00CC3
__end_of_MTOUCH_Initialize                            text6        00B08
__end_of_MTOUCH_Sensor_Calibrate                      text64       00BAB
__end_of_MTOUCH_Sensor_Enable                         text9        00BBC
__end_of_MTOUCH_Sensor_Initialize                     text8        00C1E
__end_of_MTOUCH_Sensor_InitializeAll                  text7        00B59
__end_of_MTOUCH_Sensor_RawSample_Get                  text69       00C78
__end_of_MTOUCH_Sensor_SampleAll                      text24       00C34
__end_of_MTOUCH_Sensor_Sampled_ResetAll               text22       00BF4
__end_of_MTOUCH_Sensor_Scan_Initialize                text48       00B79
__end_of_MTOUCH_Sensor_isCalibrated                   text52       00C09
__end_of_MTOUCH_Sensor_wasSampled                     text51       00B4B
__end_of_MTOUCH_Service_Mainloop                      text17       00CDF
__end_of_MTOUCH_Tick                                  text19       00A7C
__end_of_MTOUCH_needReburst                           text18       00004
__end_of_OSCILLATOR_Initialize                        text5        00AAF
__end_of_PIN_MANAGER_Initialize                       text4        00D18
__end_of_RELAY_PROCESS                                text59       003F4
__end_of_SYSTEM_Initialize                            text1        00BCE
__end_of_Sensor_Acq_ExecutePacket                     text34       00209
__end_of_Sensor_Acquisition                           text29       007FC
__end_of_Sensor_DefaultCallback                       text28       00A70
__end_of_Sensor_RawSample_Update                      text27       00D80
__end_of_Sensor_Sampled_Reset                         text23       00AD7
__end_of_Sensor_Scanfrequency_Evaluation              text33       0073A
__end_of_Sensor_Service                               text25       00524
__end_of_Sensor_autoCalibration                       text42       0063D
__end_of_Sensor_getScanGroupIndex                     text47       00DFF
__end_of_Sensor_isActive                              text41       00B22
__end_of_Sensor_isCalibrated                          text39       00AF0
__end_of_Sensor_isCalibratingAcqTime                  text46       00ADF
__end_of_Sensor_isEnabled                             text40       00B89
__end_of_Sensor_loadADCSettings                       text38       002B4
__end_of_Sensor_postAcquisitionProcess                text30       00EFC
__end_of_Sensor_setActive                             text32       00AC2
__end_of_Sensor_setCalibratAcqTime                    text45       00B15
__end_of_Sensor_setCalibrated                         text44       00AFC
__end_of_Sensor_setInactive                           text31       00AC9
__end_of_Sensor_setSampled                            text26       00AD0
__end_of_TMR2_Initialize                              text3        00AE7
__end_of_TMR2_LoadPeriodRegister                      text37       00A85
__end_of_TMR2_StartTimer                              text36       00A76
__end_of_TMR2_StopTimer                               text35       00A79
__end_of_WDT_Initialize                               text2        00800
__end_of___bmul                                       text70       00B9A
__end_of__initialization                              cinit        00047
__end_of_abs                                          text43       00C8F
__end_of_main                                         maintext     00CA8
__end_of_memcpy                                       text11       00DD2
__end_of_mtouch_button_init                           stringtext3  01040
__end_of_myButtonPressedCallback                      text56       00BE1
__end_of_myButtonReleasedCallback                     text58       00A6E
__end_of_sensor_scan_group                            stringtext2  01049
__initialization                                      cinit        00017
__pbssBANK0                                           bssBANK0     00049
__pbssBANK1                                           bssBANK1     000C4
__pbssBANK2                                           bssBANK2     00120
__pbssCOMMON                                          bssCOMMON    0007C
__pcstackBANK0                                        cstackBANK0  00020
__pcstackCOMMON                                       cstackCOMMON 00070
__pdataBANK0                                          dataBANK0    0005F
__pdataBANK1                                          dataBANK1    000A0
__pidataBANK0                                         idataBANK0   00B22
__pidataBANK1                                         idataBANK1   00D36
__pintentry                                           intentry     00004
__pmaintext                                           maintext     00C8F
__pnvBANK0                                            nvBANK0      0006C
__pnvBANK1                                            nvBANK1      000CC
__pstringtext1                                        stringtext1  01040
__pstringtext2                                        stringtext2  01045
__pstringtext3                                        stringtext3  01000
__ptext1                                              text1        00BBC
__ptext10                                             text10       00CDF
__ptext11                                             text11       00DA7
__ptext12                                             text12       00E2D
__ptext13                                             text13       00AA3
__ptext14                                             text14       00A9D
__ptext15                                             text15       00A97
__ptext16                                             text16       00A91
__ptext17                                             text17       00CC3
__ptext18                                             text18       00002
__ptext19                                             text19       00A79
__ptext2                                              text2        007FC
__ptext20                                             text20       00C34
__ptext21                                             text21       00D80
__ptext22                                             text22       00BE1
__ptext23                                             text23       00AD0
__ptext24                                             text24       00C1E
__ptext25                                             text25       00491
__ptext26                                             text26       00AC9
__ptext27                                             text27       00D5A
__ptext28                                             text28       00A6F
__ptext29                                             text29       007A0
__ptext3                                              text3        00ADF
__ptext30                                             text30       00EC5
__ptext31                                             text31       00AC2
__ptext32                                             text32       00ABB
__ptext33                                             text33       006C4
__ptext34                                             text34       0004B
__ptext35                                             text35       00A76
__ptext36                                             text36       00A73
__ptext37                                             text37       00A80
__ptext38                                             text38       00209
__ptext39                                             text39       00AE7
__ptext4                                              text4        00CFB
__ptext40                                             text40       00B79
__ptext41                                             text41       00B15
__ptext42                                             text42       005B3
__ptext43                                             text43       00C78
__ptext44                                             text44       00AF0
__ptext45                                             text45       00B08
__ptext46                                             text46       00AD7
__ptext47                                             text47       00DD2
__ptext48                                             text48       00B69
__ptext49                                             text49       00B59
[...]
      Totals:         3       0       0       0       0       0       0       0
Total ram usage:        3 bytes
 Hardware stack levels used:    1
 Hardware stack levels required when called:    6
 This function calls:
		_MTOUCH_Sensor_RawSample_Get
 This function is called by:
		_Button_Reading_Update
 This function uses a non-reentrant model


 *************** function _MTOUCH_Sensor_RawSample_Get *****************
 Defined at:
		line 800 in file "mcc_generated_files/mtouch/mtouch_sensor.c"
 Parameters:    Size  Location     Type
  name            1    wreg     enum E2854
 Auto vars:     Size  Location     Type
  name            1    8[COMMON] enum E2854
 Return value:  Size  Location     Type
                  2    5[COMMON] unsigned short 
 Registers used:
		wreg, fsr1l, fsr1h, status,2, status,0, pclath, cstack
 Tracked objects:
		On entry : 
		On exit  : 
		Unchanged: 
 Data sizes:     COMMON   BANK0   BANK1   BANK2   BANK3   BANK4   BANK5   BANK6
      Params:         2       0       0       0       0       0       0       0
      Locals:         1       0       0       0       0       0       0       0
      Temps:          1       0       0       0       0       0       0       0
      Totals:         4       0       0       0       0       0       0       0
Total ram usage:        4 bytes
 Hardware stack levels used:    1
 Hardware stack levels required when called:    5
 This function calls:
		___bmul
 This function is called by:
		_Button_Reading_Update_Helper
		_Button_Baseline_Initialize
 This function uses a non-reentrant model


 *************** function ___bmul *****************
 Defined at:
		line 4 in file "C:\Program Files (x86)\Microchip\xc8\v2.05\pic\sources\c99\common\Umul8.c"
 Parameters:    Size  Location     Type
  multiplier      1    wreg     unsigned char 
  multiplicand    1    1[COMMON] unsigned char 
 Auto vars:     Size  Location     Type
  multiplier      1    4[COMMON] unsigned char 
  product         1    3[COMMON] unsigned char 
 Return value:  Size  Location     Type
                  1    wreg      unsigned char 
 Registers used:
		wreg, status,2, status,0
 Tracked objects:
		On entry : 
		On exit  : 
		Unchanged: 
 Data sizes:     COMMON   BANK0   BANK1   BANK2   BANK3   BANK4   BANK5   BANK6
      Params:         1       0       0       0       0       0       0       0
      Locals:         2       0       0       0       0       0       0       0
      Temps:          1       0       0       0       0       0       0       0
      Totals:         4       0       0       0       0       0       0       0
Total ram usage:        4 bytes
 Hardware stack levels used:    1
 Hardware stack levels required when called:    4
 This function calls:
		Nothing
 This function is called by:
		_MTOUCH_Sensor_Initialize
		_MTOUCH_Sensor_RawSample_Get
		_MTOUCH_Sensor_Enable
		_MTOUCH_Sensor_Calibrate
		_MTOUCH_Sensor_isCalibrated
		_MTOUCH_Sensor_wasSampled
		_MTOUCH_Sensor_isAnySensorActive
		_MTOUCH_Sensor_Disable
		_MTOUCH_Sensor_isEnabled
		_MTOUCH_Sensor_isActive
		_MTOUCH_Sensor_AdditionalCap_Get
		_MTOUCH_Sensor_AcquisitionTime_Get
		_MTOUCH_Sensor_PreChargeTime_Get
		_MTOUCH_Sensor_Oversampling_Get
		_MTOUCH_Sensor_Oversampling_Set
 This function uses a non-reentrant model


 *************** function _Button_Deviation_Update *****************
 Defined at:
		line 407 in file "mcc_generated_files/mtouch/mtouch_button.c"
 Parameters:    Size  Location     Type
  button          1    wreg     PTR struct .
		 -> mtouch_button(64), 
 Auto vars:     Size  Location     Type
  button          1    0[BANK0 ] PTR struct .
		 -> mtouch_button(64), 
  deviation       4    1[BANK0 ] long 
 Return value:  Size  Location     Type
                  1    wreg      void 
 Registers used:
		wreg, fsr1l, fsr1h, status,2, status,0
 Tracked objects:
		On entry : 
		On exit  : 
		Unchanged: 
 Data sizes:     COMMON   BANK0   BANK1   BANK2   BANK3   BANK4   BANK5   BANK6
      Params:         0       0       0       0       0       0       0       0
      Locals:         0       5       0       0       0       0       0       0
      Temps:         10       0       0       0       0       0       0       0
      Totals:        10       5       0       0       0       0       0       0
Total ram usage:       15 bytes
 Hardware stack levels used:    1
 Hardware stack levels required when called:    4
 This function calls:
		Nothing
 This function is called by:
		_Button_Service
 This function uses a non-reentrant model


 *************** function _MTOUCH_Button_SetPressedCallback *****************
 Defined at:
		line 536 in file "mcc_generated_files/mtouch/mtouch_button.c"
 Parameters:    Size  Location     Type
  callback        2    1[COMMON] PTR FTN(enum E3070,)void
		 -> myButtonPressedCallback(1), 
 Auto vars:     Size  Location     Type
		None
 Return value:  Size  Location     Type
                  1    wreg      void 
 Registers used:
		wreg
 Tracked objects:
		On entry : 
		On exit  : 
		Unchanged: 
 Data sizes:     COMMON   BANK0   BANK1   BANK2   BANK3   BANK4   BANK5   BANK6
      Params:         2       0       0       0       0       0       0       0
      Locals:         0       0       0       0       0       0       0       0
      Temps:          0       0       0       0       0       0       0       0
      Totals:         2       0       0       0       0       0       0       0
Total ram usage:        2 bytes
 Hardware stack levels used:    1
 Hardware stack levels required when called:    4
 This function calls:
		Nothing
 This function is called by:
		_main
 This function uses a non-reentrant model


 *************** function _MTOUCH_Button_SetNotPressedCallback *****************
 Defined at:
		line 540 in file "mcc_generated_files/mtouch/mtouch_button.c"
 Parameters:    Size  Location     Type
  callback        2    1[COMMON] PTR FTN(enum E3070,)void
		 -> myButtonReleasedCallback(1), 
 Auto vars:     Size  Location     Type
		None
 Return value:  Size  Location     Type
                  1    wreg      void 
 Registers used:
		wreg
 Tracked objects:
		On entry : 
		On exit  : 
		Unchanged: 
 Data sizes:     COMMON   BANK0   BANK1   BANK2   BANK3   BANK4   BANK5   BANK6
      Params:         2       0       0       0       0       0       0       0
      Locals:         0       0       0       0       0       0       0       0
      Temps:          0       0       0       0       0       0       0       0
      Totals:         2       0       0       0       0       0       0       0
Total ram usage:        2 bytes
 Hardware stack levels used:    1
 Hardware stack levels required when called:    4
 This function calls:
		Nothing
 This function is called by:
		_main
 This function uses a non-reentrant model


 *************** function _INTERRUPT_InterruptManager *****************
 Defined at:
		line 52 in file "mcc_generated_files/interrupt_manager.c"
 Parameters:    Size  Location     Type
		None
 Auto vars:     Size  Location     Type
		None
 Return value:  Size  Location     Type
                  1    wreg      void 
 Registers used:
		wreg, fsr1l, fsr1h, status,2, status,0, pclath, cstack
 Tracked objects:
		On entry : 
		On exit  : 
		Unchanged: 
 Data sizes:     COMMON   BANK0   BANK1   BANK2   BANK3   BANK4   BANK5   BANK6
      Params:         0       0       0       0       0       0       0       0
      Locals:         0       0       0       0       0       0       0       0
      Temps:          0       0       0       0       0       0       0       0
      Totals:         0       0       0       0       0       0       0       0
Total ram usage:        0 bytes
 Hardware stack levels used:    1
 Hardware stack levels required when called:    3
 This function calls:
		Absolute function
		_EUSART_Receive_ISR
 This function is called by:
		Interrupt level 1
 This function uses a non-reentrant model


 *************** function _EUSART_Receive_ISR *****************
 Defined at:
		line 180 in file "mcc_generated_files/eusart.c"
 Parameters:    Size  Location     Type
		None
 Auto vars:     Size  Location     Type
		None
 Return value:  Size  Location     Type
                  1    wreg      void 
 Registers used:
		wreg, fsr1l, fsr1h, status,2, status,0, pclath, cstack
 Tracked objects:
		On entry : 
		On exit  : 
		Unchanged: 
 Data sizes:     COMMON   BANK0   BANK1   BANK2   BANK3   BANK4   BANK5   BANK6
      Params:         0       0       0       0       0       0       0       0
      Locals:         0       0       0       0       0       0       0       0
      Temps:          0       0       0       0       0       0       0       0
      Totals:         0       0       0       0       0       0       0       0
Total ram usage:        0 bytes
 Hardware stack levels used:    1
 Hardware stack levels required when called:    2
 This function calls:
		Absolute function
		_EUSART_DefaultErrorHandler
		_EUSART_DefaultFramingErrorHandler
		_EUSART_DefaultOverrunErrorHandler
		_EUSART_RxDataHandler
 This function is called by:
		_EUSART_Initialize
		_INTERRUPT_InterruptManager
 This function uses a non-reentrant model


 *************** function _EUSART_DefaultOverrunErrorHandler *****************
 Defined at:
		line 216 in file "mcc_generated_files/eusart.c"
 Parameters:    Size  Location     Type
		None
 Auto vars:     Size  Location     Type
		None
 Return value:  Size  Location     Type
                  1    wreg      void 
 Registers used:
		None
 Tracked objects:
		On entry : 
		On exit  : 
		Unchanged: 
 Data sizes:     COMMON   BANK0   BANK1   BANK2   BANK3   BANK4   BANK5   BANK6
      Params:         0       0       0       0       0       0       0       0
      Locals:         0       0       0       0       0       0       0       0
      Temps:          0       0       0       0       0       0       0       0
      Totals:         0       0       0       0       0       0       0       0
Total ram usage:        0 bytes
 Hardware stack levels used:    1
 This function calls:
		Nothing
 This function is called by:
		_EUSART_Initialize
		_EUSART_Receive_ISR
 This function uses a non-reentrant model


 *************** function _EUSART_DefaultFramingErrorHandler *****************
 Defined at:
		line 214 in file "mcc_generated_files/eusart.c"
 Parameters:    Size  Location     Type
		None
 Auto vars:     Size  Location     Type
		None
 Return value:  Size  Location     Type
                  1    wreg      void 
 Registers used:
		None
 Tracked objects:
		On entry : 
		On exit  : 
		Unchanged: 
 Data sizes:     COMMON   BANK0   BANK1   BANK2   BANK3   BANK4   BANK5   BANK6
      Params:         0       0       0       0       0       0       0       0
      Locals:         0       0       0       0       0       0       0       0
      Temps:          0       0       0       0       0       0       0       0
      Totals:         0       0       0       0       0       0       0       0
Total ram usage:        0 bytes
 Hardware stack levels used:    1
 This function calls:
		Nothing
 This function is called by:
		_EUSART_Initialize
		_EUSART_Receive_ISR
 This function uses a non-reentrant model


 *************** function _EUSART_DefaultErrorHandler *****************
 Defined at:
		line 224 in file "mcc_generated_files/eusart.c"
 Parameters:    Size  Location     Type
		None
 Auto vars:     Size  Location     Type
		None
 Return value:  Size  Location     Type
                  1    wreg      void 
 Registers used:
		wreg, fsr1l, fsr1h, status,2, status,0, pclath, cstack
 Tracked objects:
		On entry : 
		On exit  : 
		Unchanged: 
 Data sizes:     COMMON   BANK0   BANK1   BANK2   BANK3   BANK4   BANK5   BANK6
      Params:         0       0       0       0       0       0       0       0
      Locals:         0       0       0       0       0       0       0       0
      Temps:          0       0       0       0       0       0       0       0
      Totals:         0       0       0       0       0       0       0       0
Total ram usage:        0 bytes
 Hardware stack levels used:    1
 Hardware stack levels required when called:    1
 This function calls:
		_EUSART_RxDataHandler
 This function is called by:
		_EUSART_Initialize
		_EUSART_Receive_ISR
 This function uses a non-reentrant model


 *************** function _EUSART_RxDataHandler *****************
 Defined at:
		line 204 in file "mcc_generated_files/eusart.c"
 Parameters:    Size  Location     Type
		None
 Auto vars:     Size  Location     Type
		None
 Return value:  Size  Location     Type
                  1    wreg      void 
 Registers used:
		wreg, fsr1l, fsr1h, status,2, status,0
 Tracked objects:
		On entry : 
		On exit  : 
		Unchanged: 
 Data sizes:     COMMON   BANK0   BANK1   BANK2   BANK3   BANK4   BANK5   BANK6
      Params:         0       0       0       0       0       0       0       0
      Locals:         0       0       0       0       0       0       0       0
      Temps:          1       0       0       0       0       0       0       0
      Totals:         1       0       0       0       0       0       0       0
Total ram usage:        1 bytes
 Hardware stack levels used:    1
 This function calls:
		Nothing
 This function is called by:
		_EUSART_Receive_ISR
		_EUSART_DefaultErrorHandler
 This function uses a non-reentrant model



MODULE INFORMATION

Module		Function		Class		Link	Load	Size
mcc_generated_files/mtouch/mtouch_button.c
		_Button_Deviation_Update		CODE           	063D	0000	136
		_MTOUCH_Button_SetNotPressedCallback		CODE           	0A85	0000	7
		_MTOUCH_Button_isPressed		CODE           	0CA8	0000	28
		_MTOUCH_Button_Initialize		CODE           	0E8F	0000	55
		_Button_Tick_helper		CODE           	0D80	0000	40
		_MTOUCH_Button_InitializeAll		CODE           	0CDF	0000	29
		_Button_Baseline_Update		CODE           	0524	0000	144
		_Button_State_Pressed		CODE           	073A	0000	103
		_Button_Reading_Update		CODE           	0B2F	0000	15
		_MTOUCH_Button_Buttonmask_Get		CODE           	0D18	0000	31
		_Button_DefaultCallback		CODE           	0A6E	0000	2
		_MTOUCH_Button_Tick		CODE           	0C34	0000	23
		_Button_State_NotPressed		CODE           	02B4	0000	164
		_MTOUCH_Button_SetPressedCallback		CODE           	0A8B	0000	7
		_Button_Reading_Update_Helper		CODE           	0EFC	0000	78
		_Button_Service		CODE           	0F49	0000	86
		_Button_State_Initializing		CODE           	0F9E	0000	99
		_MTOUCH_Button_ServiceAll		CODE           	0B59	0000	17
		_Button_Baseline_Initialize		CODE           	0DFF	0000	47

mcc_generated_files/mtouch/mtouch_button.c estimated size: 1111

relay.c
		_RELAY_PROCESS 		CODE           	0357	0000	158

relay.c estimated size: 158

mcc_generated_files/tmr2.c
		_TMR2_LoadPeriodRegister		CODE           	0A80	0000	6
		_TMR2_Initialize		CODE           	0ADF	0000	9
		_TMR2_StopTimer		CODE           	0A76	0000	4
		_TMR2_StartTimer		CODE           	0A73	0000	4

mcc_generated_files/tmr2.c estimated size: 23

mcc_generated_files/interrupt_manager.c
		_INTERRUPT_InterruptManager		CODE           	0004	0000	18

mcc_generated_files/interrupt_manager.c estimated size: 18

mcc_generated_files/mtouch/mtouch.c
		_MTOUCH_Tick   		CODE           	0A79	0000	4
		_MTOUCH_Initialize		CODE           	0AFC	0000	13
		_MTOUCH_Service_Mainloop		CODE           	0CC3	0000	29
		_MTOUCH_needReburst		CODE           	0002	0000	3

mcc_generated_files/mtouch/mtouch.c estimated size: 49

mcc_generated_files/pin_manager.c
		_PIN_MANAGER_Initialize		CODE           	0CFB	0000	30

mcc_generated_files/pin_manager.c estimated size: 30

C:\Program Files (x86)\Microchip\xc8\v2.05\pic\sources\c99\common\Umul8.c
		___bmul        		CODE           	0B89	0000	18

C:\Program Files (x86)\Microchip\xc8\v2.05\pic\sources\c99\common\Umul8.c estimated size: 18

shared
		Sensor_Scanfrequency_Evaluation@frequency_hop		STRCODE        	1040	0000	6
		_sensor_scan_group		STRCODE        	1045	0000	5
		__initialization		CODE           	0017	0000	49
		_mtouch_button_init		STRCODE        	1000	0000	65

shared estimated size: 125

mcc_generated_files/mcc.c
		_WDT_Initialize		CODE           	07FC	0000	5
		_OSCILLATOR_Initialize		CODE           	0AA9	0000	7
		_SYSTEM_Initialize		CODE           	0BBC	0000	19

mcc_generated_files/mcc.c estimated size: 31

C:\Program Files (x86)\Microchip\xc8\v2.05\pic\sources\c99\common\abs.c
		_abs           		CODE           	0C78	0000	24

C:\Program Files (x86)\Microchip\xc8\v2.05\pic\sources\c99\common\abs.c estimated size: 24

mcc_generated_files/eusart.c
		_EUSART_SetRxInterruptHandler		CODE           	0AA3	0000	7
		_EUSART_DefaultOverrunErrorHandler		CODE           	0A7C	0000	5
		_EUSART_DefaultErrorHandler		CODE           	0A70	0000	4
		_EUSART_Initialize		CODE           	0E2D	0000	49
		_EUSART_SetFramingErrorHandler		CODE           	0A97	0000	7
		_EUSART_SetErrorHandler		CODE           	0A91	0000	7
		_EUSART_SetOverrunErrorHandler		CODE           	0A9D	0000	7
		_EUSART_Receive_ISR		CODE           	0E5D	0000	51
		_EUSART_RxDataHandler		CODE           	0C4A	0000	24
		_EUSART_DefaultFramingErrorHandler		CODE           	0A6C	0000	2

mcc_generated_files/eusart.c estimated size: 163

C:\Program Files (x86)\Microchip\xc8\v2.05\pic\sources\c99\common\memcpy.c
		_memcpy        		CODE           	0DA7	0000	44

C:\Program Files (x86)\Microchip\xc8\v2.05\pic\sources\c99\common\memcpy.c estimated size: 44

main.c
		_myButtonReleasedCallback		CODE           	0A6D	0000	2
		_main          		CODE           	0C8F	0000	26
		_myButtonPressedCallback		CODE           	0BCE	0000	20

main.c estimated size: 48

mcc_generated_files/mtouch/mtouch_sensor.c
		_Sensor_setCalibrated		CODE           	0AF0	0000	13
		_Sensor_Acq_ExecutePacket		CODE           	004B	0000	447
		_Sensor_getScanGroupIndex		CODE           	0DD2	0000	46
		_Sensor_Acquisition		CODE           	07A0	0000	93
		_Sensor_postAcquisitionProcess		CODE           	0EC5	0000	56
		_Sensor_isCalibrated		CODE           	0AE7	0000	10
		_MTOUCH_Sensor_Initialize		CODE           	0C09	0000	22
		_Sensor_Sampled_Reset		CODE           	0AD0	0000	8
		_MTOUCH_Sensor_InitializeAll		CODE           	0B4B	0000	15
		_Sensor_DefaultCallback		CODE           	0A6F	0000	2
		_Sensor_loadADCSettings		CODE           	0209	0000	172
		_Sensor_isEnabled		CODE           	0B79	0000	17
		_MTOUCH_Sensor_isCalibrated		CODE           	0BF4	0000	22
		_MTOUCH_Sensor_Calibrate		CODE           	0B9A	0000	18
		_MTOUCH_Sensor_Sampled_ResetAll		CODE           	0BE1	0000	20
		_Sensor_setActive		CODE           	0ABB	0000	8
		_Sensor_Scanfrequency_Evaluation		CODE           	06C4	0000	119
		_MTOUCH_Sensor_Enable		CODE           	0BAB	0000	18
		_Sensor_setSampled		CODE           	0AC9	0000	8
		_Sensor_isCalibratingAcqTime		CODE           	0AD7	0000	9
		_MTOUCH_Sensor_RawSample_Get		CODE           	0C61	0000	24
		_MTOUCH_Sensor_SampleAll		CODE           	0C1E	0000	23
		_MTOUCH_Sensor_wasSampled		CODE           	0B3D	0000	15
		_Sensor_Service		CODE           	0491	0000	148
		_Sensor_autoCalibration		CODE           	05B3	0000	139
		_MTOUCH_Sensor_Scan_Initialize		CODE           	0B69	0000	17
		_Sensor_RawSample_Update		CODE           	0D5A	0000	39
		_Sensor_isActive		CODE           	0B15	0000	14
		_Sensor_setCalibratAcqTime		CODE           	0B08	0000	14
		_Sensor_setInactive		CODE           	0AC2	0000	8

mcc_generated_files/mtouch/mtouch_sensor.c estimated size: 1564

led.c
		_LED_PROCESS   		CODE           	03F4	0000	158

led.c estimated size: 158

